 nodeprime

 Timestamp is 5a954e86 (Tue Feb 27 12:26:46 2018)

 Preferred load address is 0000000180000000

 Start         Length     Name                   Class
 0001:00000000 000191a0H .text$mn                CODE
 0001:000191a0 00000020H .text$mn$00             CODE
 0001:000191c0 00000270H .text$x                 CODE
 0002:00000000 00000248H .idata$5                DATA
 0002:00000248 00000010H .00cfg                  DATA
 0002:00000258 00000008H .CRT$XCA                DATA
 0002:00000260 00000008H .CRT$XCU                DATA
 0002:00000268 00000008H .CRT$XCZ                DATA
 0002:00000270 00000008H .CRT$XIA                DATA
 0002:00000278 00000018H .CRT$XIC                DATA
 0002:00000290 00000008H .CRT$XIZ                DATA
 0002:00000298 00000008H .CRT$XPA                DATA
 0002:000002a0 00000010H .CRT$XPX                DATA
 0002:000002b0 00000008H .CRT$XPXA               DATA
 0002:000002b8 00000008H .CRT$XPZ                DATA
 0002:000002c0 00000008H .CRT$XTA                DATA
 0002:000002c8 00000008H .CRT$XTZ                DATA
 0002:000002d0 00009258H .rdata                  DATA
 0002:00009528 0000037cH .rdata$r                DATA
 0002:000098a4 000003fcH .rdata$zzzdbg           DATA
 0002:00009ca0 00000008H .rtc$IAA                DATA
 0002:00009ca8 00000008H .rtc$IZZ                DATA
 0002:00009cb0 00000008H .rtc$TAA                DATA
 0002:00009cb8 00000008H .rtc$TZZ                DATA
 0002:00009cc0 00001048H .xdata                  DATA
 0002:0000ad08 000001dcH .xdata$x                DATA
 0002:0000aee4 00000020H .didat$2                DATA
 0002:0000af04 00000024H .didat$3                DATA
 0002:0000af28 00000118H .didat$4                DATA
 0002:0000b040 00000940H .didat$6                DATA
 0002:0000b980 00000120H .didat$7                DATA
 0002:0000baa0 00000054H .edata                  DATA
 0002:0000baf4 00000014H .idata$2                DATA
 0002:0000bb08 00000018H .idata$3                DATA
 0002:0000bb20 00000248H .idata$4                DATA
 0002:0000bd68 0000054eH .idata$6                DATA
 0003:00000000 00000980H .data                   DATA
 0003:00000980 00000160H .data$r                 DATA
 0003:00000ae0 00000120H .didat$5                DATA
 0003:00000c00 00001208H .bss                    DATA
 0004:00000000 000014dcH .pdata                  DATA
 0005:00000000 00000080H .gfids$x                DATA
 0005:00000080 00000048H .gfids$y                DATA
 0006:00000000 00000060H .rsrc$01                DATA
 0006:00000060 00000180H .rsrc$02                DATA

  Address         Publics by Value              Rva+Base               Lib:Object

 0000:00000000       __guard_iat_count          0000000000000000     <absolute>
 0000:00000000       __dynamic_value_reloc_table 0000000000000000     <absolute>
 0000:00000000       __guard_iat_table          0000000000000000     <absolute>
 0000:00000000       __guard_longjmp_table      0000000000000000     <absolute>
 0000:00000000       __guard_longjmp_count      0000000000000000     <absolute>
 0000:00000000       __guard_fids_count         0000000000000000     <absolute>
 0000:00000000       ___safe_se_handler_table   0000000000000000     <absolute>
 0000:00000000       ___safe_se_handler_count   0000000000000000     <absolute>
 0000:00000000       __guard_fids_table         0000000000000000     <absolute>
 0000:00000100       __guard_flags              0000000000000100     <absolute>
 0000:00000000       __ImageBase                0000000180000000     <linker-defined>
 0001:00000000       __local_stdio_printf_options 0000000180001000 f i prime_sieve.obj
 0001:00000010       __local_stdio_scanf_options 0000000180001010 f i prime_sieve.obj
 0001:00000020       fprintf                    0000000180001020 f i prime_sieve.obj
 0001:00000070       sprintf                    0000000180001070 f i prime_sieve.obj
 0001:000000d0       sscanf                     00000001800010d0 f i prime_sieve.obj
 0001:00000120       do_primesieve              0000000180001120 f   prime_sieve.obj
 0001:00001cd0       ?New@?$Factory@VFunctionTemplate@v8@@@imp@Nan@@SA?AV?$Local@VFunctionTemplate@v8@@@v8@@P6AXAEBV?$FunctionCallbackInfo@VValue@v8@@@3@@ZV?$Local@VValue@v8@@@5@V?$Local@VSignature@v8@@@5@@Z 0000000180002cd0 f i addon.obj
 0001:00001e50       ?Call@Callback@Nan@@QEBA?AV?$MaybeLocal@VValue@v8@@@v8@@HQEAV?$Local@VValue@v8@@@4@PEAVAsyncResource@2@@Z 0000000180002e50 f i addon.obj
 0001:00001f50       ??0AsyncWorker@Nan@@QEAA@PEAVCallback@1@PEBD@Z 0000000180002f50 f i addon.obj
 0001:00002020       ??1AsyncWorker@Nan@@UEAA@XZ 0000000180003020 f i addon.obj
 0001:000020e0       ?WorkComplete@AsyncWorker@Nan@@UEAAXXZ 00000001800030e0 f i addon.obj
 0001:00002170       ?Destroy@AsyncWorker@Nan@@UEAAXXZ 0000000180003170 f i addon.obj
 0001:00002190       ?HandleOKCallback@AsyncWorker@Nan@@MEAAXXZ 0000000180003190 f i addon.obj
 0001:000021e0       ?HandleErrorCallback@AsyncWorker@Nan@@MEAAXXZ 00000001800031e0 f i addon.obj
 0001:00002350       ??_EAsyncWorker@Nan@@UEAAPEAXI@Z 0000000180003350 f i * CIL library *:* CIL module *
 0001:00002350       ??_GAsyncWorker@Nan@@UEAAPEAXI@Z 0000000180003350 f i addon.obj
 0001:00002390       ?AsyncExecute@Nan@@YAXPEAUuv_work_s@@@Z 0000000180003390 f i addon.obj
 0001:000023a0       ?AsyncExecuteComplete@Nan@@YAXPEAUuv_work_s@@@Z 00000001800033a0 f i addon.obj
 0001:000023e0       ?Execute@PrimeWorker@@UEAAXXZ 00000001800033e0 f i addon.obj
 0001:00002520       ?HandleOKCallback@PrimeWorker@@UEAAXXZ 0000000180003520 f i addon.obj
 0001:000026a0       ??_EPrimeWorker@@UEAAPEAXI@Z 00000001800036a0 f i * CIL library *:* CIL module *
 0001:000026a0       ??_GPrimeWorker@@UEAAPEAXI@Z 00000001800036a0 f i addon.obj
 0001:000026f0       ?CalculatePrimes@@YAXAEBV?$FunctionCallbackInfo@VValue@v8@@@Nan@@@Z 00000001800036f0 f   addon.obj
 0001:00002830       ?Init@@YAXV?$Local@VObject@v8@@@v8@@@Z 0000000180003830 f   addon.obj
 0001:00002970       ?push_back@?$vector@HV?$allocator@H@std@@@std@@QEAAXAEBH@Z 0000000180003970 f i addon.obj
 0001:00002a00       ??4?$function@$$A6AXPEAX@Z@std@@QEAAAEAV01@AEBV01@@Z 0000000180003a00 f i addon.obj
 0001:00002ad0       ?_Tidy@?$vector@HV?$allocator@H@std@@@std@@IEAAXXZ 0000000180003ad0 f i addon.obj
 0001:00002b70       ?_Reserve@?$vector@HV?$allocator@H@std@@@std@@IEAAX_K@Z 0000000180003b70 f i addon.obj
 0001:00002c00       ?_Reallocate@?$vector@HV?$allocator@H@std@@@std@@IEAAX_K@Z 0000000180003c00 f i addon.obj
 0001:00002d40       ?_Swap@?$_Func_class@XPEAX@std@@IEAAXAEAV12@@Z 0000000180003d40 f i addon.obj
 0001:00002eb0       ?_Tidy@?$_Func_class@XPEAX@std@@IEAAXXZ 0000000180003eb0 f i addon.obj
 0001:00002f10       ?_Reset_move@?$_Func_class@XPEAX@std@@IEAAX$$QEAV12@@Z 0000000180003f10 f i addon.obj
 0001:00002fa0       ??$_For_each_unchecked@PEAHV<lambda_ad47eef9b7f46611aa2d7ed5c16a30e2>@@@std@@YAXPEAH0AEAV<lambda_ad47eef9b7f46611aa2d7ed5c16a30e2>@@@Z 0000000180003fa0 f i addon.obj
 0001:000030c0       ?_Delete_this@?$_Func_impl@V<lambda_e9d2cf1b4661e5ef53291642408df378>@@V?$allocator@H@std@@XPEAX@std@@EEAAX_N@Z 00000001800040c0 f i addon.obj
 0001:000030e0       ?_Get@?$_Func_impl@V<lambda_e9d2cf1b4661e5ef53291642408df378>@@V?$allocator@H@std@@XPEAX@std@@EEBAPEBXXZ 00000001800040e0 f i addon.obj
 0001:000030f0       ?_Target_type@?$_Func_impl@V<lambda_e9d2cf1b4661e5ef53291642408df378>@@V?$allocator@H@std@@XPEAX@std@@EEBAAEBVtype_info@@XZ 00000001800040f0 f i addon.obj
 0001:00003100       ?_Do_call@?$_Func_impl@V<lambda_e9d2cf1b4661e5ef53291642408df378>@@V?$allocator@H@std@@XPEAX@std@@EEAAX$$QEAPEAX@Z 0000000180004100 f i addon.obj
 0001:00003120       ?_Move@?$_Func_impl@V<lambda_e9d2cf1b4661e5ef53291642408df378>@@V?$allocator@H@std@@XPEAX@std@@EEAAPEAV?$_Func_base@XPEAX@2@PEAX@Z 0000000180004120 f i addon.obj
 0001:00003120       ?_Copy@?$_Func_impl@V<lambda_e9d2cf1b4661e5ef53291642408df378>@@V?$allocator@H@std@@XPEAX@std@@EEBAPEAV?$_Func_base@XPEAX@2@PEAX@Z 0000000180004120 f i addon.obj
 0001:0000318c       __imp_load_uv_queue_work   000000018000418c f   node:node.exe
 0001:00003198       __tailMerge_node_exe       0000000180004198 f i node:node.exe
 0001:00003211       __imp_load_?Global@Context@v8@@QEAA?AV?$Local@VObject@v8@@@2@XZ 0000000180004211 f   node:node.exe
 0001:0000321d       __imp_load_?Value@External@v8@@QEBAPEAXXZ 000000018000421d f   node:node.exe
 0001:00003229       __imp_load_?New@External@v8@@SA?AV?$Local@VExternal@v8@@@2@PEAVIsolate@2@PEAX@Z 0000000180004229 f   node:node.exe
 0001:00003235       __imp_load_?GetCurrentContext@Isolate@v8@@QEAA?AV?$Local@VContext@v8@@@2@XZ 0000000180004235 f   node:node.exe
 0001:00003241       __imp_load_?GetCurrent@Isolate@v8@@SAPEAV12@XZ 0000000180004241 f   node:node.exe
 0001:0000324d       __imp_load_?CreateHandle@HandleScope@v8@@KAPEAPEAVObject@internal@2@PEAVIsolate@42@PEAV342@@Z 000000018000424d f   node:node.exe
 0001:00003259       __imp_load_?CreateHandle@HandleScope@v8@@CAPEAPEAVObject@internal@2@PEAVHeapObject@42@PEAV342@@Z 0000000180004259 f   node:node.exe
 0001:00003265       __imp_load_??1HandleScope@v8@@QEAA@XZ 0000000180004265 f   node:node.exe
 0001:00003271       __imp_load_??0HandleScope@v8@@QEAA@PEAVIsolate@1@@Z 0000000180004271 f   node:node.exe
 0001:0000327d       __imp_load_?Error@Exception@v8@@SA?AV?$Local@VValue@v8@@@2@V?$Local@VString@v8@@@2@@Z 000000018000427d f   node:node.exe
 0001:00003289       __imp_load_?New@Array@v8@@SA?AV?$Local@VArray@v8@@@2@PEAVIsolate@2@H@Z 0000000180004289 f   node:node.exe
 0001:00003295       __imp_load_?GetFunction@FunctionTemplate@v8@@QEAA?AV?$MaybeLocal@VFunction@v8@@@2@V?$Local@VContext@v8@@@2@@Z 0000000180004295 f   node:node.exe
 0001:000032a1       __imp_load_?New@FunctionTemplate@v8@@SA?AV?$Local@VFunctionTemplate@v8@@@2@PEAVIsolate@2@P6AXAEBV?$FunctionCallbackInfo@VValue@v8@@@2@@ZV?$Local@VValue@v8@@@2@V?$Local@VSignature@v8@@@2@HW4ConstructorBehavior@2@@Z 00000001800042a1 f   node:node.exe
 0001:000032ad       __imp_load_?ToLocalEmpty@V8@v8@@CAXXZ 00000001800042ad f   node:node.exe
 0001:000032b9       __imp_load_?FromJustIsNothing@V8@v8@@CAXXZ 00000001800042b9 f   node:node.exe
 0001:000032c5       __imp_load_?DisposeGlobal@V8@v8@@CAXPEAPEAVObject@internal@2@@Z 00000001800042c5 f   node:node.exe
 0001:000032d1       __imp_load_?GlobalizeReference@V8@v8@@CAPEAPEAVObject@internal@2@PEAVIsolate@42@PEAPEAV342@@Z 00000001800042d1 f   node:node.exe
 0001:000032dd       __imp_load_?Int32Value@Value@v8@@QEBA?AV?$Maybe@H@2@V?$Local@VContext@v8@@@2@@Z 00000001800042dd f   node:node.exe
 0001:000032e9       __imp_load_?Escape@EscapableHandleScope@v8@@AEAAPEAPEAVObject@internal@2@PEAPEAV342@@Z 00000001800042e9 f   node:node.exe
 0001:000032f5       __imp_load_??0EscapableHandleScope@v8@@QEAA@PEAVIsolate@1@@Z 00000001800042f5 f   node:node.exe
 0001:00003301       __imp_load_?NewFromUtf8@String@v8@@SA?AV?$MaybeLocal@VString@v8@@@2@PEAVIsolate@2@PEBDW4NewStringType@2@H@Z 0000000180004301 f   node:node.exe
 0001:0000330d       __imp_load_?New@Number@v8@@SA?AV?$Local@VNumber@v8@@@2@PEAVIsolate@2@N@Z 000000018000430d f   node:node.exe
 0001:00003319       __imp_load_?SlowGetInternalField@Object@v8@@AEAA?AV?$Local@VValue@v8@@@2@H@Z 0000000180004319 f   node:node.exe
 0001:00003325       __imp_load_?New@Object@v8@@SA?AV?$Local@VObject@v8@@@2@PEAVIsolate@2@@Z 0000000180004325 f   node:node.exe
 0001:00003331       __imp_load_?SetInternalField@Object@v8@@QEAAXHV?$Local@VValue@v8@@@2@@Z 0000000180004331 f   node:node.exe
 0001:0000333d       __imp_load_?Set@Object@v8@@QEAA?AV?$Maybe@_N@2@V?$Local@VContext@v8@@@2@V?$Local@VValue@v8@@@2@1@Z 000000018000433d f   node:node.exe
 0001:00003349       __imp_load_?Set@Object@v8@@QEAA?AV?$Maybe@_N@2@V?$Local@VContext@v8@@@2@IV?$Local@VValue@v8@@@2@@Z 0000000180004349 f   node:node.exe
 0001:00003355       __imp_load_?SetInternalFieldCount@ObjectTemplate@v8@@QEAAXH@Z 0000000180004355 f   node:node.exe
 0001:00003361       __imp_load_?NewInstance@ObjectTemplate@v8@@QEAA?AV?$MaybeLocal@VObject@v8@@@2@V?$Local@VContext@v8@@@2@@Z 0000000180004361 f   node:node.exe
 0001:0000336d       __imp_load_?New@ObjectTemplate@v8@@SA?AV?$Local@VObjectTemplate@v8@@@2@PEAVIsolate@2@V?$Local@VFunctionTemplate@v8@@@2@@Z 000000018000436d f   node:node.exe
 0001:00003379       __imp_load_node_module_register 0000000180004379 f   node:node.exe
 0001:00003385       __imp_load_?MakeCallback@node@@YA?AV?$Local@VValue@v8@@@v8@@PEAVIsolate@3@V?$Local@VObject@v8@@@3@V?$Local@VFunction@v8@@@3@HPEAV23@@Z 0000000180004385 f   node:node.exe
 0001:00003391       __imp_load_uv_default_loop 0000000180004391 f   node:node.exe
 0001:000033b0       __security_check_cookie    00000001800043b0 f   LIBCMT:_amdsecgs_.obj
 0001:000033d4       ??3@YAXPEAX_K@Z            00000001800043d4 f   LIBCMT:delete_scalar_size.obj
 0001:000033d4       ??_V@YAXPEAX@Z             00000001800043d4 f   LIBCMT:delete_array.obj
 0001:000033dc       ??2@YAPEAX_K@Z             00000001800043dc f   LIBCMT:new_scalar.obj
 0001:00003418       ??3@YAXPEAX@Z              0000000180004418 f   LIBCMT:delete_scalar.obj
 0001:00003420       ??_Etype_info@@UEAAPEAXI@Z 0000000180004420 f i LIBCMT:std_type_info_static.obj
 0001:00003420       ??_Gtype_info@@UEAAPEAXI@Z 0000000180004420 f i LIBCMT:std_type_info_static.obj
 0001:00003798       _DllMainCRTStartup         0000000180004798 f   LIBCMT:dll_dllmain.obj
 0001:000037d8       __raise_securityfailure    00000001800047d8 f   LIBCMT:gs_report.obj
 0001:0000380c       __report_gsfailure         000000018000480c f   LIBCMT:gs_report.obj
 0001:000038e0       __report_rangecheckfailure 00000001800048e0 f   LIBCMT:gs_report.obj
 0001:000038f4       __report_securityfailure   00000001800048f4 f   LIBCMT:gs_report.obj
 0001:00003a74       ??0bad_alloc@std@@QEAA@AEBV01@@Z 0000000180004a74 f i LIBCMT:throw_bad_alloc.obj
 0001:00003ab4       ??0bad_alloc@std@@QEAA@XZ  0000000180004ab4 f i LIBCMT:throw_bad_alloc.obj
 0001:00003ad4       ??0bad_array_new_length@std@@QEAA@AEBV01@@Z 0000000180004ad4 f i LIBCMT:throw_bad_alloc.obj
 0001:00003b14       ??0bad_array_new_length@std@@QEAA@XZ 0000000180004b14 f i LIBCMT:throw_bad_alloc.obj
 0001:00003b34       ??0exception@std@@QEAA@AEBV01@@Z 0000000180004b34 f i LIBCMT:throw_bad_alloc.obj
 0001:00003b6c       ??_Eexception@std@@UEAAPEAXI@Z 0000000180004b6c f i LIBCMT:throw_bad_alloc.obj
 0001:00003b6c       ??_Gbad_function_call@std@@UEAAPEAXI@Z 0000000180004b6c f i libcpmt:xthrow.obj
 0001:00003b6c       ??_Glogic_error@std@@UEAAPEAXI@Z 0000000180004b6c f i libcpmt:xthrow.obj
 0001:00003b6c       ??_Elength_error@std@@UEAAPEAXI@Z 0000000180004b6c f i libcpmt:xthrow.obj
 0001:00003b6c       ??_Gbad_alloc@std@@UEAAPEAXI@Z 0000000180004b6c f i LIBCMT:throw_bad_alloc.obj
 0001:00003b6c       ??_Gbad_array_new_length@std@@UEAAPEAXI@Z 0000000180004b6c f i LIBCMT:throw_bad_alloc.obj
 0001:00003b6c       ??_Ebad_function_call@std@@UEAAPEAXI@Z 0000000180004b6c f i libcpmt:xthrow.obj
 0001:00003b6c       ??_Ebad_array_new_length@std@@UEAAPEAXI@Z 0000000180004b6c f i LIBCMT:throw_bad_alloc.obj
 0001:00003b6c       ??_Elogic_error@std@@UEAAPEAXI@Z 0000000180004b6c f i libcpmt:xthrow.obj
 0001:00003b6c       ??_Gexception@std@@UEAAPEAXI@Z 0000000180004b6c f i LIBCMT:throw_bad_alloc.obj
 0001:00003b6c       ??_Glength_error@std@@UEAAPEAXI@Z 0000000180004b6c f i libcpmt:xthrow.obj
 0001:00003b6c       ??_Ebad_alloc@std@@UEAAPEAXI@Z 0000000180004b6c f i LIBCMT:throw_bad_alloc.obj
 0001:00003bb0       ?__scrt_throw_std_bad_array_new_length@@YAXXZ 0000000180004bb0 f   LIBCMT:throw_bad_alloc.obj
 0001:00003bd0       ?what@exception@std@@UEBAPEBDXZ 0000000180004bd0 f i LIBCMT:throw_bad_alloc.obj
 0001:00003be4       __scrt_acquire_startup_lock 0000000180004be4 f   LIBCMT:utility.obj
 0001:00003c20       __scrt_dllmain_after_initialize_c 0000000180004c20 f   LIBCMT:utility.obj
 0001:00003c54       __scrt_dllmain_before_initialize_c 0000000180004c54 f   LIBCMT:utility.obj
 0001:00003c6c       __scrt_dllmain_crt_thread_attach 0000000180004c6c f   LIBCMT:utility.obj
 0001:00003c94       __scrt_dllmain_crt_thread_detach 0000000180004c94 f   LIBCMT:utility.obj
 0001:00003cac       __scrt_dllmain_exception_filter 0000000180004cac f   LIBCMT:utility.obj
 0001:00003d10       __scrt_dllmain_uninitialize_c 0000000180004d10 f   LIBCMT:utility.obj
 0001:00003d40       __scrt_dllmain_uninitialize_critical 0000000180004d40 f   LIBCMT:utility.obj
 0001:00003d54       __scrt_initialize_crt      0000000180004d54 f   LIBCMT:utility.obj
 0001:00003da0       __scrt_initialize_onexit_tables 0000000180004da0 f   LIBCMT:utility.obj
 0001:00003e6c       __scrt_is_nonwritable_in_current_image 0000000180004e6c f   LIBCMT:utility.obj
 0001:00003f08       __scrt_release_startup_lock 0000000180004f08 f   LIBCMT:utility.obj
 0001:00003f2c       __scrt_uninitialize_crt    0000000180004f2c f   LIBCMT:utility.obj
 0001:00003f58       _onexit                    0000000180004f58 f   LIBCMT:utility.obj
 0001:00003fa8       atexit                     0000000180004fa8 f   LIBCMT:utility.obj
 0001:00003fc0       __security_init_cookie     0000000180004fc0 f   LIBCMT:gs_support.obj
 0001:0000406c       DllMain                    000000018000506c f   LIBCMT:dll_dllmain_stub.obj
 0001:0000406c       _get_startup_argv_mode     000000018000506c f   LIBCMT:argv_mode.obj
 0001:00004074       ?__scrt_initialize_type_info@@YAXXZ 0000000180005074 f   LIBCMT:tncleanup.obj
 0001:00004084       ?__scrt_uninitialize_type_info@@YAXXZ 0000000180005084 f   LIBCMT:tncleanup.obj
 0001:00004090       __scrt_initialize_default_local_stdio_options 0000000180005090 f   LIBCMT:default_local_stdio_options.obj
 0001:000040ac       __scrt_get_dyn_tls_init_callback 00000001800050ac f   LIBCMT:dyn_tls_init.obj
 0001:000040b4       __crt_debugger_hook        00000001800050b4 f   LIBCMT:utility_desktop.obj
 0001:000040bc       __scrt_fastfail            00000001800050bc f   LIBCMT:utility_desktop.obj
 0001:00004204       _RTC_Initialize            0000000180005204 f   LIBCMT:_initsect_.obj
 0001:00004250       _RTC_Terminate             0000000180005250 f   LIBCMT:_initsect_.obj
 0001:0000429c       _guard_check_icall         000000018000529c f i LIBCMT:checkcfg.obj
 0001:000042a4       __isa_available_init       00000001800052a4 f   LIBCMT:_cpu_disp_.obj
 0001:0000446c       __scrt_is_ucrt_dll_in_use  000000018000546c f   LIBCMT:ucrt_detection.obj
 0001:00004478       _guard_check_icall_nop     0000000180005478 f i LIBCMT:guard_support.obj
 0001:00004478       __except_validate_context_record 0000000180005478 f i libvcruntime:jbcxrval.obj
 0001:00004480       ??0bad_function_call@std@@QEAA@AEBV01@@Z 0000000180005480 f i libcpmt:xthrow.obj
 0001:000044c0       ??0bad_function_call@std@@QEAA@XZ 00000001800054c0 f i libcpmt:xthrow.obj
 0001:000044d8       ??0length_error@std@@QEAA@AEBV01@@Z 00000001800054d8 f i libcpmt:xthrow.obj
 0001:00004518       ??0length_error@std@@QEAA@PEBD@Z 0000000180005518 f i libcpmt:xthrow.obj
 0001:00004564       ??0logic_error@std@@QEAA@AEBV01@@Z 0000000180005564 f i libcpmt:xthrow.obj
 0001:000045a4       ??1bad_function_call@std@@UEAA@XZ 00000001800055a4 f i libcpmt:xthrow.obj
 0001:000045a4       ??1bad_array_new_length@std@@UEAA@XZ 00000001800055a4 f i LIBCMT:throw_bad_alloc.obj
 0001:000045a4       ??1bad_alloc@std@@UEAA@XZ  00000001800055a4 f i LIBCMT:throw_bad_alloc.obj
 0001:000045a4       ??1length_error@std@@UEAA@XZ 00000001800055a4 f i libcpmt:xthrow.obj
 0001:000045b8       ?_Xbad_alloc@std@@YAXXZ    00000001800055b8 f   libcpmt:xthrow.obj
 0001:000045b8       ?__scrt_throw_std_bad_alloc@@YAXXZ 00000001800055b8 f   LIBCMT:throw_bad_alloc.obj
 0001:000045d8       ?_Xbad_function_call@std@@YAXXZ 00000001800055d8 f   libcpmt:xthrow.obj
 0001:000045f8       ?_Xlength_error@std@@YAXPEBD@Z 00000001800055f8 f   libcpmt:xthrow.obj
 0001:0000461c       ?what@bad_function_call@std@@UEBAPEBDXZ 000000018000561c f i libcpmt:xthrow.obj
 0001:00004640       memcpy                     0000000180005640 f   libvcruntime:memcpy.obj
 0001:00004640       memmove                    0000000180005640 f   libvcruntime:memcpy.obj
 0001:00004a78       _purecall                  0000000180005a78 f   libvcruntime:purevirt.obj
 0001:00004ab4       __C_specific_handler       0000000180005ab4 f   libvcruntime:_chandler_.obj
 0001:00004cb0       __std_exception_copy       0000000180005cb0 f   libvcruntime:std_exception.obj
 0001:00004d40       __std_exception_destroy    0000000180005d40 f   libvcruntime:std_exception.obj
 0001:00004d68       _CxxThrowException         0000000180005d68 f   libvcruntime:throw.obj
 0001:00004e40       __vcrt_initialize          0000000180005e40 f   libvcruntime:initialization.obj
 0001:00004e74       __vcrt_thread_attach       0000000180005e74 f   libvcruntime:initialization.obj
 0001:00004e88       __vcrt_thread_detach       0000000180005e88 f   libvcruntime:initialization.obj
 0001:00004e9c       __vcrt_uninitialize        0000000180005e9c f   libvcruntime:initialization.obj
 0001:00004ebc       __vcrt_uninitialize_critical 0000000180005ebc f   libvcruntime:initialization.obj
 0001:00004ecc       __std_type_info_destroy_list 0000000180005ecc f   libvcruntime:std_type_info.obj
 0001:00004f10       memset                     0000000180005f10 f   libvcruntime:memset.obj
 0001:000050b0       __vcrt_initialize_pure_virtual_call_handler 00000001800060b0 f   libvcruntime:purevirt_data.obj
 0001:000050f0       _local_unwind              00000001800060f0 f   libvcruntime:_jmpuwind_.obj
 0001:00005120       _NLG_Notify                0000000180006120 f   libvcruntime:_jmpuwind_.obj
 0001:00005140       __NLG_Dispatch2            0000000180006140 f   libvcruntime:_jmpuwind_.obj
 0001:00005150       __NLG_Return2              0000000180006150 f   libvcruntime:_jmpuwind_.obj
 0001:00005154       __vcrt_freefls             0000000180006154 f   libvcruntime:per_thread_data.obj
 0001:00005174       __vcrt_freeptd             0000000180006174 f   libvcruntime:per_thread_data.obj
 0001:000051c4       __vcrt_getptd_noexit       00000001800061c4 f   libvcruntime:per_thread_data.obj
 0001:0000527c       __vcrt_initialize_ptd      000000018000627c f   libvcruntime:per_thread_data.obj
 0001:000052bc       __vcrt_uninitialize_ptd    00000001800062bc f   libvcruntime:per_thread_data.obj
 0001:000052e0       __vcrt_initialize_locks    00000001800062e0 f   libvcruntime:locks.obj
 0001:00005328       __vcrt_uninitialize_locks  0000000180006328 f   libvcruntime:locks.obj
 0001:00005528       __vcrt_FlsAlloc            0000000180006528 f   libvcruntime:winapi_downlevel.obj
 0001:0000557c       __vcrt_FlsFree             000000018000657c f   libvcruntime:winapi_downlevel.obj
 0001:000055d0       __vcrt_FlsGetValue         00000001800065d0 f   libvcruntime:winapi_downlevel.obj
 0001:00005624       __vcrt_FlsSetValue         0000000180006624 f   libvcruntime:winapi_downlevel.obj
 0001:0000568c       __vcrt_InitializeCriticalSectionEx 000000018000668c f   libvcruntime:winapi_downlevel.obj
 0001:00005704       __vcrt_initialize_winapi_thunks 0000000180006704 f   libvcruntime:winapi_downlevel.obj
 0001:00005750       __vcrt_uninitialize_winapi_thunks 0000000180006750 f   libvcruntime:winapi_downlevel.obj
 0001:00005790       calloc                     0000000180006790 f   libucrt:calloc.obj
 0001:00005798       __acrt_initialize_stdio    0000000180006798 f   libucrt:_file.obj
 0001:000058b8       __acrt_iob_func            00000001800068b8 f   libucrt:_file.obj
 0001:000058cc       __acrt_uninitialize_stdio  00000001800068cc f   libucrt:_file.obj
 0001:00005928       _lock_file                 0000000180006928 f   libucrt:_file.obj
 0001:00005934       _unlock_file               0000000180006934 f   libucrt:_file.obj
 0001:00005940       ??$?RV<lambda_aa279a7bcb127014629d5b1d62c7325d>@@AEAV<lambda_0a64b6a4deda75c01876f29c44fc5eb3>@@V<lambda_3323e69fbefe9d1a11713e670d47cdfa>@@@?$__crt_seh_guarded_call@H@@QEAAH$$QEAV<lambda_aa279a7bcb127014629d5b1d62c7325d>@@AEAV<lambda_0a64b6a4deda75c01876f29c44fc5eb3>@@$$QEAV<lambda_3323e69fbefe9d1a11713e670d47cdfa>@@@Z 0000000180006940 f i libucrt:output.obj
 0001:00005980       ??$ensure_buffer_is_big_enough@D@formatting_buffer@__crt_stdio_output@@QEAA_N_K@Z 0000000180006980 f i libucrt:output.obj
 0001:00005a2c       ??$is_wide_character_specifier@D@__crt_stdio_output@@YA_N_KDW4length_modifier@0@@Z 0000000180006a2c f i libucrt:output.obj
 0001:00005a5c       ??$type_case_integer_parse_into_buffer@I@?$output_processor@DV?$string_output_adapter@D@__crt_stdio_output@@V?$standard_base@DV?$string_output_adapter@D@__crt_stdio_output@@@2@@__crt_stdio_output@@AEAAXII_N@Z 0000000180006a5c f i libucrt:output.obj
 0001:00005a5c       ??$type_case_integer_parse_into_buffer@I@?$output_processor@DV?$stream_output_adapter@D@__crt_stdio_output@@V?$standard_base@DV?$stream_output_adapter@D@__crt_stdio_output@@@2@@__crt_stdio_output@@AEAAXII_N@Z 0000000180006a5c f i libucrt:output.obj
 0001:00005af8       ??$type_case_integer_parse_into_buffer@_K@?$output_processor@DV?$string_output_adapter@D@__crt_stdio_output@@V?$standard_base@DV?$string_output_adapter@D@__crt_stdio_output@@@2@@__crt_stdio_output@@AEAAX_KI_N@Z 0000000180006af8 f i libucrt:output.obj
 0001:00005af8       ??$type_case_integer_parse_into_buffer@_K@?$output_processor@DV?$stream_output_adapter@D@__crt_stdio_output@@V?$standard_base@DV?$stream_output_adapter@D@__crt_stdio_output@@@2@@__crt_stdio_output@@AEAAX_KI_N@Z 0000000180006af8 f i libucrt:output.obj
 0001:00005b94       ??$write_multiple_characters@V?$stream_output_adapter@D@__crt_stdio_output@@D@__crt_stdio_output@@YAXAEBV?$stream_output_adapter@D@0@DHQEAH@Z 0000000180006b94 f i libucrt:output.obj
 0001:00005c18       ??$write_multiple_characters@V?$string_output_adapter@D@__crt_stdio_output@@D@__crt_stdio_output@@YAXAEBV?$string_output_adapter@D@0@DHQEAH@Z 0000000180006c18 f i libucrt:output.obj
 0001:00005c74       ??0?$output_processor@DV?$stream_output_adapter@D@__crt_stdio_output@@V?$standard_base@DV?$stream_output_adapter@D@__crt_stdio_output@@@2@@__crt_stdio_output@@QEAA@AEBV?$stream_output_adapter@D@1@_KQEBDQEAU__crt_locale_pointers@@QEAD@Z 0000000180006c74 f i libucrt:output.obj
 0001:00005c74       ??0?$output_processor@DV?$string_output_adapter@D@__crt_stdio_output@@V?$standard_base@DV?$string_output_adapter@D@__crt_stdio_output@@@2@@__crt_stdio_output@@QEAA@AEBV?$string_output_adapter@D@1@_KQEBDQEAU__crt_locale_pointers@@QEAD@Z 0000000180006c74 f i libucrt:output.obj
 0001:00005cf0       ??0_LocaleUpdate@@QEAA@QEAU__crt_locale_pointers@@@Z 0000000180006cf0 f i libucrt:output.obj
 0001:00005e70       ?force_decimal_point@__crt_stdio_output@@YAXPEADQEAU__crt_locale_pointers@@@Z 0000000180006e70 f i libucrt:output.obj
 0001:00005ee0       ?parse_int_from_format_string@?$output_processor@DV?$stream_output_adapter@D@__crt_stdio_output@@V?$standard_base@DV?$stream_output_adapter@D@__crt_stdio_output@@@2@@__crt_stdio_output@@AEAA_NQEAH@Z 0000000180006ee0 f i libucrt:output.obj
 0001:00005ee0       ?parse_int_from_format_string@?$output_processor@DV?$string_output_adapter@D@__crt_stdio_output@@V?$standard_base@DV?$string_output_adapter@D@__crt_stdio_output@@@2@@__crt_stdio_output@@AEAA_NQEAH@Z 0000000180006ee0 f i libucrt:output.obj
 0001:00005f64       ?process@?$output_processor@DV?$stream_output_adapter@D@__crt_stdio_output@@V?$standard_base@DV?$stream_output_adapter@D@__crt_stdio_output@@@2@@__crt_stdio_output@@QEAAHXZ 0000000180006f64 f i libucrt:output.obj
 0001:00006174       ?process@?$output_processor@DV?$string_output_adapter@D@__crt_stdio_output@@V?$standard_base@DV?$string_output_adapter@D@__crt_stdio_output@@@2@@__crt_stdio_output@@QEAAHXZ 0000000180007174 f i libucrt:output.obj
 0001:00006378       ?state_case_normal@?$output_processor@DV?$stream_output_adapter@D@__crt_stdio_output@@V?$standard_base@DV?$stream_output_adapter@D@__crt_stdio_output@@@2@@__crt_stdio_output@@AEAA_NXZ 0000000180007378 f i libucrt:output.obj
 0001:000063e8       ?state_case_normal@?$output_processor@DV?$string_output_adapter@D@__crt_stdio_output@@V?$standard_base@DV?$string_output_adapter@D@__crt_stdio_output@@@2@@__crt_stdio_output@@AEAA_NXZ 00000001800073e8 f i libucrt:output.obj
 0001:0000645c       ?state_case_normal_tchar@?$output_processor@DV?$stream_output_adapter@D@__crt_stdio_output@@V?$standard_base@DV?$stream_output_adapter@D@__crt_stdio_output@@@2@@__crt_stdio_output@@AEAA_ND@Z 000000018000745c f i libucrt:output.obj
 0001:000064f0       ?state_case_normal_tchar@?$output_processor@DV?$string_output_adapter@D@__crt_stdio_output@@V?$standard_base@DV?$string_output_adapter@D@__crt_stdio_output@@@2@@__crt_stdio_output@@AEAA_ND@Z 00000001800074f0 f i libucrt:output.obj
 0001:00006588       ?state_case_size@?$output_processor@DV?$stream_output_adapter@D@__crt_stdio_output@@V?$standard_base@DV?$stream_output_adapter@D@__crt_stdio_output@@@2@@__crt_stdio_output@@AEAA_NXZ 0000000180007588 f i libucrt:output.obj
 0001:00006704       ?state_case_size@?$output_processor@DV?$string_output_adapter@D@__crt_stdio_output@@V?$standard_base@DV?$string_output_adapter@D@__crt_stdio_output@@@2@@__crt_stdio_output@@AEAA_NXZ 0000000180007704 f i libucrt:output.obj
 0001:00006880       ?state_case_type@?$output_processor@DV?$stream_output_adapter@D@__crt_stdio_output@@V?$standard_base@DV?$stream_output_adapter@D@__crt_stdio_output@@@2@@__crt_stdio_output@@AEAA_NXZ 0000000180007880 f i libucrt:output.obj
 0001:00006afc       ?state_case_type@?$output_processor@DV?$string_output_adapter@D@__crt_stdio_output@@V?$standard_base@DV?$string_output_adapter@D@__crt_stdio_output@@@2@@__crt_stdio_output@@AEAA_NXZ 0000000180007afc f i libucrt:output.obj
 0001:00006d78       ?type_case_Z@?$output_processor@DV?$string_output_adapter@D@__crt_stdio_output@@V?$standard_base@DV?$string_output_adapter@D@__crt_stdio_output@@@2@@__crt_stdio_output@@AEAA_NXZ 0000000180007d78 f i libucrt:output.obj
 0001:00006d78       ?type_case_Z@?$output_processor@DV?$stream_output_adapter@D@__crt_stdio_output@@V?$standard_base@DV?$stream_output_adapter@D@__crt_stdio_output@@@2@@__crt_stdio_output@@AEAA_NXZ 0000000180007d78 f i libucrt:output.obj
 0001:00006df8       ?type_case_a@?$output_processor@DV?$stream_output_adapter@D@__crt_stdio_output@@V?$standard_base@DV?$stream_output_adapter@D@__crt_stdio_output@@@2@@__crt_stdio_output@@AEAA_NXZ 0000000180007df8 f i libucrt:output.obj
 0001:00006df8       ?type_case_a@?$output_processor@DV?$string_output_adapter@D@__crt_stdio_output@@V?$standard_base@DV?$string_output_adapter@D@__crt_stdio_output@@@2@@__crt_stdio_output@@AEAA_NXZ 0000000180007df8 f i libucrt:output.obj
 0001:00007014       ?type_case_c_tchar@?$output_processor@DV?$stream_output_adapter@D@__crt_stdio_output@@V?$standard_base@DV?$stream_output_adapter@D@__crt_stdio_output@@@2@@__crt_stdio_output@@AEAA_ND@Z 0000000180008014 f i libucrt:output.obj
 0001:00007014       ?type_case_c_tchar@?$output_processor@DV?$string_output_adapter@D@__crt_stdio_output@@V?$standard_base@DV?$string_output_adapter@D@__crt_stdio_output@@@2@@__crt_stdio_output@@AEAA_ND@Z 0000000180008014 f i libucrt:output.obj
 0001:000070c8       ?type_case_integer@?$output_processor@DV?$stream_output_adapter@D@__crt_stdio_output@@V?$standard_base@DV?$stream_output_adapter@D@__crt_stdio_output@@@2@@__crt_stdio_output@@AEAA_NI_N@Z 00000001800080c8 f i libucrt:output.obj
 0001:000070c8       ?type_case_integer@?$output_processor@DV?$string_output_adapter@D@__crt_stdio_output@@V?$standard_base@DV?$string_output_adapter@D@__crt_stdio_output@@@2@@__crt_stdio_output@@AEAA_NI_N@Z 00000001800080c8 f i libucrt:output.obj
 0001:00007268       ?type_case_n@?$output_processor@DV?$stream_output_adapter@D@__crt_stdio_output@@V?$standard_base@DV?$stream_output_adapter@D@__crt_stdio_output@@@2@@__crt_stdio_output@@AEAA_NXZ 0000000180008268 f i libucrt:output.obj
 0001:00007268       ?type_case_n@?$output_processor@DV?$string_output_adapter@D@__crt_stdio_output@@V?$standard_base@DV?$string_output_adapter@D@__crt_stdio_output@@@2@@__crt_stdio_output@@AEAA_NXZ 0000000180008268 f i libucrt:output.obj
 0001:00007344       ?type_case_s@?$output_processor@DV?$string_output_adapter@D@__crt_stdio_output@@V?$standard_base@DV?$string_output_adapter@D@__crt_stdio_output@@@2@@__crt_stdio_output@@AEAA_NXZ 0000000180008344 f i libucrt:output.obj
 0001:00007344       ?type_case_s@?$output_processor@DV?$stream_output_adapter@D@__crt_stdio_output@@V?$standard_base@DV?$stream_output_adapter@D@__crt_stdio_output@@@2@@__crt_stdio_output@@AEAA_NXZ 0000000180008344 f i libucrt:output.obj
 0001:000073d4       ?validate_stream_is_ansi_if_required@?$__acrt_stdio_char_traits@D@@SA_NQEAU_iobuf@@@Z 00000001800083d4 f i libucrt:output.obj
 0001:00007460       ?write_stored_string_tchar@?$output_processor@DV?$stream_output_adapter@D@__crt_stdio_output@@V?$standard_base@DV?$stream_output_adapter@D@__crt_stdio_output@@@2@@__crt_stdio_output@@AEAA_ND@Z 0000000180008460 f i libucrt:output.obj
 0001:00007538       ?write_stored_string_tchar@?$output_processor@DV?$string_output_adapter@D@__crt_stdio_output@@V?$standard_base@DV?$string_output_adapter@D@__crt_stdio_output@@@2@@__crt_stdio_output@@AEAA_ND@Z 0000000180008538 f i libucrt:output.obj
 0001:00007610       ?write_string@?$stream_output_adapter@D@__crt_stdio_output@@QEBAXQEBDHQEAH1@Z 0000000180008610 f i libucrt:output.obj
 0001:00007708       ?write_string@?$string_output_adapter@D@__crt_stdio_output@@QEBAXQEBDHQEAH1@Z 0000000180008708 f i libucrt:output.obj
 0001:000077c4       __stdio_common_vfprintf    00000001800087c4 f   libucrt:output.obj
 0001:00007850       __stdio_common_vsprintf    0000000180008850 f   libucrt:output.obj
 0001:00007a84       free                       0000000180008a84 f   libucrt:free.obj
 0001:00007a8c       ??$is_overflow_condition@_K@__crt_strtox@@YA_NI_K@Z 0000000180008a8c f i libucrt:input.obj
 0001:00007ac4       ??$make_input_adapter_character_source@V?$string_input_adapter@D@__crt_stdio_input@@@__crt_strtox@@YA?AV?$input_adapter_character_source@V?$string_input_adapter@D@__crt_stdio_input@@@0@QEAV?$string_input_adapter@D@__crt_stdio_input@@_KQEA_N@Z 0000000180008ac4 f i libucrt:input.obj
 0001:00007ae4       ??$parse_floating_point@V?$input_adapter_character_source@V?$string_input_adapter@D@__crt_stdio_input@@@__crt_strtox@@M@__crt_strtox@@YA?AW4SLD_STATUS@@QEAU__crt_locale_pointers@@V?$input_adapter_character_source@V?$string_input_adapter@D@__crt_stdio_input@@@0@QEAM@Z 0000000180008ae4 f i libucrt:input.obj
 0001:00007b8c       ??$parse_floating_point@V?$input_adapter_character_source@V?$string_input_adapter@D@__crt_stdio_input@@@__crt_strtox@@N@__crt_strtox@@YA?AW4SLD_STATUS@@QEAU__crt_locale_pointers@@V?$input_adapter_character_source@V?$string_input_adapter@D@__crt_stdio_input@@@0@QEAN@Z 0000000180008b8c f i libucrt:input.obj
 0001:00007c34       ??$parse_floating_point_from_source@V?$input_adapter_character_source@V?$string_input_adapter@D@__crt_stdio_input@@@__crt_strtox@@@__crt_strtox@@YA?AW4floating_point_parse_result@0@QEAU__crt_locale_pointers@@AEAV?$input_adapter_character_source@V?$string_input_adapter@D@__crt_stdio_input@@@0@AEAUfloating_point_string@0@@Z 0000000180008c34 f i libucrt:input.obj
 0001:00008414       ??$parse_floating_point_possible_infinity@DV?$input_adapter_character_source@V?$string_input_adapter@D@__crt_stdio_input@@@__crt_strtox@@_K@__crt_strtox@@YA?AW4floating_point_parse_result@0@AEADAEAV?$input_adapter_character_source@V?$string_input_adapter@D@__crt_stdio_input@@@0@_K@Z 0000000180009414 f i libucrt:input.obj
 0001:000085c4       ??$parse_floating_point_possible_nan@DV?$input_adapter_character_source@V?$string_input_adapter@D@__crt_stdio_input@@@__crt_strtox@@_K@__crt_strtox@@YA?AW4floating_point_parse_result@0@AEADAEAV?$input_adapter_character_source@V?$string_input_adapter@D@__crt_stdio_input@@@0@_K@Z 00000001800095c4 f i libucrt:input.obj
 0001:00008834       ??$parse_floating_point_possible_nan_is_ind@DV?$input_adapter_character_source@V?$string_input_adapter@D@__crt_stdio_input@@@__crt_strtox@@@__crt_strtox@@YA_NAEADAEAV?$input_adapter_character_source@V?$string_input_adapter@D@__crt_stdio_input@@@0@@Z 0000000180009834 f i libucrt:input.obj
 0001:000088ac       ??$parse_floating_point_possible_nan_is_snan@DV?$input_adapter_character_source@V?$string_input_adapter@D@__crt_stdio_input@@@__crt_strtox@@@__crt_strtox@@YA_NAEADAEAV?$input_adapter_character_source@V?$string_input_adapter@D@__crt_stdio_input@@@0@@Z 00000001800098ac f i libucrt:input.obj
 0001:00008924       ??$parse_floating_point_write_result@M@__crt_strtox@@YA?AW4SLD_STATUS@@W4floating_point_parse_result@0@AEBUfloating_point_string@0@QEAM@Z 0000000180009924 f i libucrt:input.obj
 0001:00008a3c       ??$parse_floating_point_write_result@N@__crt_strtox@@YA?AW4SLD_STATUS@@W4floating_point_parse_result@0@AEBUfloating_point_string@0@QEAN@Z 0000000180009a3c f i libucrt:input.obj
 0001:00008b64       ??$parse_integer@_KV?$input_adapter_character_source@V?$string_input_adapter@D@__crt_stdio_input@@@__crt_strtox@@@__crt_strtox@@YA_KQEAU__crt_locale_pointers@@V?$input_adapter_character_source@V?$string_input_adapter@D@__crt_stdio_input@@@0@H_N@Z 0000000180009b64 f i libucrt:input.obj
 0001:00008ff8       ??$process_floating_point_specifier_t@M@?$input_processor@DV?$string_input_adapter@D@__crt_stdio_input@@@__crt_stdio_input@@AEAA_NXZ 0000000180009ff8 f i libucrt:input.obj
 0001:000090a0       ??$process_floating_point_specifier_t@N@?$input_processor@DV?$string_input_adapter@D@__crt_stdio_input@@@__crt_stdio_input@@AEAA_NXZ 000000018000a0a0 f i libucrt:input.obj
 0001:00009148       ??$process_string_specifier_tchar@D@?$input_processor@DV?$string_input_adapter@D@__crt_stdio_input@@@__crt_stdio_input@@AEAA_NW4conversion_mode@1@D@Z 000000018000a148 f i libucrt:input.obj
 0001:00009310       ??$process_string_specifier_tchar@_W@?$input_processor@DV?$string_input_adapter@D@__crt_stdio_input@@@__crt_stdio_input@@AEAA_NW4conversion_mode@1@_W@Z 000000018000a310 f i libucrt:input.obj
 0001:00009510       ??$skip_whitespace@Vstring_input_adapter@__crt_stdio_input@@D@__crt_stdio_input@@YAHAEAV?$string_input_adapter@D@0@QEAU__crt_locale_pointers@@@Z 000000018000a510 f i libucrt:input.obj
 0001:00009600       ?advance@?$format_string_parser@D@__crt_stdio_input@@QEAA_NXZ 000000018000a600 f i libucrt:input.obj
 0001:000097d0       ?as_double@floating_point_value@__crt_strtox@@QEBAAEANXZ 000000018000a7d0 f i libucrt:input.obj
 0001:0000980c       ?as_float@floating_point_value@__crt_strtox@@QEBAAEAMXZ 000000018000a80c f i libucrt:input.obj
 0001:00009848       ?assemble_floating_point_value@__crt_strtox@@YA?AW4SLD_STATUS@@_KH_N1AEBVfloating_point_value@1@@Z 000000018000a848 f i libucrt:input.obj
 0001:00009bfc       ?assemble_floating_point_value_from_big_integer@__crt_strtox@@YA?AW4SLD_STATUS@@AEBUbig_integer@1@I_N1AEBVfloating_point_value@1@@Z 000000018000abfc f i libucrt:input.obj
 0001:00009d88       ?convert_decimal_string_to_floating_type_common@__crt_strtox@@YA?AW4SLD_STATUS@@AEBUfloating_point_string@1@AEBVfloating_point_value@1@@Z 000000018000ad88 f i libucrt:input.obj
 0001:0000bb4c       ?convert_hexadecimal_string_to_floating_type_common@__crt_strtox@@YA?AW4SLD_STATUS@@AEBUfloating_point_string@1@AEBVfloating_point_value@1@@Z 000000018000cb4c f i libucrt:input.obj
 0001:0000bc00       ?divide@__crt_strtox@@YA_KAEAUbig_integer@1@AEBU21@@Z 000000018000cc00 f i libucrt:input.obj
 0001:0000c0d0       ?length@?$format_string_parser@D@__crt_stdio_input@@QEBA_KXZ 000000018000d0d0 f i libucrt:input.obj
 0001:0000c16c       ?process@?$input_processor@DV?$string_input_adapter@D@__crt_stdio_input@@@__crt_stdio_input@@QEAAHXZ 000000018000d16c f i libucrt:input.obj
 0001:0000c25c       ?process_conversion_specifier@?$input_processor@DV?$string_input_adapter@D@__crt_stdio_input@@@__crt_stdio_input@@AEAA_NXZ 000000018000d25c f i libucrt:input.obj
 0001:0000c380       ?process_floating_point_specifier@?$input_processor@DV?$string_input_adapter@D@__crt_stdio_input@@@__crt_stdio_input@@AEAA_NXZ 000000018000d380 f i libucrt:input.obj
 0001:0000c3f0       ?process_integer_specifier@?$input_processor@DV?$string_input_adapter@D@__crt_stdio_input@@@__crt_stdio_input@@AEAA_NI_N@Z 000000018000d3f0 f i libucrt:input.obj
 0001:0000c4a0       ?process_literal_character_tchar@?$input_processor@DV?$string_input_adapter@D@__crt_stdio_input@@@__crt_stdio_input@@AEAA_ND@Z 000000018000d4a0 f i libucrt:input.obj
 0001:0000c52c       ?process_state@?$input_processor@DV?$string_input_adapter@D@__crt_stdio_input@@@__crt_stdio_input@@AEAA_NXZ 000000018000d52c f i libucrt:input.obj
 0001:0000c5e0       ?process_string_specifier@?$input_processor@DV?$string_input_adapter@D@__crt_stdio_input@@@__crt_stdio_input@@AEAA_NW4conversion_mode@2@@Z 000000018000d5e0 f i libucrt:input.obj
 0001:0000c66c       ?scan_conversion_specifier@?$format_string_parser@D@__crt_stdio_input@@AEAA_NXZ 000000018000d66c f i libucrt:input.obj
 0001:0000c828       ?scan_optional_field_width@?$format_string_parser@D@__crt_stdio_input@@AEAA_NXZ 000000018000d828 f i libucrt:input.obj
 0001:0000c8d0       ?scan_optional_length_modifier@?$format_string_parser@D@__crt_stdio_input@@AEAAXXZ 000000018000d8d0 f i libucrt:input.obj
 0001:0000c9fc       ?scan_scanset_range@?$format_string_parser@D@__crt_stdio_input@@AEAA_NXZ 000000018000d9fc f i libucrt:input.obj
 0001:0000cb90       ?write_character@?$input_processor@DV?$string_input_adapter@D@__crt_stdio_input@@@__crt_stdio_input@@AEAA_NQEFA_W_KAEAPEFA_WAEA_KD@Z 000000018000db90 f i libucrt:input.obj
 0001:0000cc2c       ?write_integer@?$input_processor@DV?$string_input_adapter@D@__crt_stdio_input@@@__crt_stdio_input@@AEAA_N_K_N@Z 000000018000dc2c f i libucrt:input.obj
 0001:0000ccb0       __stdio_common_vsscanf     000000018000dcb0 f   libucrt:input.obj
 0001:0000ce80       malloc                     000000018000de80 f   libucrt:malloc.obj
 0001:0000ce88       __acrt_call_reportfault    000000018000de88 f   libucrt:invalid_parameter.obj
 0001:0000cfe4       __acrt_initialize_invalid_parameter_handler 000000018000dfe4 f   libucrt:invalid_parameter.obj
 0001:0000cfec       _invalid_parameter         000000018000dfec f   libucrt:invalid_parameter.obj
 0001:0000d094       _invalid_parameter_noinfo  000000018000e094 f   libucrt:invalid_parameter.obj
 0001:0000d0b4       _invalid_parameter_noinfo_noreturn 000000018000e0b4 f   libucrt:invalid_parameter.obj
 0001:0000d0e4       _invoke_watson             000000018000e0e4 f   libucrt:invalid_parameter.obj
 0001:0000d12c       __ascii_stricmp            000000018000e12c f   libucrt:stricmp.obj
 0001:0000d168       _stricmp                   000000018000e168 f   libucrt:stricmp.obj
 0001:0000d1b0       _stricmp_l                 000000018000e1b0 f   libucrt:stricmp.obj
 0001:0000d264       __acrt_initialize_new_handler 000000018000e264 f   libucrt:new_handler.obj
 0001:0000d26c       _callnewh                  000000018000e26c f   libucrt:new_handler.obj
 0001:0000d2ac       _query_new_handler         000000018000e2ac f   libucrt:new_handler.obj
 0001:0000d2e0       _initterm                  000000018000e2e0 f   libucrt:initterm.obj
 0001:0000d358       _initterm_e                000000018000e358 f   libucrt:initterm.obj
 0001:0000d3a4       _seh_filter_dll            000000018000e3a4 f   libucrt:exception_filter.obj
 0001:0000d3b8       _seh_filter_exe            000000018000e3b8 f   libucrt:exception_filter.obj
 0001:0000d778       __acrt_initialize_thread_local_exit_callback 000000018000e778 f   libucrt:exit.obj
 0001:0000d780       _cexit                     000000018000e780 f   libucrt:exit.obj
 0001:0000d790       _exit                      000000018000e790 f   libucrt:exit.obj
 0001:0000d79c       _is_c_termination_complete 000000018000e79c f   libucrt:exit.obj
 0001:0000d960       __acrt_allocate_buffer_for_argv 000000018000e960 f   libucrt:argv_parsing.obj
 0001:0000d9c4       _configure_narrow_argv     000000018000e9c4 f   libucrt:argv_parsing.obj
 0001:0000dd20       __dcrt_uninitialize_environments_nolock 000000018000ed20 f   libucrt:environment_initialization.obj
 0001:0000dd58       _initialize_narrow_environment 000000018000ed58 f   libucrt:environment_initialization.obj
 0001:0000dd60       ??$?RV<lambda_b8c45f8f788dd370798f47cfe8ac3a86>@@AEAV<lambda_4e60a939b0d047cfe11ddc22648dfba9>@@V<lambda_332c3edc96d0294ec56c57d38c1cdfd5>@@@?$__crt_seh_guarded_call@H@@QEAAH$$QEAV<lambda_b8c45f8f788dd370798f47cfe8ac3a86>@@AEAV<lambda_4e60a939b0d047cfe11ddc22648dfba9>@@$$QEAV<lambda_332c3edc96d0294ec56c57d38c1cdfd5>@@@Z 000000018000ed60 f i libucrt:onexit.obj
 0001:0000dd9c       ??$?RV<lambda_e24bbb7b643b32fcea6fa61b31d4c984>@@AEAV<lambda_275893d493268fdec8709772e3fcec0e>@@V<lambda_9d71df4d7cf3f480f8d633942495c3b0>@@@?$__crt_seh_guarded_call@H@@QEAAH$$QEAV<lambda_e24bbb7b643b32fcea6fa61b31d4c984>@@AEAV<lambda_275893d493268fdec8709772e3fcec0e>@@$$QEAV<lambda_9d71df4d7cf3f480f8d633942495c3b0>@@@Z 000000018000ed9c f i libucrt:onexit.obj
 0001:0000e118       _crt_atexit                000000018000f118 f   libucrt:onexit.obj
 0001:0000e128       _execute_onexit_table      000000018000f128 f   libucrt:onexit.obj
 0001:0000e164       _initialize_onexit_table   000000018000f164 f   libucrt:onexit.obj
 0001:0000e1a4       _register_onexit_function  000000018000f1a4 f   libucrt:onexit.obj
 0001:0000e320       __acrt_initialize          000000018000f320 f   libucrt:initialization.obj
 0001:0000e334       __acrt_thread_attach       000000018000f334 f   libucrt:initialization.obj
 0001:0000e348       __acrt_thread_detach       000000018000f348 f   libucrt:initialization.obj
 0001:0000e358       __acrt_uninitialize        000000018000f358 f   libucrt:initialization.obj
 0001:0000e36c       __acrt_uninitialize_critical 000000018000f36c f   libucrt:initialization.obj
 0001:0000e37c       terminate                  000000018000f37c f   libucrt:terminate.obj
 0001:0000e3a4       abort                      000000018000f3a4 f   libucrt:abort.obj
 0001:0000e3fc       strcpy_s                   000000018000f3fc f   libucrt:strcpy_s.obj
 0001:0000e45c       _free_base                 000000018000f45c f   libucrt:free_base.obj
 0001:0000e49c       _malloc_base               000000018000f49c f   libucrt:malloc_base.obj
 0001:0000e4fc       _calloc_base               000000018000f4fc f   libucrt:calloc_base.obj
 0001:0000e574       ??$is_overflow_condition@K@__crt_strtox@@YA_NIK@Z 000000018000f574 f i libucrt:atox.obj
 0001:0000e5a0       ??$parse_integer@KV?$c_string_character_source@D@__crt_strtox@@@__crt_strtox@@YAKQEAU__crt_locale_pointers@@V?$c_string_character_source@D@0@H_N@Z 000000018000f5a0 f i libucrt:atox.obj
 0001:0000e8b4       ??$parse_integer@_KV?$c_string_character_source@D@__crt_strtox@@@__crt_strtox@@YA_KQEAU__crt_locale_pointers@@V?$c_string_character_source@D@0@H_N@Z 000000018000f8b4 f i libucrt:atox.obj
 0001:0000ebe8       __acrt_errno_from_os_error 000000018000fbe8 f   libucrt:errno.obj
 0001:0000ec30       __acrt_errno_map_os_error  000000018000fc30 f   libucrt:errno.obj
 0001:0000ec80       __doserrno                 000000018000fc80 f   libucrt:errno.obj
 0001:0000eca0       _errno                     000000018000fca0 f   libucrt:errno.obj
 0001:0000ee60       __acrt_FlsAlloc            000000018000fe60 f   libucrt:winapi_thunks.obj
 0001:0000eeb8       __acrt_FlsFree             000000018000feb8 f   libucrt:winapi_thunks.obj
 0001:0000ef10       __acrt_FlsGetValue         000000018000ff10 f   libucrt:winapi_thunks.obj
 0001:0000ef68       __acrt_FlsSetValue         000000018000ff68 f   libucrt:winapi_thunks.obj
 0001:0000efd0       __acrt_InitializeCriticalSectionEx 000000018000ffd0 f   libucrt:winapi_thunks.obj
 0001:0000f048       __acrt_LCMapStringEx       0000000180010048 f   libucrt:winapi_thunks.obj
 0001:0000f138       __acrt_LocaleNameToLCID    0000000180010138 f   libucrt:winapi_thunks.obj
 0001:0000f1a0       __acrt_initialize_winapi_thunks 00000001800101a0 f   libucrt:winapi_thunks.obj
 0001:0000f1d8       __acrt_is_packaged_app     00000001800101d8 f   libucrt:winapi_thunks.obj
 0001:0000f260       __acrt_uninitialize_winapi_thunks 0000000180010260 f   libucrt:winapi_thunks.obj
 0001:0000f2a4       _fcloseall                 00000001800102a4 f   libucrt:closeall.obj
 0001:0000f358       __acrt_stdio_flush_nolock  0000000180010358 f   libucrt:fflush.obj
 0001:0000f3d0       _fflush_nolock             00000001800103d0 f   libucrt:fflush.obj
 0001:0000f41c       _flushall                  000000018001041c f   libucrt:fflush.obj
 0001:0000f50c       __acrt_stdio_free_buffer_nolock 000000018001050c f   libucrt:_freebuf.obj
 0001:0000f734       __acrt_initialize_lowio    0000000180010734 f   libucrt:ioinit.obj
 0001:0000f770       __acrt_uninitialize_lowio  0000000180010770 f   libucrt:ioinit.obj
 0001:0000f7b0       isdigit                    00000001800107b0 f i libucrt:_ctype.obj
 0001:0000f824       isspace                    0000000180010824 f i libucrt:_ctype.obj
 0001:0000f8e8       _tolower_l                 00000001800108e8 f   libucrt:tolower_toupper.obj
 0001:0000fa28       tolower                    0000000180010a28 f   libucrt:tolower_toupper.obj
 0001:0000fa54       ??$make_c_string_character_source@DPEAPEAD@__crt_strtox@@YA?AV?$c_string_character_source@D@0@QEBDQEAPEAD@Z 0000000180010a54 f i libucrt:strtox.obj
 0001:0000fa68       strtol                     0000000180010a68 f   libucrt:strtox.obj
 0001:0000fa98       strtoull                   0000000180010a98 f   libucrt:strtox.obj
 0001:0000fac8       _mbtowc_l                  0000000180010ac8 f   libucrt:mbtowc.obj
 0001:0000fc10       mbtowc                     0000000180010c10 f   libucrt:mbtowc.obj
 0001:0000fc18       _wctomb_s_l                0000000180010c18 f   libucrt:wctomb.obj
 0001:0000fd9c       wctomb_s                   0000000180010d9c f   libucrt:wctomb.obj
 0001:0000fdb0       strnlen                    0000000180010db0 f   libucrt:strnlen.obj
 0001:0000ff0c       wcsnlen                    0000000180010f0c f   libucrt:strnlen.obj
 0001:000100fc       ??$?RV<lambda_46352004c1216016012b18bd6f87e700>@@AEAV<lambda_3bd07e1a1191394380780325891bf33f>@@V<lambda_334532d3f185bcaa59b5be82d7d22bff>@@@?$__crt_seh_guarded_call@X@@QEAAX$$QEAV<lambda_46352004c1216016012b18bd6f87e700>@@AEAV<lambda_3bd07e1a1191394380780325891bf33f>@@$$QEAV<lambda_334532d3f185bcaa59b5be82d7d22bff>@@@Z 00000001800110fc f i libucrt:per_thread_data.obj
 0001:0001015c       ??$?RV<lambda_5e887d1dcbef67a5eb4283622ba103bf>@@AEAV<lambda_4466841279450cc726390878d4a41900>@@V<lambda_341c25c0346d94847f1f3c463c57e077>@@@?$__crt_seh_guarded_call@X@@QEAAX$$QEAV<lambda_5e887d1dcbef67a5eb4283622ba103bf>@@AEAV<lambda_4466841279450cc726390878d4a41900>@@$$QEAV<lambda_341c25c0346d94847f1f3c463c57e077>@@@Z 000000018001115c f i libucrt:per_thread_data.obj
 0001:000101a4       ??$?RV<lambda_72d1df2b273a38828b1ce30cbf4cdab5>@@AEAV<lambda_876a65b173b8412d3a47c70a915b0cf4>@@V<lambda_41932305e351933ebe8f8be3ed8bb5dc>@@@?$__crt_seh_guarded_call@X@@QEAAX$$QEAV<lambda_72d1df2b273a38828b1ce30cbf4cdab5>@@AEAV<lambda_876a65b173b8412d3a47c70a915b0cf4>@@$$QEAV<lambda_41932305e351933ebe8f8be3ed8bb5dc>@@@Z 00000001800111a4 f i libucrt:per_thread_data.obj
 0001:000101e4       ??$?RV<lambda_fb3a7dec4e47f37f22dae91bb15c9095>@@AEAV<lambda_698284760c8add0bfb0756c19673e34b>@@V<lambda_dfb8eca1e75fef3034a8fb18dd509707>@@@?$__crt_seh_guarded_call@X@@QEAAX$$QEAV<lambda_fb3a7dec4e47f37f22dae91bb15c9095>@@AEAV<lambda_698284760c8add0bfb0756c19673e34b>@@$$QEAV<lambda_dfb8eca1e75fef3034a8fb18dd509707>@@@Z 00000001800111e4 f i libucrt:per_thread_data.obj
 0001:00010474       __acrt_freeptd             0000000180011474 f   libucrt:per_thread_data.obj
 0001:000104b8       __acrt_getptd              00000001800114b8 f   libucrt:per_thread_data.obj
 0001:0001054c       __acrt_getptd_noexit       000000018001154c f   libucrt:per_thread_data.obj
 0001:000105ec       __acrt_initialize_ptd      00000001800115ec f   libucrt:per_thread_data.obj
 0001:00010628       __acrt_uninitialize_ptd    0000000180011628 f   libucrt:per_thread_data.obj
 0001:0001064c       __acrt_update_locale_info  000000018001164c f   libucrt:locale_update.obj
 0001:00010680       __acrt_update_multibyte_info 0000000180011680 f   libucrt:locale_update.obj
 0001:000106b4       ?__acrt_fp_classify@@YA?AW4__acrt_fp_class@@AEBN@Z 00000001800116b4 f i libucrt:cvt.obj
 0001:000110ec       __acrt_fp_format           00000001800120ec f   libucrt:cvt.obj
 0001:00011330       _fileno                    0000000180012330 f   libucrt:fileno.obj
 0001:00011358       _fputc_nolock              0000000180012358 f   libucrt:fputc.obj
 0001:00011370       _get_printf_count_output   0000000180012370 f   libucrt:printf_count_output.obj
 0001:00011388       __acrt_stdio_begin_temporary_buffering_nolock 0000000180012388 f   libucrt:_sftbuf.obj
 0001:00011458       __acrt_stdio_end_temporary_buffering_nolock 0000000180012458 f   libucrt:_sftbuf.obj
 0001:00011494       __acrt_set_locale_changed  0000000180012494 f   libucrt:wsetlocale.obj
 0001:000114a0       __acrt_uninitialize_locale 00000001800124a0 f   libucrt:wsetlocale.obj
 0001:000114e8       __pctype_func              00000001800124e8 f   libucrt:ctype.obj
 0001:00011518       _isctype_l                 0000000180012518 f   libucrt:isctype.obj
 0001:00011628       fegetround                 0000000180012628 f   libucrt:fegetround.obj
 0001:0001163c       __acrt_initialize_locks    000000018001263c f   libucrt:locks.obj
 0001:00011684       __acrt_lock                0000000180012684 f   libucrt:locks.obj
 0001:000116a0       __acrt_uninitialize_locks  00000001800126a0 f   libucrt:locks.obj
 0001:000116d8       __acrt_unlock              00000001800126d8 f   libucrt:locks.obj
 0001:00011bd0       ?expand_if_necessary@?$argument_list@D@?A0xca0879c4@@AEAAHXZ 0000000180012bd0 f i libucrt:argv_wildcards.obj
 0001:00011c98       __acrt_expand_narrow_argv_wildcards 0000000180012c98 f   libucrt:argv_wildcards.obj
 0001:00011ca0       ??$?RV<lambda_99476a1ad63dd22509b5d3e65b0ffc95>@@AEAV<lambda_ad1ced32f4ac17aa236e5ef05d6b3b7c>@@V<lambda_f7424dd8d45958661754dc4f2697e9c3>@@@?$__crt_seh_guarded_call@X@@QEAAX$$QEAV<lambda_99476a1ad63dd22509b5d3e65b0ffc95>@@AEAV<lambda_ad1ced32f4ac17aa236e5ef05d6b3b7c>@@$$QEAV<lambda_f7424dd8d45958661754dc4f2697e9c3>@@@Z 0000000180012ca0 f i libucrt:mbctype.obj
 0001:0001239c       __acrt_initialize_multibyte 000000018001339c f   libucrt:mbctype.obj
 0001:000123c4       __acrt_update_thread_multibyte_data 00000001800133c4 f   libucrt:mbctype.obj
 0001:00012484       _setmbcp_nolock            0000000180013484 f   libucrt:mbctype.obj
 0001:000127a4       _ismbblead                 00000001800137a4 f   libucrt:ismbbyte.obj
 0001:000127b8       __acrt_initialize_command_line 00000001800137b8 f   libucrt:argv_data.obj
 0001:000127e0       __acrt_uninitialize_command_line 00000001800137e0 f   libucrt:argv_data.obj
 0001:000127e4       __dcrt_get_narrow_environment_from_os 00000001800137e4 f   libucrt:get_environment_from_os.obj
 0001:000128e8       _recalloc                  00000001800138e8 f   libucrt:recalloc.obj
 0001:000128f0       _recalloc_base             00000001800138f0 f   libucrt:recalloc.obj
 0001:00012988       __acrt_initialize_heap     0000000180013988 f   libucrt:heap_handle.obj
 0001:000129a4       __acrt_uninitialize_heap   00000001800139a4 f   libucrt:heap_handle.obj
 0001:000129b0       __acrt_execute_initializers 00000001800139b0 f   libucrt:shared_initialization.obj
 0001:00012a44       __acrt_execute_uninitializers 0000000180013a44 f   libucrt:shared_initialization.obj
 0001:00012a94       ??$?RV<lambda_c36588078e9f5dfd39652860aa6b3aaf>@@AEAV<lambda_ec61778202f4f5fc7e7711acc23c3bca>@@V<lambda_dc9d2797ccde5d239b4a0efae8ebd7db>@@@?$__crt_seh_guarded_call@P6AXH@Z@@QEAAP6AXH@Z$$QEAV<lambda_c36588078e9f5dfd39652860aa6b3aaf>@@AEAV<lambda_ec61778202f4f5fc7e7711acc23c3bca>@@$$QEAV<lambda_dc9d2797ccde5d239b4a0efae8ebd7db>@@@Z 0000000180013a94 f i libucrt:signal.obj
 0001:00012adc       __acrt_get_sigabrt_handler 0000000180013adc f   libucrt:signal.obj
 0001:00012b0c       __acrt_initialize_signal_handlers 0000000180013b0c f   libucrt:signal.obj
 0001:00012b2c       raise                      0000000180013b2c f   libucrt:signal.obj
 0001:00012dc8       __acrt_has_user_matherr    0000000180013dc8 f   libucrt:matherr.obj
 0001:00012de8       __acrt_initialize_user_matherr 0000000180013de8 f   libucrt:matherr.obj
 0001:00012df0       __acrt_invoke_user_matherr 0000000180013df0 f   libucrt:matherr.obj
 0001:00012e38       _query_new_mode            0000000180013e38 f   libucrt:new_mode.obj
 0001:00012f08       __acrt_DownlevelLocaleNameToLCID 0000000180013f08 f   libucrt:lcidtoname_downlevel.obj
 0001:00012f3c       _fclose_nolock             0000000180013f3c f   libucrt:fclose.obj
 0001:00012fc0       fclose                     0000000180013fc0 f   libucrt:fclose.obj
 0001:0001302c       ??$?RV<lambda_b521505b218e5242e90febf6bfebc422>@@AEAV<lambda_6978c1fb23f02e42e1d9e99668cc68aa>@@V<lambda_314360699dd331753a4119843814e9a7>@@@?$__crt_seh_guarded_call@H@@QEAAH$$QEAV<lambda_b521505b218e5242e90febf6bfebc422>@@AEAV<lambda_6978c1fb23f02e42e1d9e99668cc68aa>@@$$QEAV<lambda_314360699dd331753a4119843814e9a7>@@@Z 000000018001402c f i libucrt:commit.obj
 0001:000130b8       _commit                    00000001800140b8 f   libucrt:commit.obj
 0001:000136ec       _write                     00000001800146ec f   libucrt:write.obj
 0001:000137d8       _write_nolock              00000001800147d8 f   libucrt:write.obj
 0001:00013abc       __acrt_lowio_create_handle_array 0000000180014abc f   libucrt:osfinfo.obj
 0001:00013b54       __acrt_lowio_destroy_handle_array 0000000180014b54 f   libucrt:osfinfo.obj
 0001:00013ba4       __acrt_lowio_ensure_fh_exists 0000000180014ba4 f   libucrt:osfinfo.obj
 0001:00013c5c       __acrt_lowio_lock_fh       0000000180014c5c f   libucrt:osfinfo.obj
 0001:00013c80       __acrt_lowio_unlock_fh     0000000180014c80 f   libucrt:osfinfo.obj
 0001:00013ca4       _free_osfhnd               0000000180014ca4 f   libucrt:osfinfo.obj
 0001:00013d60       _get_osfhandle             0000000180014d60 f   libucrt:osfinfo.obj
 0001:00013dd8       _isleadbyte_l              0000000180014dd8 f i libucrt:_wctype.obj
 0001:00014174       __acrt_LCMapStringA        0000000180015174 f   libucrt:lcmapstringa.obj
 0001:0001420c       __acrt_add_locale_ref      000000018001520c f   libucrt:locale_refcounting.obj
 0001:00014298       __acrt_free_locale         0000000180015298 f   libucrt:locale_refcounting.obj
 0001:00014410       __acrt_locale_add_lc_time_reference 0000000180015410 f   libucrt:locale_refcounting.obj
 0001:00014438       __acrt_locale_free_lc_time_if_unreferenced 0000000180015438 f   libucrt:locale_refcounting.obj
 0001:00014470       __acrt_locale_release_lc_time_reference 0000000180015470 f   libucrt:locale_refcounting.obj
 0001:00014498       __acrt_release_locale_ref  0000000180015498 f   libucrt:locale_refcounting.obj
 0001:00014540       __acrt_update_thread_locale_data 0000000180015540 f   libucrt:locale_refcounting.obj
 0001:000145b0       _updatetlocinfoEx_nolock   00000001800155b0 f   libucrt:locale_refcounting.obj
 0001:00014618       __acrt_fp_strflt_to_string 0000000180015618 f   libucrt:_fptostr.obj
 0001:000146d8       __acrt_fltout              00000001800156d8 f   libucrt:cfout.obj
 0001:00015b48       __acrt_stdio_flush_and_write_narrow_nolock 0000000180016b48 f   libucrt:_flsbuf.obj
 0001:00015c30       _isatty                    0000000180016c30 f   libucrt:isatty.obj
 0001:00015c90       __acrt_locale_free_monetary 0000000180016c90 f   libucrt:initmon.obj
 0001:00015d9c       __acrt_locale_free_numeric 0000000180016d9c f   libucrt:initnum.obj
 0001:00015e60       __acrt_locale_free_time    0000000180016e60 f   libucrt:inittime.obj
 0001:00015f68       __acrt_GetStringTypeA      0000000180016f68 f   libucrt:getstringtypea.obj
 0001:0001611c       __acrt_stdio_allocate_buffer_nolock 000000018001711c f   libucrt:_getbuf.obj
 0001:00016180       _getfpcontrolword          0000000180017180 f   libucrt:_fenvutils.obj
 0001:00016198       _getfpstatusword           0000000180017198 f   libucrt:_fenvutils.obj
 0001:000161ac       _setfpcontrolword          00000001800171ac f   libucrt:_fenvutils.obj
 0001:000161b8       _setfpstatusword           00000001800171b8 f   libucrt:_fenvutils.obj
 0001:000162e0       qsort                      00000001800172e0 f   libucrt:qsort.obj
 0001:00016614       strncpy_s                  0000000180017614 f   libucrt:strncpy_s.obj
 0001:000166e8       strpbrk                    00000001800176e8 f   libucrt:strpbrk.obj
 0001:00016788       _mbsdec                    0000000180017788 f   libucrt:mbsdec.obj
 0001:00016790       _mbsdec_l                  0000000180017790 f   libucrt:mbsdec.obj
 0001:00016840       _msize                     0000000180017840 f   libucrt:msize.obj
 0001:0001687c       _realloc_base              000000018001787c f   libucrt:realloc_base.obj
 0001:00016900       ??$?RV<lambda_bfedae4ebbf01fab1bb6dcc6a9e276e0>@@AEAV<lambda_2fe9b910cf3cbf4a0ab98a02ba45b3ec>@@V<lambda_237c231691f317818eb88cc1d5d642d6>@@@?$__crt_seh_guarded_call@H@@QEAAH$$QEAV<lambda_bfedae4ebbf01fab1bb6dcc6a9e276e0>@@AEAV<lambda_2fe9b910cf3cbf4a0ab98a02ba45b3ec>@@$$QEAV<lambda_237c231691f317818eb88cc1d5d642d6>@@@Z 0000000180017900 f i libucrt:close.obj
 0001:00016974       _close                     0000000180017974 f   libucrt:close.obj
 0001:00016a18       _close_nolock              0000000180017a18 f   libucrt:close.obj
 0001:00016ad4       ?__acrt_stdio_free_stream@@YAXV__crt_stdio_stream@@@Z 0000000180017ad4 f   libucrt:stream.obj
 0001:00016ca4       _lseeki64                  0000000180017ca4 f   libucrt:lseek.obj
 0001:00016cac       _lseeki64_nolock           0000000180017cac f   libucrt:lseek.obj
 0001:00016cb4       _putwch_nolock             0000000180017cb4 f   libucrt:putwch.obj
 0001:00016d10       _query_app_type            0000000180017d10 f   libucrt:report_runtime_error.obj
 0001:00016d18       __strncnt                  0000000180017d18 f   libucrt:strncnt.obj
 0001:00016d30       fegetenv                   0000000180017d30 f   libucrt:fegetenv.obj
 0001:00016d50       fesetenv                   0000000180017d50 f   libucrt:fesetenv.obj
 0001:00016d9c       feholdexcept               0000000180017d9c f   libucrt:feholdexcept.obj
 0001:00016dec       ceil                       0000000180017dec f   libucrt:ceil.obj
 0001:00016eb0       log10                      0000000180017eb0 f   libucrt:log10.obj
 0001:0001745c       _clearfp                   000000018001845c f   libucrt:ieee.obj
 0001:000174b0       _controlfp                 00000001800184b0 f   libucrt:ieee.obj
 0001:000174bc       _statusfp                  00000001800184bc f   libucrt:ieee.obj
 0001:000177b0       _get_fpsr                  00000001800187b0 f   libucrt:fpsr.obj
 0001:000177c0       _set_fpsr                  00000001800187c0 f   libucrt:fpsr.obj
 0001:000177ca       _fclrf                     00000001800187ca f   libucrt:fpsr.obj
 0001:000177de       _frnd                      00000001800187de f   libucrt:fpsr.obj
 0001:00017800       __dcrt_lowio_initialize_console_output 0000000180018800 f   libucrt:initcon.obj
 0001:0001783c       __dcrt_terminate_console_output 000000018001883c f   libucrt:initcon.obj
 0001:00017980       _handle_error              0000000180018980 f   libucrt:libm_error.obj
 0001:00017aa8       _handle_nan                0000000180018aa8 f   libucrt:libm_error.obj
 0001:00017ad0       __acrt_initialize_fma3     0000000180018ad0 f   libucrt:fma3_available.obj
 0001:00017b40       _log10_special             0000000180018b40 f   libucrt:log_special.obj
 0001:00017b60       _log_special               0000000180018b60 f   libucrt:log_special.obj
 0001:00017c18       _raise_exc                 0000000180018c18 f   libucrt:fpexcept.obj
 0001:00017c40       _raise_exc_ex              0000000180018c40 f   libucrt:fpexcept.obj
 0001:00017f48       _set_errno_from_matherr    0000000180018f48 f   libucrt:fpexcept.obj
 0001:00017f78       _clrfp                     0000000180018f78 f   libucrt:fpctrl.obj
 0001:00017f98       _ctrlfp                    0000000180018f98 f   libucrt:fpctrl.obj
 0001:00018014       _set_statfp                0000000180019014 f   libucrt:fpctrl.obj
 0001:00018034       _statfp                    0000000180019034 f   libucrt:fpctrl.obj
 0001:00018046       IsProcessorFeaturePresent  0000000180019046 f   kernel32:KERNEL32.dll
 0001:0001804c       RtlUnwindEx                000000018001904c f   kernel32:KERNEL32.dll
 0001:00018054       ?DloadAcquireSectionWriteAccess@@YAXXZ 0000000180019054 f i DelayImp:delayhlp.obj
 0001:00018110       ?DloadGetSRWLockFunctionPointers@@YAEXZ 0000000180019110 f i DelayImp:delayhlp.obj
 0001:000181ac       ?DloadMakePermanentImageCommit@@YAXPEAX_K@Z 00000001800191ac f i DelayImp:delayhlp.obj
 0001:00018244       ?DloadObtainSection@@YAPEAXPEAK0@Z 0000000180019244 f i DelayImp:delayhlp.obj
 0001:000182dc       ?DloadProtectSection@@YAXKPEAK@Z 00000001800192dc f i DelayImp:delayhlp.obj
 0001:0001836c       ?DloadReleaseSectionWriteAccess@@YAXXZ 000000018001936c f i DelayImp:delayhlp.obj
 0001:00018410       __delayLoadHelper2         0000000180019410 f   DelayImp:delayhlp.obj
 0001:00018710       _FindPESection             0000000180019710 f   LIBCMT:pesect.obj
 0001:00018760       _IsNonwritableInCurrentImage 0000000180019760 f   LIBCMT:pesect.obj
 0001:000187b0       _ValidateImageBase         00000001800197b0 f   LIBCMT:pesect.obj
 0001:000187e0       __GSHandlerCheck           00000001800197e0 f   LIBCMT:_gshandler_.obj
 0001:00018800       __GSHandlerCheckCommon     0000000180019800 f   LIBCMT:_gshandler_.obj
 0001:00018870       _alloca_probe              0000000180019870 f   LIBCMT:_chkstk_.obj
 0001:00018870       __chkstk                   0000000180019870 f   LIBCMT:_chkstk_.obj
 0001:000188c4       strrchr                    00000001800198c4 f   libvcruntime:strrchr.obj
 0001:00018a20       memcmp                     0000000180019a20 f   libvcruntime:memcmp.obj
 0001:00018ae8       floor                      0000000180019ae8 f   libucrt:floor.obj
 0001:00018ba0       log                        0000000180019ba0 f   libucrt:log.obj
 0001:000190cc       sqrt                       000000018001a0cc f   libucrt:sqrt.obj
 0001:000191b0       _guard_dispatch_icall_nop  000000018001a1b0 f   LIBCMT:_guard_dispatch_.obj
 0002:00000000       __imp_GetModuleHandleA     000000018001b000     kernel32:KERNEL32.dll
 0002:00000008       __imp_RtlCaptureContext    000000018001b008     kernel32:KERNEL32.dll
 0002:00000010       __imp_RtlLookupFunctionEntry 000000018001b010     kernel32:KERNEL32.dll
 0002:00000018       __imp_RtlVirtualUnwind     000000018001b018     kernel32:KERNEL32.dll
 0002:00000020       __imp_UnhandledExceptionFilter 000000018001b020     kernel32:KERNEL32.dll
 0002:00000028       __imp_SetUnhandledExceptionFilter 000000018001b028     kernel32:KERNEL32.dll
 0002:00000030       __imp_GetCurrentProcess    000000018001b030     kernel32:KERNEL32.dll
 0002:00000038       __imp_TerminateProcess     000000018001b038     kernel32:KERNEL32.dll
 0002:00000040       __imp_IsProcessorFeaturePresent 000000018001b040     kernel32:KERNEL32.dll
 0002:00000048       __imp_QueryPerformanceCounter 000000018001b048     kernel32:KERNEL32.dll
 0002:00000050       __imp_GetCurrentProcessId  000000018001b050     kernel32:KERNEL32.dll
 0002:00000058       __imp_GetCurrentThreadId   000000018001b058     kernel32:KERNEL32.dll
 0002:00000060       __imp_GetSystemTimeAsFileTime 000000018001b060     kernel32:KERNEL32.dll
 0002:00000068       __imp_InitializeSListHead  000000018001b068     kernel32:KERNEL32.dll
 0002:00000070       __imp_IsDebuggerPresent    000000018001b070     kernel32:KERNEL32.dll
 0002:00000078       __imp_GetStartupInfoW      000000018001b078     kernel32:KERNEL32.dll
 0002:00000080       __imp_GetModuleHandleW     000000018001b080     kernel32:KERNEL32.dll
 0002:00000088       __imp_RtlUnwindEx          000000018001b088     kernel32:KERNEL32.dll
 0002:00000090       __imp_RtlPcToFileHeader    000000018001b090     kernel32:KERNEL32.dll
 0002:00000098       __imp_RaiseException       000000018001b098     kernel32:KERNEL32.dll
 0002:000000a0       __imp_InterlockedFlushSList 000000018001b0a0     kernel32:KERNEL32.dll
 0002:000000a8       __imp_GetLastError         000000018001b0a8     kernel32:KERNEL32.dll
 0002:000000b0       __imp_SetLastError         000000018001b0b0     kernel32:KERNEL32.dll
 0002:000000b8       __imp_EnterCriticalSection 000000018001b0b8     kernel32:KERNEL32.dll
 0002:000000c0       __imp_LeaveCriticalSection 000000018001b0c0     kernel32:KERNEL32.dll
 0002:000000c8       __imp_DeleteCriticalSection 000000018001b0c8     kernel32:KERNEL32.dll
 0002:000000d0       __imp_InitializeCriticalSectionAndSpinCount 000000018001b0d0     kernel32:KERNEL32.dll
 0002:000000d8       __imp_TlsAlloc             000000018001b0d8     kernel32:KERNEL32.dll
 0002:000000e0       __imp_TlsGetValue          000000018001b0e0     kernel32:KERNEL32.dll
 0002:000000e8       __imp_TlsSetValue          000000018001b0e8     kernel32:KERNEL32.dll
 0002:000000f0       __imp_TlsFree              000000018001b0f0     kernel32:KERNEL32.dll
 0002:000000f8       __imp_FreeLibrary          000000018001b0f8     kernel32:KERNEL32.dll
 0002:00000100       __imp_GetProcAddress       000000018001b100     kernel32:KERNEL32.dll
 0002:00000108       __imp_LoadLibraryExW       000000018001b108     kernel32:KERNEL32.dll
 0002:00000110       __imp_ExitProcess          000000018001b110     kernel32:KERNEL32.dll
 0002:00000118       __imp_GetModuleHandleExW   000000018001b118     kernel32:KERNEL32.dll
 0002:00000120       __imp_GetModuleFileNameA   000000018001b120     kernel32:KERNEL32.dll
 0002:00000128       __imp_MultiByteToWideChar  000000018001b128     kernel32:KERNEL32.dll
 0002:00000130       __imp_WideCharToMultiByte  000000018001b130     kernel32:KERNEL32.dll
 0002:00000138       __imp_HeapFree             000000018001b138     kernel32:KERNEL32.dll
 0002:00000140       __imp_HeapAlloc            000000018001b140     kernel32:KERNEL32.dll
 0002:00000148       __imp_LCMapStringW         000000018001b148     kernel32:KERNEL32.dll
 0002:00000150       __imp_GetStdHandle         000000018001b150     kernel32:KERNEL32.dll
 0002:00000158       __imp_GetFileType          000000018001b158     kernel32:KERNEL32.dll
 0002:00000160       __imp_GetACP               000000018001b160     kernel32:KERNEL32.dll
 0002:00000168       __imp_GetStringTypeW       000000018001b168     kernel32:KERNEL32.dll
 0002:00000170       __imp_FindClose            000000018001b170     kernel32:KERNEL32.dll
 0002:00000178       __imp_FindFirstFileExA     000000018001b178     kernel32:KERNEL32.dll
 0002:00000180       __imp_FindNextFileA        000000018001b180     kernel32:KERNEL32.dll
 0002:00000188       __imp_IsValidCodePage      000000018001b188     kernel32:KERNEL32.dll
 0002:00000190       __imp_GetOEMCP             000000018001b190     kernel32:KERNEL32.dll
 0002:00000198       __imp_GetCPInfo            000000018001b198     kernel32:KERNEL32.dll
 0002:000001a0       __imp_GetCommandLineA      000000018001b1a0     kernel32:KERNEL32.dll
 0002:000001a8       __imp_GetCommandLineW      000000018001b1a8     kernel32:KERNEL32.dll
 0002:000001b0       __imp_GetEnvironmentStringsW 000000018001b1b0     kernel32:KERNEL32.dll
 0002:000001b8       __imp_FreeEnvironmentStringsW 000000018001b1b8     kernel32:KERNEL32.dll
 0002:000001c0       __imp_GetProcessHeap       000000018001b1c0     kernel32:KERNEL32.dll
 0002:000001c8       __imp_FlushFileBuffers     000000018001b1c8     kernel32:KERNEL32.dll
 0002:000001d0       __imp_WriteFile            000000018001b1d0     kernel32:KERNEL32.dll
 0002:000001d8       __imp_GetConsoleCP         000000018001b1d8     kernel32:KERNEL32.dll
 0002:000001e0       __imp_GetConsoleMode       000000018001b1e0     kernel32:KERNEL32.dll
 0002:000001e8       __imp_SetStdHandle         000000018001b1e8     kernel32:KERNEL32.dll
 0002:000001f0       __imp_HeapSize             000000018001b1f0     kernel32:KERNEL32.dll
 0002:000001f8       __imp_HeapReAlloc          000000018001b1f8     kernel32:KERNEL32.dll
 0002:00000200       __imp_CloseHandle          000000018001b200     kernel32:KERNEL32.dll
 0002:00000208       __imp_SetFilePointerEx     000000018001b208     kernel32:KERNEL32.dll
 0002:00000210       __imp_WriteConsoleW        000000018001b210     kernel32:KERNEL32.dll
 0002:00000218       __imp_CreateFileW          000000018001b218     kernel32:KERNEL32.dll
 0002:00000220       __imp_GetSystemInfo        000000018001b220     kernel32:KERNEL32.dll
 0002:00000228       __imp_VirtualProtect       000000018001b228     kernel32:KERNEL32.dll
 0002:00000230       __imp_VirtualQuery         000000018001b230     kernel32:KERNEL32.dll
 0002:00000238       __imp_LoadLibraryExA       000000018001b238     kernel32:KERNEL32.dll
 0002:00000240       \177KERNEL32_NULL_THUNK_DATA 000000018001b240     kernel32:KERNEL32.dll
 0002:00000248       __guard_check_icall_fptr   000000018001b248     LIBCMT:guard_support.obj
 0002:00000250       __guard_dispatch_icall_fptr 000000018001b250     LIBCMT:guard_support.obj
 0002:00000258       __xc_a                     000000018001b258     LIBCMT:initializers.obj
 0002:00000260       _register_addon_           000000018001b260     addon.obj
 0002:00000268       __xc_z                     000000018001b268     LIBCMT:initializers.obj
 0002:00000270       __xi_a                     000000018001b270     LIBCMT:initializers.obj
 0002:00000278       __acrt_stdio_initializer   000000018001b278     libucrt:stdio_initializer.obj
 0002:00000280       __acrt_multibyte_initializer 000000018001b280     libucrt:multibyte_initializer.obj
 0002:00000288       __acrt_tran_fma3_initializer 000000018001b288     libucrt:fma3_initializer.obj
 0002:00000290       __xi_z                     000000018001b290     LIBCMT:initializers.obj
 0002:00000298       __xp_a                     000000018001b298     LIBCMT:initializers.obj
 0002:000002a0       __acrt_locale_terminator   000000018001b2a0     libucrt:locale_initializer.obj
 0002:000002a8       __dcrt_console_output_terminator 000000018001b2a8     libucrt:console_output_initializer.obj
 0002:000002b0       __acrt_stdio_terminator    000000018001b2b0     libucrt:stdio_initializer.obj
 0002:000002b8       __xp_z                     000000018001b2b8     LIBCMT:initializers.obj
 0002:000002c0       __xt_a                     000000018001b2c0     LIBCMT:initializers.obj
 0002:000002c8       __xt_z                     000000018001b2c8     LIBCMT:initializers.obj
 0002:000002d0       __sz_node_exe              000000018001b2d0     node:node.exe
 0002:000002e8       ??_7type_info@@6B@         000000018001b2e8     LIBCMT:std_type_info_static.obj
 0002:000002f0       _pRawDllMain               000000018001b2f0     LIBCMT:dll_dllmain.obj
 0002:000002f0       _pDefaultRawDllMain        000000018001b2f0     LIBCMT:dll_dllmain.obj
 0002:00000310       ??_7exception@std@@6B@     000000018001b310     LIBCMT:throw_bad_alloc.obj
 0002:00000320       ??_C@_0BC@EOODALEL@Unknown?5exception?$AA@ 000000018001b320     LIBCMT:throw_bad_alloc.obj
 0002:00000340       ??_7bad_alloc@std@@6B@     000000018001b340     LIBCMT:throw_bad_alloc.obj
 0002:00000350       ??_C@_0P@GHFPNOJB@bad?5allocation?$AA@ 000000018001b350     LIBCMT:throw_bad_alloc.obj
 0002:00000368       ??_7bad_array_new_length@std@@6B@ 000000018001b368     LIBCMT:throw_bad_alloc.obj
 0002:00000378       ??_C@_0BF@KINCDENJ@bad?5array?5new?5length?$AA@ 000000018001b378     LIBCMT:throw_bad_alloc.obj
 0002:00000398       ??_7logic_error@std@@6B@   000000018001b398     libcpmt:xthrow.obj
 0002:000003b0       ??_7length_error@std@@6B@  000000018001b3b0     libcpmt:xthrow.obj
 0002:000003c8       ??_7bad_function_call@std@@6B@ 000000018001b3c8     libcpmt:xthrow.obj
 0002:000003d8       ??_C@_0BC@DPJNKNAF@bad?5function?5call?$AA@ 000000018001b3d8     libcpmt:xthrow.obj
 0002:00000450       ??_C@_1BC@DNHGCMLG@?$AAa?$AAd?$AAv?$AAa?$AAp?$AAi?$AA3?$AA2?$AA?$AA@ 000000018001b450     libvcruntime:winapi_downlevel.obj
 0002:00000468       ??_C@_1DM@KHCHBNEB@?$AAa?$AAp?$AAi?$AA?9?$AAm?$AAs?$AA?9?$AAw?$AAi?$AAn?$AA?9?$AAc?$AAo?$AAr?$AAe?$AA?9?$AAf?$AAi?$AAb?$AAe?$AAr?$AAs?$AA?9?$AAl?$AA1?$AA?9?$AA1?$AA?9?$AA1?$AA?$AA@ 000000018001b468     libvcruntime:winapi_downlevel.obj
 0002:000004a8       ??_C@_1DK@LPPGFMPP@?$AAa?$AAp?$AAi?$AA?9?$AAm?$AAs?$AA?9?$AAw?$AAi?$AAn?$AA?9?$AAc?$AAo?$AAr?$AAe?$AA?9?$AAs?$AAy?$AAn?$AAc?$AAh?$AA?9?$AAl?$AA1?$AA?9?$AA2?$AA?9?$AA0?$AA?$AA@ 000000018001b4a8     libvcruntime:winapi_downlevel.obj
 0002:000004e8       ??_C@_1BC@GDMECMAK@?$AAk?$AAe?$AAr?$AAn?$AAe?$AAl?$AA3?$AA2?$AA?$AA@ 000000018001b4e8     libvcruntime:winapi_downlevel.obj
 0002:00000508       ??_C@_08KNHFBNJ@FlsAlloc?$AA@ 000000018001b508     libvcruntime:winapi_downlevel.obj
 0002:00000520       ??_C@_07PEJMOBNF@FlsFree?$AA@ 000000018001b520     libvcruntime:winapi_downlevel.obj
 0002:00000530       ??_C@_0M@GDNOONDI@FlsGetValue?$AA@ 000000018001b530     libvcruntime:winapi_downlevel.obj
 0002:00000548       ??_C@_0M@JCPCPOEF@FlsSetValue?$AA@ 000000018001b548     libvcruntime:winapi_downlevel.obj
 0002:00000560       ??_C@_0BM@HCFOFFN@InitializeCriticalSectionEx?$AA@ 000000018001b560     libvcruntime:winapi_downlevel.obj
 0002:000008a0       ??_C@_08EHJDFFNH@__based?$CI?$AA@ 000000018001b8a0     libvcruntime:undname.obj
 0002:000008b0       ??_C@_07KOLFKCDI@__cdecl?$AA@ 000000018001b8b0     libvcruntime:undname.obj
 0002:000008b8       ??_C@_08GHMPAG@__pascal?$AA@ 000000018001b8b8     libvcruntime:undname.obj
 0002:000008c8       ??_C@_09IFJBGAPI@__stdcall?$AA@ 000000018001b8c8     libvcruntime:undname.obj
 0002:000008d8       ??_C@_0L@NPHFGOKO@__thiscall?$AA@ 000000018001b8d8     libvcruntime:undname.obj
 0002:000008e8       ??_C@_0L@JMKHOMEK@__fastcall?$AA@ 000000018001b8e8     libvcruntime:undname.obj
 0002:000008f8       ??_C@_0N@BCKKPABJ@__vectorcall?$AA@ 000000018001b8f8     libvcruntime:undname.obj
 0002:00000908       ??_C@_09HIJEGCPM@__clrcall?$AA@ 000000018001b908     libvcruntime:undname.obj
 0002:00000914       ??_C@_06GHPCKEAG@__eabi?$AA@ 000000018001b914     libvcruntime:undname.obj
 0002:00000920       ??_C@_07JOMMBBKO@__ptr64?$AA@ 000000018001b920     libvcruntime:undname.obj
 0002:00000928       ??_C@_0L@PILCLIHE@__restrict?$AA@ 000000018001b928     libvcruntime:undname.obj
 0002:00000938       ??_C@_0M@GFIIJFMG@__unaligned?$AA@ 000000018001b938     libvcruntime:undname.obj
 0002:00000948       ??_C@_09DHDLOLLB@restrict?$CI?$AA@ 000000018001b948     libvcruntime:undname.obj
 0002:00000952       ??_C@_00CNPNBAHC@?$AA@     000000018001b952     libvcruntime:undname.obj
 0002:00000954       ??_C@_04NIHEBCM@?5new?$AA@ 000000018001b954     libvcruntime:undname.obj
 0002:00000960       ??_C@_07FPCDHGMM@?5delete?$AA@ 000000018001b960     libvcruntime:undname.obj
 0002:00000968       ??_C@_01NEMOKFLO@?$DN?$AA@ 000000018001b968     libvcruntime:undname.obj
 0002:0000096c       ??_C@_02GPIOPFAK@?$DO?$DO?$AA@ 000000018001b96c     libvcruntime:undname.obj
 0002:00000970       ??_C@_02FODMEDOG@?$DM?$DM?$AA@ 000000018001b970     libvcruntime:undname.obj
 0002:00000974       ??_C@_01DCLJPIOD@?$CB?$AA@ 000000018001b974     libvcruntime:undname.obj
 0002:00000978       ??_C@_02EGOFBIJA@?$DN?$DN?$AA@ 000000018001b978     libvcruntime:undname.obj
[...]
 0004:00000edc       $pdata$__acrt_initialize_command_line 000000018002aedc     libucrt:argv_data.obj
 0004:00000ee8       $pdata$__dcrt_get_narrow_environment_from_os 000000018002aee8     libucrt:get_environment_from_os.obj
 0004:00000ef4       $pdata$_recalloc_base      000000018002aef4     libucrt:recalloc.obj
 0004:00000f00       $pdata$__acrt_initialize_heap 000000018002af00     libucrt:heap_handle.obj
 0004:00000f0c       $pdata$__acrt_execute_initializers 000000018002af0c     libucrt:shared_initialization.obj
 0004:00000f18       $pdata$__acrt_execute_uninitializers 000000018002af18     libucrt:shared_initialization.obj
 0004:00000f24       $pdata$??$?RV<lambda_c36588078e9f5dfd39652860aa6b3aaf>@@AEAV<lambda_ec61778202f4f5fc7e7711acc23c3bca>@@V<lambda_dc9d2797ccde5d239b4a0efae8ebd7db>@@@?$__crt_seh_guarded_call@P6AXH@Z@@QEAAP6AXH@Z$$QEAV<lambda_c36588078e9f5dfd39652860aa6b3aaf>@@AEAV<lambda_ec61778202f4f5fc7e7711acc23c3bca>@@$$QEAV<lambda_dc9d2797ccde5d239b4a0efae8ebd7db>@@@Z 000000018002af24     libucrt:signal.obj
 0004:00000f30       $pdata$__acrt_get_sigabrt_handler 000000018002af30     libucrt:signal.obj
 0004:00000f3c       $pdata$raise               000000018002af3c     libucrt:signal.obj
 0004:00000f48       $pdata$__acrt_invoke_user_matherr 000000018002af48     libucrt:matherr.obj
 0004:00000f54       $pdata$?GetTableIndexFromLocaleName@@YAHPEB_W@Z 000000018002af54     libucrt:lcidtoname_downlevel.obj
 0004:00000f60       $pdata$__acrt_DownlevelLocaleNameToLCID 000000018002af60     libucrt:lcidtoname_downlevel.obj
 0004:00000f6c       $pdata$_fclose_nolock      000000018002af6c     libucrt:fclose.obj
 0004:00000f78       $pdata$fclose              000000018002af78     libucrt:fclose.obj
 0004:00000f84       $pdata$??$?RV<lambda_b521505b218e5242e90febf6bfebc422>@@AEAV<lambda_6978c1fb23f02e42e1d9e99668cc68aa>@@V<lambda_314360699dd331753a4119843814e9a7>@@@?$__crt_seh_guarded_call@H@@QEAAH$$QEAV<lambda_b521505b218e5242e90febf6bfebc422>@@AEAV<lambda_6978c1fb23f02e42e1d9e99668cc68aa>@@$$QEAV<lambda_314360699dd331753a4119843814e9a7>@@@Z 000000018002af84     libucrt:commit.obj
 0004:00000f90       $pdata$_commit             000000018002af90     libucrt:commit.obj
 0004:00000f9c       $pdata$?write_double_translated_ansi_nolock@@YA?AUwrite_result@?A0x9c548279@@HQEBDI@Z 000000018002af9c     libucrt:write.obj
 0004:00000fa8       $pdata$?write_text_ansi_nolock@@YA?AUwrite_result@?A0x9c548279@@HQEBDI@Z 000000018002afa8     libucrt:write.obj
 0004:00000fb4       $pdata$?write_text_utf16le_nolock@@YA?AUwrite_result@?A0x9c548279@@HQEBDI@Z 000000018002afb4     libucrt:write.obj
 0004:00000fc0       $pdata$?write_text_utf8_nolock@@YA?AUwrite_result@?A0x9c548279@@HQEBDI@Z 000000018002afc0     libucrt:write.obj
 0004:00000fcc       $pdata$_write              000000018002afcc     libucrt:write.obj
 0004:00000fd8       $pdata$_write_nolock       000000018002afd8     libucrt:write.obj
 0004:00000fe4       $pdata$__acrt_lowio_create_handle_array 000000018002afe4     libucrt:osfinfo.obj
 0004:00000ff0       $pdata$__acrt_lowio_destroy_handle_array 000000018002aff0     libucrt:osfinfo.obj
 0004:00000ffc       $pdata$__acrt_lowio_ensure_fh_exists 000000018002affc     libucrt:osfinfo.obj
 0004:00001008       $pdata$_free_osfhnd        000000018002b008     libucrt:osfinfo.obj
 0004:00001014       $pdata$_get_osfhandle      000000018002b014     libucrt:osfinfo.obj
 0004:00001020       $pdata$_isleadbyte_l       000000018002b020     libucrt:_wctype.obj
 0004:0000102c       $pdata$?__acrt_LCMapStringA_stat@@YAHPEAU__crt_locale_pointers@@PEB_WKPEBDHPEADHHH@Z 000000018002b02c     libucrt:lcmapstringa.obj
 0004:00001038       $pdata$__acrt_LCMapStringA 000000018002b038     libucrt:lcmapstringa.obj
 0004:00001044       $pdata$__acrt_free_locale  000000018002b044     libucrt:locale_refcounting.obj
 0004:00001050       $pdata$__acrt_locale_free_lc_time_if_unreferenced 000000018002b050     libucrt:locale_refcounting.obj
 0004:0000105c       $pdata$__acrt_release_locale_ref 000000018002b05c     libucrt:locale_refcounting.obj
 0004:00001068       $pdata$__acrt_update_thread_locale_data 000000018002b068     libucrt:locale_refcounting.obj
 0004:00001074       $pdata$_updatetlocinfoEx_nolock 000000018002b074     libucrt:locale_refcounting.obj
 0004:00001080       $pdata$__acrt_fp_strflt_to_string 000000018002b080     libucrt:_fptostr.obj
 0004:0000108c       $pdata$__acrt_fltout       000000018002b08c     libucrt:cfout.obj
 0004:00001098       $pdata$??$write_buffer_nolock@D@@YA_NDV__crt_stdio_stream@@@Z 000000018002b098     libucrt:_flsbuf.obj
 0004:000010a4       $pdata$__acrt_stdio_flush_and_write_narrow_nolock 000000018002b0a4     libucrt:_flsbuf.obj
 0004:000010b0       $pdata$_isatty             000000018002b0b0     libucrt:isatty.obj
 0004:000010bc       $pdata$__acrt_locale_free_monetary 000000018002b0bc     libucrt:initmon.obj
 0004:000010c8       $pdata$__acrt_locale_free_numeric 000000018002b0c8     libucrt:initnum.obj
 0004:000010d4       $pdata$?free_crt_array_internal@@YAXQEAPEBX_K@Z 000000018002b0d4     libucrt:inittime.obj
 0004:000010e0       $pdata$__acrt_locale_free_time 000000018002b0e0     libucrt:inittime.obj
 0004:000010ec       $pdata$__acrt_GetStringTypeA 000000018002b0ec     libucrt:getstringtypea.obj
 0004:000010f8       $pdata$__acrt_stdio_allocate_buffer_nolock 000000018002b0f8     libucrt:_getbuf.obj
 0004:00001104       $pdata$_getfpcontrolword   000000018002b104     libucrt:_fenvutils.obj
 0004:00001110       $pdata$_getfpstatusword    000000018002b110     libucrt:_fenvutils.obj
 0004:0000111c       $pdata$_setfpstatusword    000000018002b11c     libucrt:_fenvutils.obj
 0004:00001128       $pdata$?shortsort@@YAXPEAD0_KP6AHPEBX2@Z@Z 000000018002b128     libucrt:qsort.obj
 0004:00001134       $pdata$2$?shortsort@@YAXPEAD0_KP6AHPEBX2@Z@Z 000000018002b134     libucrt:qsort.obj
 0004:00001140       $pdata$3$?shortsort@@YAXPEAD0_KP6AHPEBX2@Z@Z 000000018002b140     libucrt:qsort.obj
 0004:0000114c       $pdata$qsort               000000018002b14c     libucrt:qsort.obj
 0004:00001158       $pdata$4$qsort             000000018002b158     libucrt:qsort.obj
 0004:00001164       $pdata$5$qsort             000000018002b164     libucrt:qsort.obj
 0004:00001170       $pdata$strncpy_s           000000018002b170     libucrt:strncpy_s.obj
 0004:0000117c       $pdata$strpbrk             000000018002b17c     libucrt:strpbrk.obj
 0004:00001188       $pdata$_mbsdec_l           000000018002b188     libucrt:mbsdec.obj
 0004:00001194       $pdata$?initialize_multibyte@@YAHXZ 000000018002b194     libucrt:multibyte_initializer.obj
 0004:000011a0       $pdata$_msize              000000018002b1a0     libucrt:msize.obj
 0004:000011ac       $pdata$_realloc_base       000000018002b1ac     libucrt:realloc_base.obj
 0004:000011b8       $pdata$??$?RV<lambda_bfedae4ebbf01fab1bb6dcc6a9e276e0>@@AEAV<lambda_2fe9b910cf3cbf4a0ab98a02ba45b3ec>@@V<lambda_237c231691f317818eb88cc1d5d642d6>@@@?$__crt_seh_guarded_call@H@@QEAAH$$QEAV<lambda_bfedae4ebbf01fab1bb6dcc6a9e276e0>@@AEAV<lambda_2fe9b910cf3cbf4a0ab98a02ba45b3ec>@@$$QEAV<lambda_237c231691f317818eb88cc1d5d642d6>@@@Z 000000018002b1b8     libucrt:close.obj
 0004:000011c4       $pdata$_close              000000018002b1c4     libucrt:close.obj
 0004:000011d0       $pdata$_close_nolock       000000018002b1d0     libucrt:close.obj
 0004:000011dc       $pdata$??$common_lseek@_J@@YA_JH_JH@Z 000000018002b1dc     libucrt:lseek.obj
 0004:000011e8       $pdata$??$common_lseek_nolock@_J@@YA_JH_JH@Z 000000018002b1e8     libucrt:lseek.obj
 0004:000011f4       $pdata$_putwch_nolock      000000018002b1f4     libucrt:putwch.obj
 0004:00001200       $pdata$fegetenv            000000018002b200     libucrt:fegetenv.obj
 0004:0000120c       $pdata$fesetenv            000000018002b20c     libucrt:fesetenv.obj
 0004:00001218       $pdata$feholdexcept        000000018002b218     libucrt:feholdexcept.obj
 0004:00001230       $pdata$_clearfp            000000018002b230     libucrt:ieee.obj
 0004:0000123c       $pdata$common_control87    000000018002b23c     libucrt:ieee.obj
 0004:00001254       $pdata$__dcrt_lowio_initialize_console_output 000000018002b254     libucrt:initcon.obj
 0004:00001260       $pdata$__dcrt_terminate_console_output 000000018002b260     libucrt:initcon.obj
 0004:0000126c       $pdata$_call_matherr       000000018002b26c     libucrt:libm_error.obj
 0004:00001278       $pdata$_exception_enabled  000000018002b278     libucrt:libm_error.obj
 0004:00001284       $pdata$_handle_error       000000018002b284     libucrt:libm_error.obj
 0004:00001290       $pdata$__acrt_initialize_fma3 000000018002b290     libucrt:fma3_available.obj
 0004:0000129c       $pdata$_log10_special      000000018002b29c     libucrt:log_special.obj
 0004:000012a8       $pdata$_log_special        000000018002b2a8     libucrt:log_special.obj
 0004:000012b4       $pdata$_log_special_common 000000018002b2b4     libucrt:log_special.obj
 0004:000012c0       $pdata$_raise_exc          000000018002b2c0     libucrt:fpexcept.obj
 0004:000012cc       $pdata$_raise_exc_ex       000000018002b2cc     libucrt:fpexcept.obj
 0004:000012d8       $pdata$_set_errno_from_matherr 000000018002b2d8     libucrt:fpexcept.obj
 0004:000012e4       $pdata$_clrfp              000000018002b2e4     libucrt:fpctrl.obj
 0004:000012f0       $pdata$_ctrlfp             000000018002b2f0     libucrt:fpctrl.obj
 0004:000012fc       $pdata$_set_statfp         000000018002b2fc     libucrt:fpctrl.obj
 0004:00001308       $pdata$_statfp             000000018002b308     libucrt:fpctrl.obj
 0004:00001314       $pdata$?DloadAcquireSectionWriteAccess@@YAXXZ 000000018002b314     DelayImp:delayhlp.obj
 0004:00001320       $pdata$?DloadGetSRWLockFunctionPointers@@YAEXZ 000000018002b320     DelayImp:delayhlp.obj
 0004:0000132c       $pdata$?DloadMakePermanentImageCommit@@YAXPEAX_K@Z 000000018002b32c     DelayImp:delayhlp.obj
 0004:00001338       $pdata$?DloadObtainSection@@YAPEAXPEAK0@Z 000000018002b338     DelayImp:delayhlp.obj
 0004:00001344       $pdata$?DloadProtectSection@@YAXKPEAK@Z 000000018002b344     DelayImp:delayhlp.obj
 0004:00001350       $pdata$?DloadReleaseSectionWriteAccess@@YAXXZ 000000018002b350     DelayImp:delayhlp.obj
 0004:0000135c       $pdata$__delayLoadHelper2  000000018002b35c     DelayImp:delayhlp.obj
 0004:00001368       $pdata$_IsNonwritableInCurrentImage 000000018002b368     LIBCMT:pesect.obj
 0004:00001374       $pdata$__GSHandlerCheck    000000018002b374     LIBCMT:_gshandler_.obj
 0004:00001380       $pdata$__GSHandlerCheckCommon 000000018002b380     LIBCMT:_gshandler_.obj
 0004:00001398       $pdata$strrchr             000000018002b398     libvcruntime:strrchr.obj
 0004:000013bc       $pdata$sqrt                000000018002b3bc     libucrt:sqrt.obj
 0004:000013d4       $pdata$?fin$0@?0??dllmain_crt_process_attach@@YAHQEAUHINSTANCE__@@QEAX@Z@4HA 000000018002b3d4     LIBCMT:dll_dllmain.obj
 0004:000013e0       $pdata$?fin$0@?0??dllmain_crt_process_detach@@YAH_N@Z@4HA 000000018002b3e0     LIBCMT:dll_dllmain.obj
 0004:000013ec       $pdata$?filt$0@?0??dllmain_dispatch@@YAHQEAUHINSTANCE__@@KQEAX@Z@4HA 000000018002b3ec     LIBCMT:dll_dllmain.obj
 0004:000013f8       $pdata$__scrt_is_nonwritable_in_current_image$filt$0 000000018002b3f8     LIBCMT:utility.obj
 0004:00001404       $pdata$?fin$0@?0???$?RV<lambda_aa279a7bcb127014629d5b1d62c7325d>@@AEAV<lambda_0a64b6a4deda75c01876f29c44fc5eb3>@@V<lambda_3323e69fbefe9d1a11713e670d47cdfa>@@@?$__crt_seh_guarded_call@H@@QEAAH$$QEAV<lambda_aa279a7bcb127014629d5b1d62c7325d>@@AEAV<lambda_0a64b6a4deda75c01876f29c44fc5eb3>@@$$QEAV<lambda_3323e69fbefe9d1a11713e670d47cdfa>@@@Z@4HA 000000018002b404     libucrt:output.obj
 0004:00001410       $pdata$_query_new_handler$fin$0 000000018002b410     libucrt:new_handler.obj
 0004:0000141c       $pdata$?filt$0@?0??common_exit@@YAXHW4_crt_exit_cleanup_mode@@W4_crt_exit_return_mode@@@Z@4HA 000000018002b41c     libucrt:exit.obj
 0004:00001428       $pdata$?fin$1@?0??common_exit@@YAXHW4_crt_exit_cleanup_mode@@W4_crt_exit_return_mode@@@Z@4HA 000000018002b428     libucrt:exit.obj
 0004:00001434       $pdata$?fin$0@?0???$?RV<lambda_e24bbb7b643b32fcea6fa61b31d4c984>@@AEAV<lambda_275893d493268fdec8709772e3fcec0e>@@V<lambda_9d71df4d7cf3f480f8d633942495c3b0>@@@?$__crt_seh_guarded_call@H@@QEAAH$$QEAV<lambda_e24bbb7b643b32fcea6fa61b31d4c984>@@AEAV<lambda_275893d493268fdec8709772e3fcec0e>@@$$QEAV<lambda_9d71df4d7cf3f480f8d633942495c3b0>@@@Z@4HA 000000018002b434     libucrt:onexit.obj
 0004:00001440       $pdata$_fcloseall$fin$0    000000018002b440     libucrt:closeall.obj
 0004:0000144c       $pdata$common_flush_all$fin$0 000000018002b44c     libucrt:fflush.obj
 0004:00001458       $pdata$common_flush_all$fin$1 000000018002b458     libucrt:fflush.obj
 0004:00001464       $pdata$__acrt_lowio_ensure_fh_exists$fin$0 000000018002b464     libucrt:osfinfo.obj
 0004:00001464       $pdata$__acrt_initialize_lowio$fin$0 000000018002b464     libucrt:ioinit.obj
 0004:00001470       $pdata$?fin$0@?0???$?RV<lambda_c36588078e9f5dfd39652860aa6b3aaf>@@AEAV<lambda_ec61778202f4f5fc7e7711acc23c3bca>@@V<lambda_dc9d2797ccde5d239b4a0efae8ebd7db>@@@?$__crt_seh_guarded_call@P6AXH@Z@@QEAAP6AXH@Z$$QEAV<lambda_c36588078e9f5dfd39652860aa6b3aaf>@@AEAV<lambda_ec61778202f4f5fc7e7711acc23c3bca>@@$$QEAV<lambda_dc9d2797ccde5d239b4a0efae8ebd7db>@@@Z@4HA 000000018002b470     libucrt:signal.obj
 0004:00001470       $pdata$?fin$0@?0???$?RV<lambda_5e887d1dcbef67a5eb4283622ba103bf>@@AEAV<lambda_4466841279450cc726390878d4a41900>@@V<lambda_341c25c0346d94847f1f3c463c57e077>@@@?$__crt_seh_guarded_call@X@@QEAAX$$QEAV<lambda_5e887d1dcbef67a5eb4283622ba103bf>@@AEAV<lambda_4466841279450cc726390878d4a41900>@@$$QEAV<lambda_341c25c0346d94847f1f3c463c57e077>@@@Z@4HA 000000018002b470     libucrt:per_thread_data.obj
 0004:00001470       $pdata$?fin$0@?0???$?RV<lambda_72d1df2b273a38828b1ce30cbf4cdab5>@@AEAV<lambda_876a65b173b8412d3a47c70a915b0cf4>@@V<lambda_41932305e351933ebe8f8be3ed8bb5dc>@@@?$__crt_seh_guarded_call@X@@QEAAX$$QEAV<lambda_72d1df2b273a38828b1ce30cbf4cdab5>@@AEAV<lambda_876a65b173b8412d3a47c70a915b0cf4>@@$$QEAV<lambda_41932305e351933ebe8f8be3ed8bb5dc>@@@Z@4HA 000000018002b470     libucrt:per_thread_data.obj
 0004:00001470       $pdata$?fin$0@?0???$?RV<lambda_46352004c1216016012b18bd6f87e700>@@AEAV<lambda_3bd07e1a1191394380780325891bf33f>@@V<lambda_334532d3f185bcaa59b5be82d7d22bff>@@@?$__crt_seh_guarded_call@X@@QEAAX$$QEAV<lambda_46352004c1216016012b18bd6f87e700>@@AEAV<lambda_3bd07e1a1191394380780325891bf33f>@@$$QEAV<lambda_334532d3f185bcaa59b5be82d7d22bff>@@@Z@4HA 000000018002b470     libucrt:per_thread_data.obj
 0004:00001470       $pdata$?fin$0@?0???$?RV<lambda_fb3a7dec4e47f37f22dae91bb15c9095>@@AEAV<lambda_698284760c8add0bfb0756c19673e34b>@@V<lambda_dfb8eca1e75fef3034a8fb18dd509707>@@@?$__crt_seh_guarded_call@X@@QEAAX$$QEAV<lambda_fb3a7dec4e47f37f22dae91bb15c9095>@@AEAV<lambda_698284760c8add0bfb0756c19673e34b>@@$$QEAV<lambda_dfb8eca1e75fef3034a8fb18dd509707>@@@Z@4HA 000000018002b470     libucrt:per_thread_data.obj
 0004:00001470       $pdata$?fin$0@?0???$?RV<lambda_99476a1ad63dd22509b5d3e65b0ffc95>@@AEAV<lambda_ad1ced32f4ac17aa236e5ef05d6b3b7c>@@V<lambda_f7424dd8d45958661754dc4f2697e9c3>@@@?$__crt_seh_guarded_call@X@@QEAAX$$QEAV<lambda_99476a1ad63dd22509b5d3e65b0ffc95>@@AEAV<lambda_ad1ced32f4ac17aa236e5ef05d6b3b7c>@@$$QEAV<lambda_f7424dd8d45958661754dc4f2697e9c3>@@@Z@4HA 000000018002b470     libucrt:mbctype.obj
 0004:00001470       $pdata$?fin$0@?0???$?RV<lambda_b8c45f8f788dd370798f47cfe8ac3a86>@@AEAV<lambda_4e60a939b0d047cfe11ddc22648dfba9>@@V<lambda_332c3edc96d0294ec56c57d38c1cdfd5>@@@?$__crt_seh_guarded_call@H@@QEAAH$$QEAV<lambda_b8c45f8f788dd370798f47cfe8ac3a86>@@AEAV<lambda_4e60a939b0d047cfe11ddc22648dfba9>@@$$QEAV<lambda_332c3edc96d0294ec56c57d38c1cdfd5>@@@Z@4HA 000000018002b470     libucrt:onexit.obj
 0004:0000147c       $pdata$__acrt_update_thread_multibyte_data$fin$0 000000018002b47c     libucrt:mbctype.obj
 0004:00001488       $pdata$raise$fin$0         000000018002b488     libucrt:signal.obj
 0004:00001494       $pdata$fclose$fin$0        000000018002b494     libucrt:fclose.obj
 0004:000014a0       $pdata$_write$fin$0        000000018002b4a0     libucrt:write.obj
 0004:000014a0       $pdata$?fin$0@?0???$common_lseek@_J@@YA_JH_JH@Z@4HA 000000018002b4a0     libucrt:lseek.obj
 0004:000014ac       $pdata$__acrt_uninitialize_locale$fin$0 000000018002b4ac     libucrt:wsetlocale.obj
 0004:000014ac       $pdata$__acrt_update_thread_locale_data$fin$0 000000018002b4ac     libucrt:locale_refcounting.obj
 0004:000014b8       $pdata$?fin$0@?0???$?RV<lambda_bfedae4ebbf01fab1bb6dcc6a9e276e0>@@AEAV<lambda_2fe9b910cf3cbf4a0ab98a02ba45b3ec>@@V<lambda_237c231691f317818eb88cc1d5d642d6>@@@?$__crt_seh_guarded_call@H@@QEAAH$$QEAV<lambda_bfedae4ebbf01fab1bb6dcc6a9e276e0>@@AEAV<lambda_2fe9b910cf3cbf4a0ab98a02ba45b3ec>@@$$QEAV<lambda_237c231691f317818eb88cc1d5d642d6>@@@Z@4HA 000000018002b4b8     libucrt:close.obj
 0004:000014b8       $pdata$?fin$0@?0???$?RV<lambda_b521505b218e5242e90febf6bfebc422>@@AEAV<lambda_6978c1fb23f02e42e1d9e99668cc68aa>@@V<lambda_314360699dd331753a4119843814e9a7>@@@?$__crt_seh_guarded_call@H@@QEAAH$$QEAV<lambda_b521505b218e5242e90febf6bfebc422>@@AEAV<lambda_6978c1fb23f02e42e1d9e99668cc68aa>@@$$QEAV<lambda_314360699dd331753a4119843814e9a7>@@@Z@4HA 000000018002b4b8     libucrt:commit.obj
 0004:000014c4       $pdata$_ctrlfp$filt$0      000000018002b4c4     libucrt:fpctrl.obj
 0004:000014c4       $pdata$common_control87$filt$0 000000018002b4c4     libucrt:ieee.obj
 0004:000014d0       $pdata$_IsNonwritableInCurrentImage$filt$0 000000018002b4d0     LIBCMT:pesect.obj
 0005:00000000       __guard_fids__             000000018002c000     libucrt:initialization.obj
 0005:00000060       __guard_fids__             000000018002c060     libucrt:stdio_initializer.obj
 0005:00000064       __guard_fids__             000000018002c064     libucrt:stdio_initializer.obj
 0005:00000068       __guard_fids___acrt_initialize_ptd 000000018002c068     libucrt:per_thread_data.obj
 0005:0000006c       __guard_fids_??$expand_argument_wildcards@D@@YAHQEAD0AEAV?$argument_list@D@?A0xca0879c4@@@Z 000000018002c06c     libucrt:argv_wildcards.obj
 0005:00000070       __guard_fids__             000000018002c070     libucrt:locale_initializer.obj
 0005:00000074       __guard_fids__             000000018002c074     libucrt:multibyte_initializer.obj
 0005:00000078       __guard_fids__             000000018002c078     libucrt:console_output_initializer.obj
 0005:0000007c       __guard_fids__             000000018002c07c     libucrt:fma3_initializer.obj
 0005:00000080       __guard_fids__             000000018002c080     LIBCMT:std_type_info_static.obj
 0005:00000084       __guard_fids_?dllmain_crt_process_attach@@YAHQEAUHINSTANCE__@@QEAX@Z 000000018002c084     LIBCMT:dll_dllmain.obj
 0005:0000008c       __guard_fids_?dllmain_dispatch@@YAHQEAUHINSTANCE__@@KQEAX@Z 000000018002c08c     LIBCMT:dll_dllmain.obj
 0005:00000090       __guard_fids__             000000018002c090     LIBCMT:throw_bad_alloc.obj
 0005:00000098       __guard_fids__             000000018002c098     LIBCMT:throw_bad_alloc.obj
 0005:000000a0       __guard_fids__             000000018002c0a0     LIBCMT:throw_bad_alloc.obj
 0005:000000a8       __guard_fids__             000000018002c0a8     LIBCMT:guard_support.obj
 0005:000000ac       __guard_fids__             000000018002c0ac     libcpmt:xthrow.obj
 0005:000000b4       __guard_fids__             000000018002c0b4     libcpmt:xthrow.obj
 0005:000000bc       __guard_fids__             000000018002c0bc     libcpmt:xthrow.obj
 0005:000000c4       __guard_fids___vcrt_initialize_ptd 000000018002c0c4     libvcruntime:per_thread_data.obj
 0006:00000060       $R000000                   000000018002d060     * linker generated manifest res *

 Exports

  ordinal    name

        1    _register_addon_
