 standalone

 Timestamp is 5a954ead (Tue Feb 27 12:27:25 2018)

 Preferred load address is 0000000140000000

 Start         Length     Name                   Class
 0001:00000000 000165d0H .text$mn                CODE
 0001:000165d0 00000020H .text$mn$00             CODE
 0001:000165f0 00000230H .text$x                 CODE
 0002:00000000 00000220H .idata$5                DATA
 0002:00000220 00000010H .00cfg                  DATA
 0002:00000230 00000008H .CRT$XCA                DATA
 0002:00000238 00000008H .CRT$XCAA               DATA
 0002:00000240 00000008H .CRT$XCZ                DATA
 0002:00000248 00000008H .CRT$XIA                DATA
 0002:00000250 00000008H .CRT$XIAA               DATA
 0002:00000258 00000008H .CRT$XIAC               DATA
 0002:00000260 00000018H .CRT$XIC                DATA
 0002:00000278 00000008H .CRT$XIZ                DATA
 0002:00000280 00000008H .CRT$XPA                DATA
 0002:00000288 00000010H .CRT$XPX                DATA
 0002:00000298 00000008H .CRT$XPXA               DATA
 0002:000002a0 00000008H .CRT$XPZ                DATA
 0002:000002a8 00000008H .CRT$XTA                DATA
 0002:000002b0 00000010H .CRT$XTZ                DATA
 0002:000002c0 00008ff8H .rdata                  DATA
 0002:000092b8 00000000H .rdata$r                DATA
 0002:000092b8 00000368H .rdata$zzzdbg           DATA
 0002:00009620 00000008H .rtc$IAA                DATA
 0002:00009628 00000008H .rtc$IZZ                DATA
 0002:00009630 00000008H .rtc$TAA                DATA
 0002:00009638 00000008H .rtc$TZZ                DATA
 0002:00009640 00000e64H .xdata                  DATA
 0002:0000a4a4 00000000H .edata                  DATA
 0002:0000a4a4 00000014H .idata$2                DATA
 0002:0000a4b8 00000018H .idata$3                DATA
 0002:0000a4d0 00000220H .idata$4                DATA
 0002:0000a6f0 000004f6H .idata$6                DATA
 0003:00000000 00000940H .data                   DATA
 0003:00000940 00000000H .data$r                 DATA
 0003:00000940 000011c8H .bss                    DATA
 0004:00000000 0000117cH .pdata                  DATA
 0005:00000000 00000080H .gfids$x                DATA
 0005:00000080 00000020H .gfids$y                DATA
 0006:00000000 00000060H .rsrc$01                DATA
 0006:00000060 00000180H .rsrc$02                DATA

  Address         Publics by Value              Rva+Base               Lib:Object

 0000:00000000       __guard_iat_count          0000000000000000     <absolute>
 0000:00000000       __dynamic_value_reloc_table 0000000000000000     <absolute>
 0000:00000000       __guard_iat_table          0000000000000000     <absolute>
 0000:00000000       __guard_longjmp_table      0000000000000000     <absolute>
 0000:00000000       __guard_longjmp_count      0000000000000000     <absolute>
 0000:00000000       __guard_fids_count         0000000000000000     <absolute>
 0000:00000000       ___safe_se_handler_table   0000000000000000     <absolute>
 0000:00000000       ___safe_se_handler_count   0000000000000000     <absolute>
 0000:00000000       __guard_fids_table         0000000000000000     <absolute>
 0000:00000100       __guard_flags              0000000000000100     <absolute>
 0000:00000000       __ImageBase                0000000140000000     <linker-defined>
 0001:00000000       __local_stdio_printf_options 0000000140001000 f i prime_sieve.obj
 0001:00000010       __local_stdio_scanf_options 0000000140001010 f i prime_sieve.obj
 0001:00000020       fprintf                    0000000140001020 f i prime_sieve.obj
 0001:00000070       sscanf                     0000000140001070 f i prime_sieve.obj
 0001:000000c0       generate_args              00000001400010c0 f   prime_sieve.obj
 0001:00001560       main                       0000000140002560 f   main.obj
 0001:000015b0       __security_check_cookie    00000001400025b0 f   LIBCMT:_amdsecgs_.obj
 0001:00001834       mainCRTStartup             0000000140002834 f   LIBCMT:exe_main.obj
 0001:00001848       __raise_securityfailure    0000000140002848 f   LIBCMT:gs_report.obj
 0001:0000187c       __report_gsfailure         000000014000287c f   LIBCMT:gs_report.obj
 0001:00001950       __report_rangecheckfailure 0000000140002950 f   LIBCMT:gs_report.obj
 0001:00001964       __report_securityfailure   0000000140002964 f   LIBCMT:gs_report.obj
 0001:00001ae4       __scrt_acquire_startup_lock 0000000140002ae4 f   LIBCMT:utility.obj
 0001:00001b20       __scrt_initialize_crt      0000000140002b20 f   LIBCMT:utility.obj
 0001:00001b6c       __scrt_initialize_onexit_tables 0000000140002b6c f   LIBCMT:utility.obj
 0001:00001c38       __scrt_is_nonwritable_in_current_image 0000000140002c38 f   LIBCMT:utility.obj
 0001:00001cd4       __scrt_release_startup_lock 0000000140002cd4 f   LIBCMT:utility.obj
 0001:00001cf8       __scrt_uninitialize_crt    0000000140002cf8 f   LIBCMT:utility.obj
 0001:00001d24       _onexit                    0000000140002d24 f   LIBCMT:utility.obj
 0001:00001d74       atexit                     0000000140002d74 f   LIBCMT:utility.obj
 0001:00001d8c       __security_init_cookie     0000000140002d8c f   LIBCMT:gs_support.obj
 0001:00001e38       _get_startup_thread_locale_mode 0000000140002e38 f   LIBCMT:thread_locale.obj
 0001:00001e38       _get_startup_new_mode      0000000140002e38 f   LIBCMT:new_mode.obj
 0001:00001e38       _get_startup_commit_mode   0000000140002e38 f   LIBCMT:commit_mode.obj
 0001:00001e38       __scrt_initialize_winrt    0000000140002e38 f   LIBCMT:utility_desktop.obj
 0001:00001e38       _matherr                   0000000140002e38 f   LIBCMT:matherr.obj
 0001:00001e3c       _get_startup_argv_mode     0000000140002e3c f   LIBCMT:argv_mode.obj
 0001:00001e44       _get_startup_file_mode     0000000140002e44 f   LIBCMT:file_mode.obj
 0001:00001e4c       ?__scrt_initialize_type_info@@YAXXZ 0000000140002e4c f   LIBCMT:tncleanup.obj
 0001:00001e5c       __scrt_initialize_default_local_stdio_options 0000000140002e5c f   LIBCMT:default_local_stdio_options.obj
 0001:00001e78       __scrt_is_user_matherr_present 0000000140002e78 f   LIBCMT:matherr_detection.obj
 0001:00001e84       __scrt_get_dyn_tls_init_callback 0000000140002e84 f   LIBCMT:dyn_tls_init.obj
 0001:00001e8c       __scrt_get_dyn_tls_dtor_callback 0000000140002e8c f   LIBCMT:dyn_tls_dtor.obj
 0001:00001e94       __crt_debugger_hook        0000000140002e94 f   LIBCMT:utility_desktop.obj
 0001:00001e9c       __scrt_fastfail            0000000140002e9c f   LIBCMT:utility_desktop.obj
 0001:00001fe4       __scrt_is_managed_app      0000000140002fe4 f   LIBCMT:utility_desktop.obj
 0001:00002038       __scrt_set_unhandled_exception_filter 0000000140003038 f   LIBCMT:utility_desktop.obj
 0001:00002048       __scrt_unhandled_exception_filter 0000000140003048 f   LIBCMT:utility_desktop.obj
 0001:00002080       _RTC_Initialize            0000000140003080 f   LIBCMT:_initsect_.obj
 0001:000020cc       _RTC_Terminate             00000001400030cc f   LIBCMT:_initsect_.obj
 0001:00002118       _guard_check_icall         0000000140003118 f i LIBCMT:checkcfg.obj
 0001:00002120       __isa_available_init       0000000140003120 f   LIBCMT:_cpu_disp_.obj
 0001:000022e8       __scrt_is_ucrt_dll_in_use  00000001400032e8 f   LIBCMT:ucrt_detection.obj
 0001:000022f4       _initialize_denormal_control 00000001400032f4 f i LIBCMT:denormal_control.obj
 0001:000022f4       _initialize_invalid_parameter_handler 00000001400032f4 f i LIBCMT:invalid_parameter_handler.obj
 0001:000022f4       _guard_check_icall_nop     00000001400032f4 f i LIBCMT:guard_support.obj
 0001:000022f4       __except_validate_context_record 00000001400032f4 f i libvcruntime:jbcxrval.obj
 0001:00002300       __C_specific_handler       0000000140003300 f   libvcruntime:_chandler_.obj
 0001:000024fc       __vcrt_initialize          00000001400034fc f   libvcruntime:initialization.obj
 0001:00002530       __vcrt_uninitialize        0000000140003530 f   libvcruntime:initialization.obj
 0001:00002560       memset                     0000000140003560 f   libvcruntime:memset.obj
 0001:00002710       _local_unwind              0000000140003710 f   libvcruntime:_jmpuwind_.obj
 0001:00002740       _NLG_Notify                0000000140003740 f   libvcruntime:_jmpuwind_.obj
 0001:00002760       __NLG_Dispatch2            0000000140003760 f   libvcruntime:_jmpuwind_.obj
 0001:00002770       __NLG_Return2              0000000140003770 f   libvcruntime:_jmpuwind_.obj
 0001:00002774       __vcrt_freefls             0000000140003774 f   libvcruntime:per_thread_data.obj
 0001:00002794       __vcrt_initialize_ptd      0000000140003794 f   libvcruntime:per_thread_data.obj
 0001:000027d4       __vcrt_uninitialize_ptd    00000001400037d4 f   libvcruntime:per_thread_data.obj
 0001:000027f8       __vcrt_initialize_locks    00000001400037f8 f   libvcruntime:locks.obj
 0001:00002840       __vcrt_uninitialize_locks  0000000140003840 f   libvcruntime:locks.obj
 0001:00002a40       __vcrt_FlsAlloc            0000000140003a40 f   libvcruntime:winapi_downlevel.obj
 0001:00002a94       __vcrt_FlsFree             0000000140003a94 f   libvcruntime:winapi_downlevel.obj
 0001:00002ae8       __vcrt_FlsSetValue         0000000140003ae8 f   libvcruntime:winapi_downlevel.obj
 0001:00002b50       __vcrt_InitializeCriticalSectionEx 0000000140003b50 f   libvcruntime:winapi_downlevel.obj
 0001:00002bc8       __vcrt_initialize_winapi_thunks 0000000140003bc8 f   libvcruntime:winapi_downlevel.obj
 0001:00002c14       __vcrt_uninitialize_winapi_thunks 0000000140003c14 f   libvcruntime:winapi_downlevel.obj
 0001:00002c54       __vcrt_initialize_pure_virtual_call_handler 0000000140003c54 f   libvcruntime:purevirt_data.obj
 0001:00002c78       calloc                     0000000140003c78 f   libucrt:calloc.obj
 0001:00002c80       __acrt_initialize_stdio    0000000140003c80 f   libucrt:_file.obj
 0001:00002da0       __acrt_iob_func            0000000140003da0 f   libucrt:_file.obj
 0001:00002db4       __acrt_uninitialize_stdio  0000000140003db4 f   libucrt:_file.obj
 0001:00002e10       _lock_file                 0000000140003e10 f   libucrt:_file.obj
 0001:00002e1c       _unlock_file               0000000140003e1c f   libucrt:_file.obj
 0001:00002e28       ??$?RV<lambda_aa279a7bcb127014629d5b1d62c7325d>@@AEAV<lambda_0a64b6a4deda75c01876f29c44fc5eb3>@@V<lambda_3323e69fbefe9d1a11713e670d47cdfa>@@@?$__crt_seh_guarded_call@H@@QEAAH$$QEAV<lambda_aa279a7bcb127014629d5b1d62c7325d>@@AEAV<lambda_0a64b6a4deda75c01876f29c44fc5eb3>@@$$QEAV<lambda_3323e69fbefe9d1a11713e670d47cdfa>@@@Z 0000000140003e28 f i libucrt:output.obj
 0001:00002e68       ??$ensure_buffer_is_big_enough@D@formatting_buffer@__crt_stdio_output@@QEAA_N_K@Z 0000000140003e68 f i libucrt:output.obj
 0001:00002f14       ??$is_wide_character_specifier@D@__crt_stdio_output@@YA_N_KDW4length_modifier@0@@Z 0000000140003f14 f i libucrt:output.obj
 0001:00002f44       ??$type_case_integer_parse_into_buffer@I@?$output_processor@DV?$stream_output_adapter@D@__crt_stdio_output@@V?$standard_base@DV?$stream_output_adapter@D@__crt_stdio_output@@@2@@__crt_stdio_output@@AEAAXII_N@Z 0000000140003f44 f i libucrt:output.obj
 0001:00002fe0       ??$type_case_integer_parse_into_buffer@_K@?$output_processor@DV?$stream_output_adapter@D@__crt_stdio_output@@V?$standard_base@DV?$stream_output_adapter@D@__crt_stdio_output@@@2@@__crt_stdio_output@@AEAAX_KI_N@Z 0000000140003fe0 f i libucrt:output.obj
 0001:0000307c       ??$write_multiple_characters@V?$stream_output_adapter@D@__crt_stdio_output@@D@__crt_stdio_output@@YAXAEBV?$stream_output_adapter@D@0@DHQEAH@Z 000000014000407c f i libucrt:output.obj
 0001:00003100       ??0?$output_processor@DV?$stream_output_adapter@D@__crt_stdio_output@@V?$standard_base@DV?$stream_output_adapter@D@__crt_stdio_output@@@2@@__crt_stdio_output@@QEAA@AEBV?$stream_output_adapter@D@1@_KQEBDQEAU__crt_locale_pointers@@QEAD@Z 0000000140004100 f i libucrt:output.obj
 0001:0000317c       ??0_LocaleUpdate@@QEAA@QEAU__crt_locale_pointers@@@Z 000000014000417c f i libucrt:output.obj
 0001:000032fc       ?force_decimal_point@__crt_stdio_output@@YAXPEADQEAU__crt_locale_pointers@@@Z 00000001400042fc f i libucrt:output.obj
 0001:0000336c       ?parse_int_from_format_string@?$output_processor@DV?$stream_output_adapter@D@__crt_stdio_output@@V?$standard_base@DV?$stream_output_adapter@D@__crt_stdio_output@@@2@@__crt_stdio_output@@AEAA_NQEAH@Z 000000014000436c f i libucrt:output.obj
 0001:000033f0       ?process@?$output_processor@DV?$stream_output_adapter@D@__crt_stdio_output@@V?$standard_base@DV?$stream_output_adapter@D@__crt_stdio_output@@@2@@__crt_stdio_output@@QEAAHXZ 00000001400043f0 f i libucrt:output.obj
 0001:00003600       ?state_case_normal@?$output_processor@DV?$stream_output_adapter@D@__crt_stdio_output@@V?$standard_base@DV?$stream_output_adapter@D@__crt_stdio_output@@@2@@__crt_stdio_output@@AEAA_NXZ 0000000140004600 f i libucrt:output.obj
 0001:00003670       ?state_case_normal_tchar@?$output_processor@DV?$stream_output_adapter@D@__crt_stdio_output@@V?$standard_base@DV?$stream_output_adapter@D@__crt_stdio_output@@@2@@__crt_stdio_output@@AEAA_ND@Z 0000000140004670 f i libucrt:output.obj
 0001:00003704       ?state_case_size@?$output_processor@DV?$stream_output_adapter@D@__crt_stdio_output@@V?$standard_base@DV?$stream_output_adapter@D@__crt_stdio_output@@@2@@__crt_stdio_output@@AEAA_NXZ 0000000140004704 f i libucrt:output.obj
 0001:00003880       ?state_case_type@?$output_processor@DV?$stream_output_adapter@D@__crt_stdio_output@@V?$standard_base@DV?$stream_output_adapter@D@__crt_stdio_output@@@2@@__crt_stdio_output@@AEAA_NXZ 0000000140004880 f i libucrt:output.obj
 0001:00003afc       ?type_case_Z@?$output_processor@DV?$stream_output_adapter@D@__crt_stdio_output@@V?$standard_base@DV?$stream_output_adapter@D@__crt_stdio_output@@@2@@__crt_stdio_output@@AEAA_NXZ 0000000140004afc f i libucrt:output.obj
 0001:00003b7c       ?type_case_a@?$output_processor@DV?$stream_output_adapter@D@__crt_stdio_output@@V?$standard_base@DV?$stream_output_adapter@D@__crt_stdio_output@@@2@@__crt_stdio_output@@AEAA_NXZ 0000000140004b7c f i libucrt:output.obj
 0001:00003d98       ?type_case_c_tchar@?$output_processor@DV?$stream_output_adapter@D@__crt_stdio_output@@V?$standard_base@DV?$stream_output_adapter@D@__crt_stdio_output@@@2@@__crt_stdio_output@@AEAA_ND@Z 0000000140004d98 f i libucrt:output.obj
 0001:00003e4c       ?type_case_integer@?$output_processor@DV?$stream_output_adapter@D@__crt_stdio_output@@V?$standard_base@DV?$stream_output_adapter@D@__crt_stdio_output@@@2@@__crt_stdio_output@@AEAA_NI_N@Z 0000000140004e4c f i libucrt:output.obj
 0001:00003fec       ?type_case_n@?$output_processor@DV?$stream_output_adapter@D@__crt_stdio_output@@V?$standard_base@DV?$stream_output_adapter@D@__crt_stdio_output@@@2@@__crt_stdio_output@@AEAA_NXZ 0000000140004fec f i libucrt:output.obj
 0001:000040c8       ?type_case_s@?$output_processor@DV?$stream_output_adapter@D@__crt_stdio_output@@V?$standard_base@DV?$stream_output_adapter@D@__crt_stdio_output@@@2@@__crt_stdio_output@@AEAA_NXZ 00000001400050c8 f i libucrt:output.obj
 0001:00004158       ?validate_stream_is_ansi_if_required@?$__acrt_stdio_char_traits@D@@SA_NQEAU_iobuf@@@Z 0000000140005158 f i libucrt:output.obj
 0001:000041e4       ?write_stored_string_tchar@?$output_processor@DV?$stream_output_adapter@D@__crt_stdio_output@@V?$standard_base@DV?$stream_output_adapter@D@__crt_stdio_output@@@2@@__crt_stdio_output@@AEAA_ND@Z 00000001400051e4 f i libucrt:output.obj
 0001:000042bc       ?write_string@?$stream_output_adapter@D@__crt_stdio_output@@QEBAXQEBDHQEAH1@Z 00000001400052bc f i libucrt:output.obj
 0001:000043b4       __stdio_common_vfprintf    00000001400053b4 f   libucrt:output.obj
 0001:00004440       free                       0000000140005440 f   libucrt:free.obj
 0001:00004448       ??$is_overflow_condition@_K@__crt_strtox@@YA_NI_K@Z 0000000140005448 f i libucrt:input.obj
 0001:00004480       ??$make_input_adapter_character_source@V?$string_input_adapter@D@__crt_stdio_input@@@__crt_strtox@@YA?AV?$input_adapter_character_source@V?$string_input_adapter@D@__crt_stdio_input@@@0@QEAV?$string_input_adapter@D@__crt_stdio_input@@_KQEA_N@Z 0000000140005480 f i libucrt:input.obj
 0001:000044a0       ??$parse_floating_point@V?$input_adapter_character_source@V?$string_input_adapter@D@__crt_stdio_input@@@__crt_strtox@@M@__crt_strtox@@YA?AW4SLD_STATUS@@QEAU__crt_locale_pointers@@V?$input_adapter_character_source@V?$string_input_adapter@D@__crt_stdio_input@@@0@QEAM@Z 00000001400054a0 f i libucrt:input.obj
 0001:00004548       ??$parse_floating_point@V?$input_adapter_character_source@V?$string_input_adapter@D@__crt_stdio_input@@@__crt_strtox@@N@__crt_strtox@@YA?AW4SLD_STATUS@@QEAU__crt_locale_pointers@@V?$input_adapter_character_source@V?$string_input_adapter@D@__crt_stdio_input@@@0@QEAN@Z 0000000140005548 f i libucrt:input.obj
 0001:000045f0       ??$parse_floating_point_from_source@V?$input_adapter_character_source@V?$string_input_adapter@D@__crt_stdio_input@@@__crt_strtox@@@__crt_strtox@@YA?AW4floating_point_parse_result@0@QEAU__crt_locale_pointers@@AEAV?$input_adapter_character_source@V?$string_input_adapter@D@__crt_stdio_input@@@0@AEAUfloating_point_string@0@@Z 00000001400055f0 f i libucrt:input.obj
 0001:00004dd0       ??$parse_floating_point_possible_infinity@DV?$input_adapter_character_source@V?$string_input_adapter@D@__crt_stdio_input@@@__crt_strtox@@_K@__crt_strtox@@YA?AW4floating_point_parse_result@0@AEADAEAV?$input_adapter_character_source@V?$string_input_adapter@D@__crt_stdio_input@@@0@_K@Z 0000000140005dd0 f i libucrt:input.obj
 0001:00004f80       ??$parse_floating_point_possible_nan@DV?$input_adapter_character_source@V?$string_input_adapter@D@__crt_stdio_input@@@__crt_strtox@@_K@__crt_strtox@@YA?AW4floating_point_parse_result@0@AEADAEAV?$input_adapter_character_source@V?$string_input_adapter@D@__crt_stdio_input@@@0@_K@Z 0000000140005f80 f i libucrt:input.obj
 0001:000051f0       ??$parse_floating_point_possible_nan_is_ind@DV?$input_adapter_character_source@V?$string_input_adapter@D@__crt_stdio_input@@@__crt_strtox@@@__crt_strtox@@YA_NAEADAEAV?$input_adapter_character_source@V?$string_input_adapter@D@__crt_stdio_input@@@0@@Z 00000001400061f0 f i libucrt:input.obj
 0001:00005268       ??$parse_floating_point_possible_nan_is_snan@DV?$input_adapter_character_source@V?$string_input_adapter@D@__crt_stdio_input@@@__crt_strtox@@@__crt_strtox@@YA_NAEADAEAV?$input_adapter_character_source@V?$string_input_adapter@D@__crt_stdio_input@@@0@@Z 0000000140006268 f i libucrt:input.obj
 0001:000052e0       ??$parse_floating_point_write_result@M@__crt_strtox@@YA?AW4SLD_STATUS@@W4floating_point_parse_result@0@AEBUfloating_point_string@0@QEAM@Z 00000001400062e0 f i libucrt:input.obj
 0001:000053f8       ??$parse_floating_point_write_result@N@__crt_strtox@@YA?AW4SLD_STATUS@@W4floating_point_parse_result@0@AEBUfloating_point_string@0@QEAN@Z 00000001400063f8 f i libucrt:input.obj
 0001:00005520       ??$parse_integer@_KV?$input_adapter_character_source@V?$string_input_adapter@D@__crt_stdio_input@@@__crt_strtox@@@__crt_strtox@@YA_KQEAU__crt_locale_pointers@@V?$input_adapter_character_source@V?$string_input_adapter@D@__crt_stdio_input@@@0@H_N@Z 0000000140006520 f i libucrt:input.obj
 0001:000059b4       ??$process_floating_point_specifier_t@M@?$input_processor@DV?$string_input_adapter@D@__crt_stdio_input@@@__crt_stdio_input@@AEAA_NXZ 00000001400069b4 f i libucrt:input.obj
 0001:00005a5c       ??$process_floating_point_specifier_t@N@?$input_processor@DV?$string_input_adapter@D@__crt_stdio_input@@@__crt_stdio_input@@AEAA_NXZ 0000000140006a5c f i libucrt:input.obj
 0001:00005b04       ??$process_string_specifier_tchar@D@?$input_processor@DV?$string_input_adapter@D@__crt_stdio_input@@@__crt_stdio_input@@AEAA_NW4conversion_mode@1@D@Z 0000000140006b04 f i libucrt:input.obj
 0001:00005ccc       ??$process_string_specifier_tchar@_W@?$input_processor@DV?$string_input_adapter@D@__crt_stdio_input@@@__crt_stdio_input@@AEAA_NW4conversion_mode@1@_W@Z 0000000140006ccc f i libucrt:input.obj
 0001:00005ecc       ??$skip_whitespace@Vstring_input_adapter@__crt_stdio_input@@D@__crt_stdio_input@@YAHAEAV?$string_input_adapter@D@0@QEAU__crt_locale_pointers@@@Z 0000000140006ecc f i libucrt:input.obj
 0001:00005fbc       ?advance@?$format_string_parser@D@__crt_stdio_input@@QEAA_NXZ 0000000140006fbc f i libucrt:input.obj
 0001:0000618c       ?as_double@floating_point_value@__crt_strtox@@QEBAAEANXZ 000000014000718c f i libucrt:input.obj
 0001:000061c8       ?as_float@floating_point_value@__crt_strtox@@QEBAAEAMXZ 00000001400071c8 f i libucrt:input.obj
 0001:00006204       ?assemble_floating_point_value@__crt_strtox@@YA?AW4SLD_STATUS@@_KH_N1AEBVfloating_point_value@1@@Z 0000000140007204 f i libucrt:input.obj
 0001:000065b8       ?assemble_floating_point_value_from_big_integer@__crt_strtox@@YA?AW4SLD_STATUS@@AEBUbig_integer@1@I_N1AEBVfloating_point_value@1@@Z 00000001400075b8 f i libucrt:input.obj
 0001:00006744       ?convert_decimal_string_to_floating_type_common@__crt_strtox@@YA?AW4SLD_STATUS@@AEBUfloating_point_string@1@AEBVfloating_point_value@1@@Z 0000000140007744 f i libucrt:input.obj
 0001:00008508       ?convert_hexadecimal_string_to_floating_type_common@__crt_strtox@@YA?AW4SLD_STATUS@@AEBUfloating_point_string@1@AEBVfloating_point_value@1@@Z 0000000140009508 f i libucrt:input.obj
 0001:000085c0       ?divide@__crt_strtox@@YA_KAEAUbig_integer@1@AEBU21@@Z 00000001400095c0 f i libucrt:input.obj
 0001:00008a90       ?length@?$format_string_parser@D@__crt_stdio_input@@QEBA_KXZ 0000000140009a90 f i libucrt:input.obj
 0001:00008b2c       ?process@?$input_processor@DV?$string_input_adapter@D@__crt_stdio_input@@@__crt_stdio_input@@QEAAHXZ 0000000140009b2c f i libucrt:input.obj
 0001:00008c1c       ?process_conversion_specifier@?$input_processor@DV?$string_input_adapter@D@__crt_stdio_input@@@__crt_stdio_input@@AEAA_NXZ 0000000140009c1c f i libucrt:input.obj
 0001:00008d40       ?process_floating_point_specifier@?$input_processor@DV?$string_input_adapter@D@__crt_stdio_input@@@__crt_stdio_input@@AEAA_NXZ 0000000140009d40 f i libucrt:input.obj
 0001:00008db0       ?process_integer_specifier@?$input_processor@DV?$string_input_adapter@D@__crt_stdio_input@@@__crt_stdio_input@@AEAA_NI_N@Z 0000000140009db0 f i libucrt:input.obj
 0001:00008e60       ?process_literal_character_tchar@?$input_processor@DV?$string_input_adapter@D@__crt_stdio_input@@@__crt_stdio_input@@AEAA_ND@Z 0000000140009e60 f i libucrt:input.obj
 0001:00008eec       ?process_state@?$input_processor@DV?$string_input_adapter@D@__crt_stdio_input@@@__crt_stdio_input@@AEAA_NXZ 0000000140009eec f i libucrt:input.obj
 0001:00008fa0       ?process_string_specifier@?$input_processor@DV?$string_input_adapter@D@__crt_stdio_input@@@__crt_stdio_input@@AEAA_NW4conversion_mode@2@@Z 0000000140009fa0 f i libucrt:input.obj
 0001:0000902c       ?scan_conversion_specifier@?$format_string_parser@D@__crt_stdio_input@@AEAA_NXZ 000000014000a02c f i libucrt:input.obj
 0001:000091e8       ?scan_optional_field_width@?$format_string_parser@D@__crt_stdio_input@@AEAA_NXZ 000000014000a1e8 f i libucrt:input.obj
 0001:00009290       ?scan_optional_length_modifier@?$format_string_parser@D@__crt_stdio_input@@AEAAXXZ 000000014000a290 f i libucrt:input.obj
 0001:000093bc       ?scan_scanset_range@?$format_string_parser@D@__crt_stdio_input@@AEAA_NXZ 000000014000a3bc f i libucrt:input.obj
 0001:00009550       ?write_character@?$input_processor@DV?$string_input_adapter@D@__crt_stdio_input@@@__crt_stdio_input@@AEAA_NQEFA_W_KAEAPEFA_WAEA_KD@Z 000000014000a550 f i libucrt:input.obj
 0001:000095ec       ?write_integer@?$input_processor@DV?$string_input_adapter@D@__crt_stdio_input@@@__crt_stdio_input@@AEAA_N_K_N@Z 000000014000a5ec f i libucrt:input.obj
 0001:00009670       __stdio_common_vsscanf     000000014000a670 f   libucrt:input.obj
 0001:00009840       malloc                     000000014000a840 f   libucrt:malloc.obj
 0001:00009848       _seh_filter_exe            000000014000a848 f   libucrt:exception_filter.obj
 0001:000099d8       _query_app_type            000000014000a9d8 f   libucrt:report_runtime_error.obj
 0001:000099e0       _set_app_type              000000014000a9e0 f   libucrt:report_runtime_error.obj
 0001:000099e8       __acrt_has_user_matherr    000000014000a9e8 f   libucrt:matherr.obj
 0001:00009a08       __acrt_initialize_user_matherr 000000014000aa08 f   libucrt:matherr.obj
 0001:00009a10       __acrt_invoke_user_matherr 000000014000aa10 f   libucrt:matherr.obj
 0001:00009a58       __setusermatherr           000000014000aa58 f   libucrt:matherr.obj
 0001:00009c3c       __acrt_allocate_buffer_for_argv 000000014000ac3c f   libucrt:argv_parsing.obj
 0001:00009ca0       _configure_narrow_argv     000000014000aca0 f   libucrt:argv_parsing.obj
 0001:0000a118       __dcrt_get_or_create_narrow_environment_nolock 000000014000b118 f   libucrt:environment_initialization.obj
 0001:0000a120       __dcrt_uninitialize_environments_nolock 000000014000b120 f   libucrt:environment_initialization.obj
 0001:0000a158       _get_initial_narrow_environment 000000014000b158 f   libucrt:environment_initialization.obj
 0001:0000a17c       _initialize_narrow_environment 000000014000b17c f   libucrt:environment_initialization.obj
 0001:0000a184       _initterm                  000000014000b184 f   libucrt:initterm.obj
 0001:0000a1fc       _initterm_e                000000014000b1fc f   libucrt:initterm.obj
 0001:0000a478       __acrt_initialize_thread_local_exit_callback 000000014000b478 f   libucrt:exit.obj
 0001:0000a480       _c_exit                    000000014000b480 f   libucrt:exit.obj
 0001:0000a490       _cexit                     000000014000b490 f   libucrt:exit.obj
 0001:0000a4a0       _exit                      000000014000b4a0 f   libucrt:exit.obj
 0001:0000a4ac       _register_thread_local_exe_atexit_callback 000000014000b4ac f   libucrt:exit.obj
 0001:0000a4f0       exit                       000000014000b4f0 f   libucrt:exit.obj
 0001:0000a4fc       _set_fmode                 000000014000b4fc f   libucrt:setmode.obj
 0001:0000a53c       __acrt_initialize_command_line 000000014000b53c f   libucrt:argv_data.obj
 0001:0000a564       __p___argc                 000000014000b564 f   libucrt:argv_data.obj
 0001:0000a56c       __p___argv                 000000014000b56c f   libucrt:argv_data.obj
 0001:0000a574       __acrt_set_locale_changed  000000014000b574 f   libucrt:wsetlocale.obj
 0001:0000a580       __acrt_uninitialize_locale 000000014000b580 f   libucrt:wsetlocale.obj
 0001:0000a5c8       _configthreadlocale        000000014000b5c8 f   libucrt:wsetlocale.obj
 0001:0000a634       _query_new_mode            000000014000b634 f   libucrt:new_mode.obj
 0001:0000a63c       _set_new_mode              000000014000b63c f   libucrt:new_mode.obj
 0001:0000a668       __p__commode               000000014000b668 f   libucrt:ncommode.obj
 0001:0000a670       ??$?RV<lambda_b8c45f8f788dd370798f47cfe8ac3a86>@@AEAV<lambda_4e60a939b0d047cfe11ddc22648dfba9>@@V<lambda_332c3edc96d0294ec56c57d38c1cdfd5>@@@?$__crt_seh_guarded_call@H@@QEAAH$$QEAV<lambda_b8c45f8f788dd370798f47cfe8ac3a86>@@AEAV<lambda_4e60a939b0d047cfe11ddc22648dfba9>@@$$QEAV<lambda_332c3edc96d0294ec56c57d38c1cdfd5>@@@Z 000000014000b670 f i libucrt:onexit.obj
 0001:0000a6ac       ??$?RV<lambda_e24bbb7b643b32fcea6fa61b31d4c984>@@AEAV<lambda_275893d493268fdec8709772e3fcec0e>@@V<lambda_9d71df4d7cf3f480f8d633942495c3b0>@@@?$__crt_seh_guarded_call@H@@QEAAH$$QEAV<lambda_e24bbb7b643b32fcea6fa61b31d4c984>@@AEAV<lambda_275893d493268fdec8709772e3fcec0e>@@$$QEAV<lambda_9d71df4d7cf3f480f8d633942495c3b0>@@@Z 000000014000b6ac f i libucrt:onexit.obj
 0001:0000aa28       _crt_atexit                000000014000ba28 f   libucrt:onexit.obj
 0001:0000aa38       _execute_onexit_table      000000014000ba38 f   libucrt:onexit.obj
 0001:0000aa74       _initialize_onexit_table   000000014000ba74 f   libucrt:onexit.obj
 0001:0000aab4       _register_onexit_function  000000014000bab4 f   libucrt:onexit.obj
 0001:0000ab44       __acrt_uninitialize_command_line 000000014000bb44 f   libucrt:argv_data.obj
 0001:0000ab44       _should_initialize_environment 000000014000bb44 f   LIBCMT:env_mode.obj
 0001:0000ac34       __acrt_initialize          000000014000bc34 f   libucrt:initialization.obj
 0001:0000ac48       __acrt_uninitialize        000000014000bc48 f   libucrt:initialization.obj
 0001:0000ac5c       terminate                  000000014000bc5c f   libucrt:terminate.obj
 0001:0000ac84       _free_base                 000000014000bc84 f   libucrt:free_base.obj
 0001:0000acc4       _malloc_base               000000014000bcc4 f   libucrt:malloc_base.obj
 0001:0000ad24       strcpy_s                   000000014000bd24 f   libucrt:strcpy_s.obj
 0001:0000ad84       abort                      000000014000bd84 f   libucrt:abort.obj
 0001:0000addc       _calloc_base               000000014000bddc f   libucrt:calloc_base.obj
 0001:0000ae54       ??$is_overflow_condition@K@__crt_strtox@@YA_NIK@Z 000000014000be54 f i libucrt:atox.obj
 0001:0000ae80       ??$parse_integer@KV?$c_string_character_source@D@__crt_strtox@@@__crt_strtox@@YAKQEAU__crt_locale_pointers@@V?$c_string_character_source@D@0@H_N@Z 000000014000be80 f i libucrt:atox.obj
 0001:0000b194       ??$parse_integer@_KV?$c_string_character_source@D@__crt_strtox@@@__crt_strtox@@YA_KQEAU__crt_locale_pointers@@V?$c_string_character_source@D@0@H_N@Z 000000014000c194 f i libucrt:atox.obj
 0001:0000b4c8       __acrt_call_reportfault    000000014000c4c8 f   libucrt:invalid_parameter.obj
 0001:0000b624       __acrt_initialize_invalid_parameter_handler 000000014000c624 f   libucrt:invalid_parameter.obj
 0001:0000b62c       _invalid_parameter         000000014000c62c f   libucrt:invalid_parameter.obj
 0001:0000b6d4       _invalid_parameter_noinfo  000000014000c6d4 f   libucrt:invalid_parameter.obj
 0001:0000b6f4       _invoke_watson             000000014000c6f4 f   libucrt:invalid_parameter.obj
 0001:0000b73c       __acrt_errno_from_os_error 000000014000c73c f   libucrt:errno.obj
 0001:0000b784       __acrt_errno_map_os_error  000000014000c784 f   libucrt:errno.obj
 0001:0000b7d4       __doserrno                 000000014000c7d4 f   libucrt:errno.obj
 0001:0000b7f4       _errno                     000000014000c7f4 f   libucrt:errno.obj
 0001:0000b9b4       __acrt_CompareStringEx     000000014000c9b4 f   libucrt:winapi_thunks.obj
 0001:0000baa4       __acrt_FlsAlloc            000000014000caa4 f   libucrt:winapi_thunks.obj
 0001:0000bafc       __acrt_FlsFree             000000014000cafc f   libucrt:winapi_thunks.obj
 0001:0000bb54       __acrt_FlsGetValue         000000014000cb54 f   libucrt:winapi_thunks.obj
 0001:0000bbac       __acrt_FlsSetValue         000000014000cbac f   libucrt:winapi_thunks.obj
 0001:0000bc14       __acrt_InitializeCriticalSectionEx 000000014000cc14 f   libucrt:winapi_thunks.obj
 0001:0000bc8c       __acrt_LCMapStringEx       000000014000cc8c f   libucrt:winapi_thunks.obj
 0001:0000bd7c       __acrt_LocaleNameToLCID    000000014000cd7c f   libucrt:winapi_thunks.obj
 0001:0000bde4       __acrt_initialize_winapi_thunks 000000014000cde4 f   libucrt:winapi_thunks.obj
 0001:0000be1c       __acrt_is_packaged_app     000000014000ce1c f   libucrt:winapi_thunks.obj
 0001:0000bea4       __acrt_uninitialize_winapi_thunks 000000014000cea4 f   libucrt:winapi_thunks.obj
 0001:0000bee8       _fcloseall                 000000014000cee8 f   libucrt:closeall.obj
 0001:0000bf9c       __acrt_stdio_flush_nolock  000000014000cf9c f   libucrt:fflush.obj
 0001:0000c014       _fflush_nolock             000000014000d014 f   libucrt:fflush.obj
 0001:0000c060       _flushall                  000000014000d060 f   libucrt:fflush.obj
 0001:0000c150       __acrt_stdio_free_buffer_nolock 000000014000d150 f   libucrt:_freebuf.obj
 0001:0000c378       __acrt_initialize_lowio    000000014000d378 f   libucrt:ioinit.obj
 0001:0000c3b4       __acrt_uninitialize_lowio  000000014000d3b4 f   libucrt:ioinit.obj
 0001:0000c3f4       isdigit                    000000014000d3f4 f i libucrt:_ctype.obj
 0001:0000c468       isspace                    000000014000d468 f i libucrt:_ctype.obj
 0001:0000c52c       _tolower_l                 000000014000d52c f   libucrt:tolower_toupper.obj
 0001:0000c66c       tolower                    000000014000d66c f   libucrt:tolower_toupper.obj
 0001:0000c698       ??$make_c_string_character_source@DPEAPEAD@__crt_strtox@@YA?AV?$c_string_character_source@D@0@QEBDQEAPEAD@Z 000000014000d698 f i libucrt:strtox.obj
 0001:0000c6ac       strtol                     000000014000d6ac f   libucrt:strtox.obj
 0001:0000c6dc       strtoull                   000000014000d6dc f   libucrt:strtox.obj
 0001:0000c70c       _mbtowc_l                  000000014000d70c f   libucrt:mbtowc.obj
 0001:0000c854       mbtowc                     000000014000d854 f   libucrt:mbtowc.obj
 0001:0000c85c       _wctomb_s_l                000000014000d85c f   libucrt:wctomb.obj
 0001:0000c9e0       wctomb_s                   000000014000d9e0 f   libucrt:wctomb.obj
 0001:0000c9f4       strnlen                    000000014000d9f4 f   libucrt:strnlen.obj
 0001:0000cb50       wcsnlen                    000000014000db50 f   libucrt:strnlen.obj
 0001:0000cd40       ??$?RV<lambda_46352004c1216016012b18bd6f87e700>@@AEAV<lambda_3bd07e1a1191394380780325891bf33f>@@V<lambda_334532d3f185bcaa59b5be82d7d22bff>@@@?$__crt_seh_guarded_call@X@@QEAAX$$QEAV<lambda_46352004c1216016012b18bd6f87e700>@@AEAV<lambda_3bd07e1a1191394380780325891bf33f>@@$$QEAV<lambda_334532d3f185bcaa59b5be82d7d22bff>@@@Z 000000014000dd40 f i libucrt:per_thread_data.obj
 0001:0000cda0       ??$?RV<lambda_5e887d1dcbef67a5eb4283622ba103bf>@@AEAV<lambda_4466841279450cc726390878d4a41900>@@V<lambda_341c25c0346d94847f1f3c463c57e077>@@@?$__crt_seh_guarded_call@X@@QEAAX$$QEAV<lambda_5e887d1dcbef67a5eb4283622ba103bf>@@AEAV<lambda_4466841279450cc726390878d4a41900>@@$$QEAV<lambda_341c25c0346d94847f1f3c463c57e077>@@@Z 000000014000dda0 f i libucrt:per_thread_data.obj
 0001:0000cde8       ??$?RV<lambda_72d1df2b273a38828b1ce30cbf4cdab5>@@AEAV<lambda_876a65b173b8412d3a47c70a915b0cf4>@@V<lambda_41932305e351933ebe8f8be3ed8bb5dc>@@@?$__crt_seh_guarded_call@X@@QEAAX$$QEAV<lambda_72d1df2b273a38828b1ce30cbf4cdab5>@@AEAV<lambda_876a65b173b8412d3a47c70a915b0cf4>@@$$QEAV<lambda_41932305e351933ebe8f8be3ed8bb5dc>@@@Z 000000014000dde8 f i libucrt:per_thread_data.obj
 0001:0000ce28       ??$?RV<lambda_fb3a7dec4e47f37f22dae91bb15c9095>@@AEAV<lambda_698284760c8add0bfb0756c19673e34b>@@V<lambda_dfb8eca1e75fef3034a8fb18dd509707>@@@?$__crt_seh_guarded_call@X@@QEAAX$$QEAV<lambda_fb3a7dec4e47f37f22dae91bb15c9095>@@AEAV<lambda_698284760c8add0bfb0756c19673e34b>@@$$QEAV<lambda_dfb8eca1e75fef3034a8fb18dd509707>@@@Z 000000014000de28 f i libucrt:per_thread_data.obj
 0001:0000d0b8       __acrt_getptd              000000014000e0b8 f   libucrt:per_thread_data.obj
 0001:0000d14c       __acrt_getptd_noexit       000000014000e14c f   libucrt:per_thread_data.obj
 0001:0000d1ec       __acrt_initialize_ptd      000000014000e1ec f   libucrt:per_thread_data.obj
 0001:0000d228       __acrt_uninitialize_ptd    000000014000e228 f   libucrt:per_thread_data.obj
 0001:0000d24c       __acrt_update_locale_info  000000014000e24c f   libucrt:locale_update.obj
 0001:0000d280       __acrt_update_multibyte_info 000000014000e280 f   libucrt:locale_update.obj
 0001:0000d2b4       ?__acrt_fp_classify@@YA?AW4__acrt_fp_class@@AEBN@Z 000000014000e2b4 f i libucrt:cvt.obj
 0001:0000dcec       __acrt_fp_format           000000014000ecec f   libucrt:cvt.obj
 0001:0000df30       _fileno                    000000014000ef30 f   libucrt:fileno.obj
 0001:0000df58       _fputc_nolock              000000014000ef58 f   libucrt:fputc.obj
 0001:0000df70       _get_printf_count_output   000000014000ef70 f   libucrt:printf_count_output.obj
 0001:0000df88       __acrt_stdio_begin_temporary_buffering_nolock 000000014000ef88 f   libucrt:_sftbuf.obj
 0001:0000e058       __acrt_stdio_end_temporary_buffering_nolock 000000014000f058 f   libucrt:_sftbuf.obj
 0001:0000e094       __pctype_func              000000014000f094 f   libucrt:ctype.obj
 0001:0000e0c4       _isctype_l                 000000014000f0c4 f   libucrt:isctype.obj
 0001:0000e1d4       fegetround                 000000014000f1d4 f   libucrt:fegetround.obj
 0001:0000e6c4       ?expand_if_necessary@?$argument_list@D@?A0xca0879c4@@AEAAHXZ 000000014000f6c4 f i libucrt:argv_wildcards.obj
 0001:0000e78c       __acrt_expand_narrow_argv_wildcards 000000014000f78c f   libucrt:argv_wildcards.obj
 0001:0000e794       ??$?RV<lambda_99476a1ad63dd22509b5d3e65b0ffc95>@@AEAV<lambda_ad1ced32f4ac17aa236e5ef05d6b3b7c>@@V<lambda_f7424dd8d45958661754dc4f2697e9c3>@@@?$__crt_seh_guarded_call@X@@QEAAX$$QEAV<lambda_99476a1ad63dd22509b5d3e65b0ffc95>@@AEAV<lambda_ad1ced32f4ac17aa236e5ef05d6b3b7c>@@$$QEAV<lambda_f7424dd8d45958661754dc4f2697e9c3>@@@Z 000000014000f794 f i libucrt:mbctype.obj
 0001:0000ee90       __acrt_initialize_multibyte 000000014000fe90 f   libucrt:mbctype.obj
 0001:0000eeb8       __acrt_update_thread_multibyte_data 000000014000feb8 f   libucrt:mbctype.obj
 0001:0000ef78       _setmbcp_nolock            000000014000ff78 f   libucrt:mbctype.obj
 0001:0000f298       _ismbblead                 0000000140010298 f   libucrt:ismbbyte.obj
 0001:0000f2ac       __dcrt_get_narrow_environment_from_os 00000001400102ac f   libucrt:get_environment_from_os.obj
 0001:0000f78c       __dcrt_set_variable_in_narrow_environment_nolock 000000014001078c f   libucrt:setenv.obj
 0001:0000f794       __acrt_initialize_locks    0000000140010794 f   libucrt:locks.obj
 0001:0000f7dc       __acrt_lock                00000001400107dc f   libucrt:locks.obj
 0001:0000f7f8       __acrt_uninitialize_locks  00000001400107f8 f   libucrt:locks.obj
 0001:0000f830       __acrt_unlock              0000000140010830 f   libucrt:locks.obj
 0001:0000f84c       __acrt_lowio_create_handle_array 000000014001084c f   libucrt:osfinfo.obj
 0001:0000f8e4       __acrt_lowio_destroy_handle_array 00000001400108e4 f   libucrt:osfinfo.obj
 0001:0000f934       __acrt_lowio_ensure_fh_exists 0000000140010934 f   libucrt:osfinfo.obj
 0001:0000f9ec       __acrt_lowio_lock_fh       00000001400109ec f   libucrt:osfinfo.obj
 0001:0000fa10       __acrt_lowio_unlock_fh     0000000140010a10 f   libucrt:osfinfo.obj
 0001:0000fa34       _free_osfhnd               0000000140010a34 f   libucrt:osfinfo.obj
 0001:0000faf0       _get_osfhandle             0000000140010af0 f   libucrt:osfinfo.obj
 0001:0000fb68       __acrt_locale_free_monetary 0000000140010b68 f   libucrt:initmon.obj
 0001:0000fc74       __acrt_locale_free_numeric 0000000140010c74 f   libucrt:initnum.obj
 0001:0000fd38       __acrt_locale_free_time    0000000140010d38 f   libucrt:inittime.obj
 0001:0000fe40       __acrt_GetStringTypeA      0000000140010e40 f   libucrt:getstringtypea.obj
 0001:0000fff4       __acrt_add_locale_ref      0000000140010ff4 f   libucrt:locale_refcounting.obj
 0001:00010080       __acrt_free_locale         0000000140011080 f   libucrt:locale_refcounting.obj
 0001:000101f8       __acrt_locale_add_lc_time_reference 00000001400111f8 f   libucrt:locale_refcounting.obj
 0001:00010220       __acrt_locale_free_lc_time_if_unreferenced 0000000140011220 f   libucrt:locale_refcounting.obj
 0001:00010258       __acrt_locale_release_lc_time_reference 0000000140011258 f   libucrt:locale_refcounting.obj
 0001:00010280       __acrt_release_locale_ref  0000000140011280 f   libucrt:locale_refcounting.obj
 0001:00010328       __acrt_update_thread_locale_data 0000000140011328 f   libucrt:locale_refcounting.obj
 0001:00010398       _updatetlocinfoEx_nolock   0000000140011398 f   libucrt:locale_refcounting.obj
 0001:00010400       _recalloc                  0000000140011400 f   libucrt:recalloc.obj
 0001:00010408       _recalloc_base             0000000140011408 f   libucrt:recalloc.obj
 0001:000104a0       __acrt_initialize_heap     00000001400114a0 f   libucrt:heap_handle.obj
 0001:000104bc       __acrt_uninitialize_heap   00000001400114bc f   libucrt:heap_handle.obj
 0001:000104c8       __acrt_execute_initializers 00000001400114c8 f   libucrt:shared_initialization.obj
 0001:0001055c       __acrt_execute_uninitializers 000000014001155c f   libucrt:shared_initialization.obj
 0001:000105ac       __acrt_initialize_new_handler 00000001400115ac f   libucrt:new_handler.obj
 0001:000105b4       _callnewh                  00000001400115b4 f   libucrt:new_handler.obj
 0001:000105f4       _query_new_handler         00000001400115f4 f   libucrt:new_handler.obj
 0001:00010628       ??$?RV<lambda_c36588078e9f5dfd39652860aa6b3aaf>@@AEAV<lambda_ec61778202f4f5fc7e7711acc23c3bca>@@V<lambda_dc9d2797ccde5d239b4a0efae8ebd7db>@@@?$__crt_seh_guarded_call@P6AXH@Z@@QEAAP6AXH@Z$$QEAV<lambda_c36588078e9f5dfd39652860aa6b3aaf>@@AEAV<lambda_ec61778202f4f5fc7e7711acc23c3bca>@@$$QEAV<lambda_dc9d2797ccde5d239b4a0efae8ebd7db>@@@Z 0000000140011628 f i libucrt:signal.obj
 0001:00010670       __acrt_get_sigabrt_handler 0000000140011670 f   libucrt:signal.obj
 0001:000106a0       __acrt_initialize_signal_handlers 00000001400116a0 f   libucrt:signal.obj
 0001:000106c0       raise                      00000001400116c0 f   libucrt:signal.obj
 0001:00010a24       __acrt_DownlevelLocaleNameToLCID 0000000140011a24 f   libucrt:lcidtoname_downlevel.obj
 0001:00010a58       _fclose_nolock             0000000140011a58 f   libucrt:fclose.obj
 0001:00010adc       fclose                     0000000140011adc f   libucrt:fclose.obj
 0001:00010b48       ??$?RV<lambda_b521505b218e5242e90febf6bfebc422>@@AEAV<lambda_6978c1fb23f02e42e1d9e99668cc68aa>@@V<lambda_314360699dd331753a4119843814e9a7>@@@?$__crt_seh_guarded_call@H@@QEAAH$$QEAV<lambda_b521505b218e5242e90febf6bfebc422>@@AEAV<lambda_6978c1fb23f02e42e1d9e99668cc68aa>@@$$QEAV<lambda_314360699dd331753a4119843814e9a7>@@@Z 0000000140011b48 f i libucrt:commit.obj
 0001:00010bd4       _commit                    0000000140011bd4 f   libucrt:commit.obj
 0001:00011208       _write                     0000000140012208 f   libucrt:write.obj
 0001:000112f4       _write_nolock              00000001400122f4 f   libucrt:write.obj
 0001:000115d8       _isleadbyte_l              00000001400125d8 f i libucrt:_wctype.obj
 0001:00011974       __acrt_LCMapStringA        0000000140012974 f   libucrt:lcmapstringa.obj
 0001:00011a0c       __acrt_fp_strflt_to_string 0000000140012a0c f   libucrt:_fptostr.obj
 0001:00011acc       __acrt_fltout              0000000140012acc f   libucrt:cfout.obj
 0001:00012f3c       __acrt_stdio_flush_and_write_narrow_nolock 0000000140013f3c f   libucrt:_flsbuf.obj
 0001:00013024       _isatty                    0000000140014024 f   libucrt:isatty.obj
 0001:00013084       __acrt_stdio_allocate_buffer_nolock 0000000140014084 f   libucrt:_getbuf.obj
 0001:000130e8       _getfpcontrolword          00000001400140e8 f   libucrt:_fenvutils.obj
 0001:00013100       _getfpstatusword           0000000140014100 f   libucrt:_fenvutils.obj
 0001:00013114       _setfpcontrolword          0000000140014114 f   libucrt:_fenvutils.obj
 0001:00013120       _setfpstatusword           0000000140014120 f   libucrt:_fenvutils.obj
 0001:00013240       qsort                      0000000140014240 f   libucrt:qsort.obj
 0001:00013574       strncpy_s                  0000000140014574 f   libucrt:strncpy_s.obj
 0001:00013648       strpbrk                    0000000140014648 f   libucrt:strpbrk.obj
 0001:000136e8       _mbsdec                    00000001400146e8 f   libucrt:mbsdec.obj
 0001:000136f0       _mbsdec_l                  00000001400146f0 f   libucrt:mbsdec.obj
 0001:000137a0       _strnicoll                 00000001400147a0 f   libucrt:strnicol.obj
 0001:000137b8       _strnicoll_l               00000001400147b8 f   libucrt:strnicol.obj
 0001:000138b8       _msize                     00000001400148b8 f   libucrt:msize.obj
 0001:000138f4       _realloc_base              00000001400148f4 f   libucrt:realloc_base.obj
 0001:00013978       ??$?RV<lambda_bfedae4ebbf01fab1bb6dcc6a9e276e0>@@AEAV<lambda_2fe9b910cf3cbf4a0ab98a02ba45b3ec>@@V<lambda_237c231691f317818eb88cc1d5d642d6>@@@?$__crt_seh_guarded_call@H@@QEAAH$$QEAV<lambda_bfedae4ebbf01fab1bb6dcc6a9e276e0>@@AEAV<lambda_2fe9b910cf3cbf4a0ab98a02ba45b3ec>@@$$QEAV<lambda_237c231691f317818eb88cc1d5d642d6>@@@Z 0000000140014978 f i libucrt:close.obj
 0001:000139ec       _close                     00000001400149ec f   libucrt:close.obj
 0001:00013a90       _close_nolock              0000000140014a90 f   libucrt:close.obj
 0001:00013b4c       ?__acrt_stdio_free_stream@@YAXV__crt_stdio_stream@@@Z 0000000140014b4c f   libucrt:stream.obj
 0001:00013d1c       _lseeki64                  0000000140014d1c f   libucrt:lseek.obj
 0001:00013d24       _lseeki64_nolock           0000000140014d24 f   libucrt:lseek.obj
 0001:00013d2c       _putwch_nolock             0000000140014d2c f   libucrt:putwch.obj
 0001:00013d88       __strncnt                  0000000140014d88 f   libucrt:strncnt.obj
 0001:00013da0       fegetenv                   0000000140014da0 f   libucrt:fegetenv.obj
 0001:00013dc0       fesetenv                   0000000140014dc0 f   libucrt:fesetenv.obj
 0001:00013e0c       feholdexcept               0000000140014e0c f   libucrt:feholdexcept.obj
 0001:00013e5c       ceil                       0000000140014e5c f   libucrt:ceil.obj
 0001:00013f20       log10                      0000000140014f20 f   libucrt:log10.obj
 0001:000144cc       _clearfp                   00000001400154cc f   libucrt:ieee.obj
 0001:00014520       _controlfp                 0000000140015520 f   libucrt:ieee.obj
 0001:0001452c       _statusfp                  000000014001552c f   libucrt:ieee.obj
 0001:00014820       _get_fpsr                  0000000140015820 f   libucrt:fpsr.obj
 0001:00014830       _set_fpsr                  0000000140015830 f   libucrt:fpsr.obj
 0001:0001483a       _fclrf                     000000014001583a f   libucrt:fpsr.obj
 0001:0001484e       _frnd                      000000014001584e f   libucrt:fpsr.obj
 0001:00014870       __ascii_strnicmp           0000000140015870 f   libucrt:strnicmp.obj
 0001:000148b8       _strnicmp                  00000001400158b8 f   libucrt:strnicmp.obj
 0001:00014908       _strnicmp_l                0000000140015908 f   libucrt:strnicmp.obj
 0001:00014d78       __acrt_CompareStringA      0000000140015d78 f   libucrt:comparestringa.obj
 0001:00014e04       __dcrt_lowio_initialize_console_output 0000000140015e04 f   libucrt:initcon.obj
 0001:00014e40       __dcrt_terminate_console_output 0000000140015e40 f   libucrt:initcon.obj
 0001:00014f84       _handle_error              0000000140015f84 f   libucrt:libm_error.obj
 0001:000150ac       _handle_nan                00000001400160ac f   libucrt:libm_error.obj
 0001:000150d0       __acrt_initialize_fma3     00000001400160d0 f   libucrt:fma3_available.obj
 0001:00015140       _log10_special             0000000140016140 f   libucrt:log_special.obj
 0001:00015160       _log_special               0000000140016160 f   libucrt:log_special.obj
 0001:00015218       _raise_exc                 0000000140016218 f   libucrt:fpexcept.obj
 0001:00015240       _raise_exc_ex              0000000140016240 f   libucrt:fpexcept.obj
 0001:00015548       _set_errno_from_matherr    0000000140016548 f   libucrt:fpexcept.obj
 0001:00015578       _clrfp                     0000000140016578 f   libucrt:fpctrl.obj
 0001:00015598       _ctrlfp                    0000000140016598 f   libucrt:fpctrl.obj
 0001:00015614       _set_statfp                0000000140016614 f   libucrt:fpctrl.obj
 0001:00015634       _statfp                    0000000140016634 f   libucrt:fpctrl.obj
 0001:00015646       IsProcessorFeaturePresent  0000000140016646 f   kernel32:KERNEL32.dll
 0001:0001564c       RtlUnwindEx                000000014001664c f   kernel32:KERNEL32.dll
 0001:00015660       _FindPESection             0000000140016660 f   LIBCMT:pesect.obj
 0001:000156b0       _IsNonwritableInCurrentImage 00000001400166b0 f   LIBCMT:pesect.obj
 0001:00015700       _ValidateImageBase         0000000140016700 f   LIBCMT:pesect.obj
 0001:00015730       __GSHandlerCheck           0000000140016730 f   LIBCMT:_gshandler_.obj
 0001:00015750       __GSHandlerCheckCommon     0000000140016750 f   LIBCMT:_gshandler_.obj
 0001:000157c0       __chkstk                   00000001400167c0 f   LIBCMT:_chkstk_.obj
 0001:000157c0       _alloca_probe              00000001400167c0 f   LIBCMT:_chkstk_.obj
 0001:00015830       memmove                    0000000140016830 f   libvcruntime:memcpy.obj
 0001:00015830       memcpy                     0000000140016830 f   libvcruntime:memcpy.obj
 0001:00015c80       memcmp                     0000000140016c80 f   libvcruntime:memcmp.obj
 0001:00015d48       strrchr                    0000000140016d48 f   libvcruntime:strrchr.obj
 0001:00015e88       strchr                     0000000140016e88 f   libvcruntime:strchr.obj
 0001:00015f14       floor                      0000000140016f14 f   libucrt:floor.obj
 0001:00015fd0       log                        0000000140016fd0 f   libucrt:log.obj
 0001:000164fc       sqrt                       00000001400174fc f   libucrt:sqrt.obj
 0001:000165e0       _guard_dispatch_icall_nop  00000001400175e0 f   LIBCMT:_guard_dispatch_.obj
 0002:00000000       __imp_RtlCaptureContext    0000000140018000     kernel32:KERNEL32.dll
 0002:00000008       __imp_RtlLookupFunctionEntry 0000000140018008     kernel32:KERNEL32.dll
 0002:00000010       __imp_RtlVirtualUnwind     0000000140018010     kernel32:KERNEL32.dll
 0002:00000018       __imp_UnhandledExceptionFilter 0000000140018018     kernel32:KERNEL32.dll
 0002:00000020       __imp_SetUnhandledExceptionFilter 0000000140018020     kernel32:KERNEL32.dll
 0002:00000028       __imp_GetCurrentProcess    0000000140018028     kernel32:KERNEL32.dll
 0002:00000030       __imp_TerminateProcess     0000000140018030     kernel32:KERNEL32.dll
 0002:00000038       __imp_IsProcessorFeaturePresent 0000000140018038     kernel32:KERNEL32.dll
 0002:00000040       __imp_QueryPerformanceCounter 0000000140018040     kernel32:KERNEL32.dll
 0002:00000048       __imp_GetCurrentProcessId  0000000140018048     kernel32:KERNEL32.dll
 0002:00000050       __imp_GetCurrentThreadId   0000000140018050     kernel32:KERNEL32.dll
 0002:00000058       __imp_GetSystemTimeAsFileTime 0000000140018058     kernel32:KERNEL32.dll
 0002:00000060       __imp_InitializeSListHead  0000000140018060     kernel32:KERNEL32.dll
 0002:00000068       __imp_IsDebuggerPresent    0000000140018068     kernel32:KERNEL32.dll
 0002:00000070       __imp_GetStartupInfoW      0000000140018070     kernel32:KERNEL32.dll
 0002:00000078       __imp_GetModuleHandleW     0000000140018078     kernel32:KERNEL32.dll
 0002:00000080       __imp_RtlUnwindEx          0000000140018080     kernel32:KERNEL32.dll
 0002:00000088       __imp_GetLastError         0000000140018088     kernel32:KERNEL32.dll
 0002:00000090       __imp_SetLastError         0000000140018090     kernel32:KERNEL32.dll
 0002:00000098       __imp_EnterCriticalSection 0000000140018098     kernel32:KERNEL32.dll
 0002:000000a0       __imp_LeaveCriticalSection 00000001400180a0     kernel32:KERNEL32.dll
 0002:000000a8       __imp_DeleteCriticalSection 00000001400180a8     kernel32:KERNEL32.dll
 0002:000000b0       __imp_InitializeCriticalSectionAndSpinCount 00000001400180b0     kernel32:KERNEL32.dll
 0002:000000b8       __imp_TlsAlloc             00000001400180b8     kernel32:KERNEL32.dll
 0002:000000c0       __imp_TlsGetValue          00000001400180c0     kernel32:KERNEL32.dll
 0002:000000c8       __imp_TlsSetValue          00000001400180c8     kernel32:KERNEL32.dll
 0002:000000d0       __imp_TlsFree              00000001400180d0     kernel32:KERNEL32.dll
 0002:000000d8       __imp_FreeLibrary          00000001400180d8     kernel32:KERNEL32.dll
 0002:000000e0       __imp_GetProcAddress       00000001400180e0     kernel32:KERNEL32.dll
 0002:000000e8       __imp_LoadLibraryExW       00000001400180e8     kernel32:KERNEL32.dll
 0002:000000f0       __imp_GetStdHandle         00000001400180f0     kernel32:KERNEL32.dll
 0002:000000f8       __imp_WriteFile            00000001400180f8     kernel32:KERNEL32.dll
 0002:00000100       __imp_GetModuleFileNameA   0000000140018100     kernel32:KERNEL32.dll
 0002:00000108       __imp_MultiByteToWideChar  0000000140018108     kernel32:KERNEL32.dll
 0002:00000110       __imp_WideCharToMultiByte  0000000140018110     kernel32:KERNEL32.dll
 0002:00000118       __imp_ExitProcess          0000000140018118     kernel32:KERNEL32.dll
 0002:00000120       __imp_GetModuleHandleExW   0000000140018120     kernel32:KERNEL32.dll
 0002:00000128       __imp_GetCommandLineA      0000000140018128     kernel32:KERNEL32.dll
 0002:00000130       __imp_GetCommandLineW      0000000140018130     kernel32:KERNEL32.dll
 0002:00000138       __imp_GetACP               0000000140018138     kernel32:KERNEL32.dll
 0002:00000140       __imp_HeapFree             0000000140018140     kernel32:KERNEL32.dll
 0002:00000148       __imp_HeapAlloc            0000000140018148     kernel32:KERNEL32.dll
 0002:00000150       __imp_CompareStringW       0000000140018150     kernel32:KERNEL32.dll
 0002:00000158       __imp_LCMapStringW         0000000140018158     kernel32:KERNEL32.dll
 0002:00000160       __imp_GetFileType          0000000140018160     kernel32:KERNEL32.dll
 0002:00000168       __imp_GetStringTypeW       0000000140018168     kernel32:KERNEL32.dll
 0002:00000170       __imp_CloseHandle          0000000140018170     kernel32:KERNEL32.dll
 0002:00000178       __imp_FindClose            0000000140018178     kernel32:KERNEL32.dll
 0002:00000180       __imp_FindFirstFileExA     0000000140018180     kernel32:KERNEL32.dll
 0002:00000188       __imp_FindNextFileA        0000000140018188     kernel32:KERNEL32.dll
 0002:00000190       __imp_IsValidCodePage      0000000140018190     kernel32:KERNEL32.dll
 0002:00000198       __imp_GetOEMCP             0000000140018198     kernel32:KERNEL32.dll
 0002:000001a0       __imp_GetCPInfo            00000001400181a0     kernel32:KERNEL32.dll
 0002:000001a8       __imp_GetEnvironmentStringsW 00000001400181a8     kernel32:KERNEL32.dll
 0002:000001b0       __imp_FreeEnvironmentStringsW 00000001400181b0     kernel32:KERNEL32.dll
 0002:000001b8       __imp_SetEnvironmentVariableA 00000001400181b8     kernel32:KERNEL32.dll
 0002:000001c0       __imp_SetStdHandle         00000001400181c0     kernel32:KERNEL32.dll
 0002:000001c8       __imp_GetProcessHeap       00000001400181c8     kernel32:KERNEL32.dll
 0002:000001d0       __imp_FlushFileBuffers     00000001400181d0     kernel32:KERNEL32.dll
 0002:000001d8       __imp_GetConsoleCP         00000001400181d8     kernel32:KERNEL32.dll
 0002:000001e0       __imp_GetConsoleMode       00000001400181e0     kernel32:KERNEL32.dll
 0002:000001e8       __imp_HeapSize             00000001400181e8     kernel32:KERNEL32.dll
 0002:000001f0       __imp_HeapReAlloc          00000001400181f0     kernel32:KERNEL32.dll
 0002:000001f8       __imp_SetFilePointerEx     00000001400181f8     kernel32:KERNEL32.dll
 0002:00000200       __imp_WriteConsoleW        0000000140018200     kernel32:KERNEL32.dll
 0002:00000208       __imp_CreateFileW          0000000140018208     kernel32:KERNEL32.dll
 0002:00000210       __imp_RaiseException       0000000140018210     kernel32:KERNEL32.dll
 0002:00000218       \177KERNEL32_NULL_THUNK_DATA 0000000140018218     kernel32:KERNEL32.dll
 0002:00000220       __guard_check_icall_fptr   0000000140018220     LIBCMT:guard_support.obj
 0002:00000228       __guard_dispatch_icall_fptr 0000000140018228     LIBCMT:guard_support.obj
 0002:00000230       __xc_a                     0000000140018230     LIBCMT:initializers.obj
 0002:00000240       __xc_z                     0000000140018240     LIBCMT:initializers.obj
 0002:00000248       __xi_a                     0000000140018248     LIBCMT:initializers.obj
 0002:00000260       __acrt_stdio_initializer   0000000140018260     libucrt:stdio_initializer.obj
 0002:00000268       __acrt_multibyte_initializer 0000000140018268     libucrt:multibyte_initializer.obj
 0002:00000270       __acrt_tran_fma3_initializer 0000000140018270     libucrt:fma3_initializer.obj
 0002:00000278       __xi_z                     0000000140018278     LIBCMT:initializers.obj
 0002:00000280       __xp_a                     0000000140018280     LIBCMT:initializers.obj
 0002:00000288       __acrt_locale_terminator   0000000140018288     libucrt:locale_initializer.obj
 0002:00000290       __dcrt_console_output_terminator 0000000140018290     libucrt:console_output_initializer.obj
 0002:00000298       __acrt_stdio_terminator    0000000140018298     libucrt:stdio_initializer.obj
 0002:000002a0       __xp_z                     00000001400182a0     LIBCMT:initializers.obj
 0002:000002a8       __xt_a                     00000001400182a8     LIBCMT:initializers.obj
 0002:000002b0       __xt_z                     00000001400182b0     LIBCMT:initializers.obj
 0002:000002f0       ??_C@_1BC@DNHGCMLG@?$AAa?$AAd?$AAv?$AAa?$AAp?$AAi?$AA3?$AA2?$AA?$AA@ 00000001400182f0     libvcruntime:winapi_downlevel.obj
 0002:00000308       ??_C@_1DM@KHCHBNEB@?$AAa?$AAp?$AAi?$AA?9?$AAm?$AAs?$AA?9?$AAw?$AAi?$AAn?$AA?9?$AAc?$AAo?$AAr?$AAe?$AA?9?$AAf?$AAi?$AAb?$AAe?$AAr?$AAs?$AA?9?$AAl?$AA1?$AA?9?$AA1?$AA?9?$AA1?$AA?$AA@ 0000000140018308     libvcruntime:winapi_downlevel.obj
 0002:00000348       ??_C@_1DK@LPPGFMPP@?$AAa?$AAp?$AAi?$AA?9?$AAm?$AAs?$AA?9?$AAw?$AAi?$AAn?$AA?9?$AAc?$AAo?$AAr?$AAe?$AA?9?$AAs?$AAy?$AAn?$AAc?$AAh?$AA?9?$AAl?$AA1?$AA?9?$AA2?$AA?9?$AA0?$AA?$AA@ 0000000140018348     libvcruntime:winapi_downlevel.obj
 0002:00000388       ??_C@_1BC@GDMECMAK@?$AAk?$AAe?$AAr?$AAn?$AAe?$AAl?$AA3?$AA2?$AA?$AA@ 0000000140018388     libvcruntime:winapi_downlevel.obj
 0002:000003a8       ??_C@_08KNHFBNJ@FlsAlloc?$AA@ 00000001400183a8     libvcruntime:winapi_downlevel.obj
 0002:000003c0       ??_C@_07PEJMOBNF@FlsFree?$AA@ 00000001400183c0     libvcruntime:winapi_downlevel.obj
 0002:000003c8       ??_C@_0M@GDNOONDI@FlsGetValue?$AA@ 00000001400183c8     libvcruntime:winapi_downlevel.obj
 0002:000003e0       ??_C@_0M@JCPCPOEF@FlsSetValue?$AA@ 00000001400183e0     libvcruntime:winapi_downlevel.obj
 0002:000003f8       ??_C@_0BM@HCFOFFN@InitializeCriticalSectionEx?$AA@ 00000001400183f8     libvcruntime:winapi_downlevel.obj
 0002:00000740       ??_C@_08EHJDFFNH@__based?$CI?$AA@ 0000000140018740     libvcruntime:undname.obj
 0002:00000750       ??_C@_07KOLFKCDI@__cdecl?$AA@ 0000000140018750     libvcruntime:undname.obj
 0002:00000758       ??_C@_08GHMPAG@__pascal?$AA@ 0000000140018758     libvcruntime:undname.obj
 0002:00000768       ??_C@_09IFJBGAPI@__stdcall?$AA@ 0000000140018768     libvcruntime:undname.obj
 0002:00000778       ??_C@_0L@NPHFGOKO@__thiscall?$AA@ 0000000140018778     libvcruntime:undname.obj
 0002:00000788       ??_C@_0L@JMKHOMEK@__fastcall?$AA@ 0000000140018788     libvcruntime:undname.obj
 0002:00000798       ??_C@_0N@BCKKPABJ@__vectorcall?$AA@ 0000000140018798     libvcruntime:undname.obj
 0002:000007a8       ??_C@_09HIJEGCPM@__clrcall?$AA@ 00000001400187a8     libvcruntime:undname.obj
 0002:000007b4       ??_C@_06GHPCKEAG@__eabi?$AA@ 00000001400187b4     libvcruntime:undname.obj
 0002:000007c0       ??_C@_07JOMMBBKO@__ptr64?$AA@ 00000001400187c0     libvcruntime:undname.obj
 0002:000007c8       ??_C@_0L@PILCLIHE@__restrict?$AA@ 00000001400187c8     libvcruntime:undname.obj
 0002:000007d8       ??_C@_0M@GFIIJFMG@__unaligned?$AA@ 00000001400187d8     libvcruntime:undname.obj
 0002:000007e8       ??_C@_09DHDLOLLB@restrict?$CI?$AA@ 00000001400187e8     libvcruntime:undname.obj
 0002:000007f2       ??_C@_00CNPNBAHC@?$AA@     00000001400187f2     libvcruntime:undname.obj
 0002:000007f4       ??_C@_04NIHEBCM@?5new?$AA@ 00000001400187f4     libvcruntime:undname.obj
 0002:00000800       ??_C@_07FPCDHGMM@?5delete?$AA@ 0000000140018800     libvcruntime:undname.obj
 0002:00000808       ??_C@_01NEMOKFLO@?$DN?$AA@ 0000000140018808     libvcruntime:undname.obj
 0002:0000080c       ??_C@_02GPIOPFAK@?$DO?$DO?$AA@ 000000014001880c     libvcruntime:undname.obj
 0002:00000810       ??_C@_02FODMEDOG@?$DM?$DM?$AA@ 0000000140018810     libvcruntime:undname.obj
 0002:00000814       ??_C@_01DCLJPIOD@?$CB?$AA@ 0000000140018814     libvcruntime:undname.obj
 0002:00000818       ??_C@_02EGOFBIJA@?$DN?$DN?$AA@ 0000000140018818     libvcruntime:undname.obj
 0002:0000081c       ??_C@_02FDNJECIE@?$CB?$DN?$AA@ 000000014001881c     libvcruntime:undname.obj
 0002:00000820       ??_C@_02GPECMEKF@?$FL?$FN?$AA@ 0000000140018820     libvcruntime:undname.obj
 0002:00000828       ??_C@_08LHJFAFGD@operator?$AA@ 0000000140018828     libvcruntime:undname.obj
 0002:00000834       ??_C@_02HBOOOICD@?9?$DO?$AA@ 0000000140018834     libvcruntime:undname.obj
 0002:00000838       ??_C@_01NBENCBCI@?$CK?$AA@ 0000000140018838     libvcruntime:undname.obj
 0002:0000083c       ??_C@_02ECNGHCIF@?$CL?$CL?$AA@ 000000014001883c     libvcruntime:undname.obj
 0002:00000840       ??_C@_02BAABKJLB@?9?9?$AA@ 0000000140018840     libvcruntime:undname.obj
 0002:00000844       ??_C@_01JOAMLHOP@?9?$AA@   0000000140018844     libvcruntime:undname.obj
 0002:00000848       ??_C@_01MIFGBAGJ@?$CL?$AA@ 0000000140018848     libvcruntime:undname.obj
 0002:0000084c       ??_C@_01HNPIGOCE@?$CG?$AA@ 000000014001884c     libvcruntime:undname.obj
 0002:00000850       ??_C@_03MNHNFDLC@?9?$DO?$CK?$AA@ 0000000140018850     libvcruntime:undname.obj
 0002:00000854       ??_C@_01KMDKNFGN@?1?$AA@   0000000140018854     libvcruntime:undname.obj
 0002:00000858       ??_C@_01FGNFDNOH@?$CF?$AA@ 0000000140018858     libvcruntime:undname.obj
 0002:0000085c       ??_C@_01MNNFJEPP@?$DM?$AA@ 000000014001885c     libvcruntime:undname.obj
 0002:00000860       ??_C@_02EHCHHCKH@?$DM?$DN?$AA@ 0000000140018860     libvcruntime:undname.obj
 0002:00000864       ??_C@_01PPODPGHN@?$DO?$AA@ 0000000140018864     libvcruntime:undname.obj
 0002:00000868       ??_C@_02EEKDKGMJ@?$DO?$DN?$AA@ 0000000140018868     libvcruntime:undname.obj
 0002:0000086c       ??_C@_01IHBHIGKO@?0?$AA@   000000014001886c     libvcruntime:undname.obj
 0002:00000870       ??_C@_02HCKGKOFO@?$CI?$CJ?$AA@ 0000000140018870     libvcruntime:undname.obj
 0002:00000874       ??_C@_01PJKLJHI@?$HO?$AA@  0000000140018874     libvcruntime:undname.obj
 0002:00000878       ??_C@_01JKBOJNNK@?$FO?$AA@ 0000000140018878     libvcruntime:undname.obj
 0002:0000087c       ??_C@_01DNKMNLPK@?$HM?$AA@ 000000014001887c     libvcruntime:undname.obj
 0002:00000880       ??_C@_02PPKAJPJL@?$CG?$CG?$AA@ 0000000140018880     libvcruntime:undname.obj
 0002:00000884       ??_C@_02NONPIBCD@?$HM?$HM?$AA@ 0000000140018884     libvcruntime:undname.obj
 0002:00000888       ??_C@_02FPIMKNGF@?$CK?$DN?$AA@ 0000000140018888     libvcruntime:undname.obj
 0002:0000088c       ??_C@_02FOEOMHFC@?$CL?$DN?$AA@ 000000014001888c     libvcruntime:undname.obj
 0002:00000890       ??_C@_02FKMDLLOA@?9?$DN?$AA@ 0000000140018890     libvcruntime:undname.obj
 0002:00000894       ??_C@_02FJEHGPIO@?1?$DN?$AA@ 0000000140018894     libvcruntime:undname.obj
 0002:00000898       ??_C@_02FENAOKFI@?$CF?$DN?$AA@ 0000000140018898     libvcruntime:undname.obj
 0002:0000089c       ??_C@_03IKFCCPFF@?$DO?$DO?$DN?$AA@ 000000014001889c     libvcruntime:undname.obj
 0002:000008a0       ??_C@_03CDNPDDLA@?$DM?$DM?$DN?$AA@ 00000001400188a0     libvcruntime:undname.obj
 0002:000008a4       ??_C@_02FGJGFEAB@?$CG?$DN?$AA@ 00000001400188a4     libvcruntime:undname.obj
 0002:000008a8       ??_C@_02DHLNPPGH@?$HM?$DN?$AA@ 00000001400188a8     libvcruntime:undname.obj
 0002:000008ac       ??_C@_02MHEGNOJ@?$FO?$DN?$AA@ 00000001400188ac     libvcruntime:undname.obj
 0002:000008b0       ??_C@_09IFPLHPGF@?$GAvftable?8?$AA@ 00000001400188b0     libvcruntime:undname.obj
 0002:000008c0       ??_C@_09BLBHBJP@?$GAvbtable?8?$AA@ 00000001400188c0     libvcruntime:undname.obj
 0002:000008d0       ??_C@_07FEEIOKP@?$GAvcall?8?$AA@ 00000001400188d0     libvcruntime:undname.obj
 0002:000008d8       ??_C@_08LLFFHHDJ@?$GAtypeof?8?$AA@ 00000001400188d8     libvcruntime:undname.obj
 0002:000008e8       ??_C@_0BF@KDPPACIK@?$GAlocal?5static?5guard?8?$AA@ 00000001400188e8     libvcruntime:undname.obj
 0002:00000900       ??_C@_08OBABFOLI@?$GAstring?8?$AA@ 0000000140018900     libvcruntime:undname.obj
 0002:00000910       ??_C@_0BD@JDLKDPAB@?$GAvbase?5destructor?8?$AA@ 0000000140018910     libvcruntime:undname.obj
 0002:00000928       ??_C@_0BN@DEGPLNFK@?$GAvector?5deleting?5destructor?8?$AA@ 0000000140018928     libvcruntime:undname.obj
 0002:00000948       ??_C@_0BO@OBMKPJIG@?$GAdefault?5constructor?5closure?8?$AA@ 0000000140018948     libvcruntime:undname.obj
 0002:00000968       ??_C@_0BN@IMDCHIKM@?$GAscalar?5deleting?5destructor?8?$AA@ 0000000140018968     libvcruntime:undname.obj
 0002:00000988       ??_C@_0BO@PFGOCPJJ@?$GAvector?5constructor?5iterator?8?$AA@ 0000000140018988     libvcruntime:undname.obj
 0002:000009a8       ??_C@_0BN@LFPFMEDL@?$GAvector?5destructor?5iterator?8?$AA@ 00000001400189a8     libvcruntime:undname.obj
 0002:000009c8       ??_C@_0CE@IKBNEHA@?$GAvector?5vbase?5constructor?5iterat@ 00000001400189c8     libvcruntime:undname.obj
 0002:000009f0       ??_C@_0BL@NILFHHPC@?$GAvirtual?5displacement?5map?8?$AA@ 00000001400189f0     libvcruntime:undname.obj
 0002:00000a10       ??_C@_0CB@JONCMFFK@?$GAeh?5vector?5constructor?5iterator?8@ 0000000140018a10     libvcruntime:undname.obj
 0002:00000a38       ??_C@_0CA@GCEOPDGL@?$GAeh?5vector?5destructor?5iterator?8?$AA@ 0000000140018a38     libvcruntime:undname.obj
 0002:00000a58       ??_C@_0CH@OOJPLCPH@?$GAeh?5vector?5vbase?5constructor?5ite@ 0000000140018a58     libvcruntime:undname.obj
 0002:00000a80       ??_C@_0BL@LLKPOHJI@?$GAcopy?5constructor?5closure?8?$AA@ 0000000140018a80     libvcruntime:undname.obj
 0002:00000aa0       ??_C@_0BA@KBCDOMBN@?$GAudt?5returning?8?$AA@ 0000000140018aa0     libvcruntime:undname.obj
 0002:00000ab0       ??_C@_03KLGMFNMG@?$GAEH?$AA@ 0000000140018ab0     libvcruntime:undname.obj
 0002:00000ab4       ??_C@_05KHLCHHI@?$GARTTI?$AA@ 0000000140018ab4     libvcruntime:undname.obj
 0002:00000ac0       ??_C@_0BA@KKLDJDLB@?$GAlocal?5vftable?8?$AA@ 0000000140018ac0     libvcruntime:undname.obj
 0002:00000ad0       ??_C@_0CE@IIHCMGGL@?$GAlocal?5vftable?5constructor?5closu@ 0000000140018ad0     libvcruntime:undname.obj
 0002:00000af4       ??_C@_06FHBGPFGH@?5new?$FL?$FN?$AA@ 0000000140018af4     libvcruntime:undname.obj
 0002:00000b00       ??_C@_09LBNFPBCA@?5delete?$FL?$FN?$AA@ 0000000140018b00     libvcruntime:undname.obj
 0002:00000b10       ??_C@_0P@HJKNJFNN@?$GAomni?5callsig?8?$AA@ 0000000140018b10     libvcruntime:undname.obj
 0002:00000b20       ??_C@_0BL@CNOONJFP@?$GAplacement?5delete?5closure?8?$AA@ 0000000140018b20     libvcruntime:undname.obj
 0002:00000b40       ??_C@_0BN@CKNJLHMB@?$GAplacement?5delete?$FL?$FN?5closure?8?$AA@ 0000000140018b40     libvcruntime:undname.obj
 0002:00000b60       ??_C@_0CG@CFDHKGGD@?$GAmanaged?5vector?5constructor?5iter@ 0000000140018b60     libvcruntime:undname.obj
 0002:00000b88       ??_C@_0CF@IMGKMJNO@?$GAmanaged?5vector?5destructor?5itera@ 0000000140018b88     libvcruntime:undname.obj
 0002:00000bb0       ??_C@_0CG@HLDDJMAG@?$GAeh?5vector?5copy?5constructor?5iter@ 0000000140018bb0     libvcruntime:undname.obj
 0002:00000bd8       ??_C@_0CM@FCBBDIGB@?$GAeh?5vector?5vbase?5copy?5constructo@ 0000000140018bd8     libvcruntime:undname.obj
 0002:00000c08       ??_C@_0BL@CLIPGLGB@?$GAdynamic?5initializer?5for?5?8?$AA@ 0000000140018c08     libvcruntime:undname.obj
 0002:00000c28       ??_C@_0CB@PDBIFEP@?$GAdynamic?5atexit?5destructor?5for?5?8@ 0000000140018c28     libvcruntime:undname.obj
 0002:00000c50       ??_C@_0CD@CGAJBKEJ@?$GAvector?5copy?5constructor?5iterato@ 0000000140018c50     libvcruntime:undname.obj
 0002:00000c78       ??_C@_0CJ@GJELGAMM@?$GAvector?5vbase?5copy?5constructor?5i@ 0000000140018c78     libvcruntime:undname.obj
 0002:00000ca8       ??_C@_0CL@FGIJHLCE@?$GAmanaged?5vector?5copy?5constructor@ 0000000140018ca8     libvcruntime:undname.obj
 0002:00000cd8       ??_C@_0BM@PMGGMLDN@?$GAlocal?5static?5thread?5guard?8?$AA@ 0000000140018cd8     libvcruntime:undname.obj
 0002:00000cf8       ??_C@_0N@BDNMDMOL@operator?5?$CC?$CC?5?$AA@ 0000000140018cf8     libvcruntime:undname.obj
 0002:00000d08       ??_C@_0BC@DAFEJGAK@?5Type?5Descriptor?8?$AA@ 0000000140018d08     libvcruntime:undname.obj
 0002:00000d20       ??_C@_0BM@LDKODKLH@?5Base?5Class?5Descriptor?5at?5?$CI?$AA@ 0000000140018d20     libvcruntime:undname.obj
 0002:00000d40       ??_C@_0BD@LGICGFMM@?5Base?5Class?5Array?8?$AA@ 0000000140018d40     libvcruntime:undname.obj
 0002:00000d58       ??_C@_0BN@MECKDCOJ@?5Class?5Hierarchy?5Descriptor?8?$AA@ 0000000140018d58     libvcruntime:undname.obj
 0002:00000d78       ??_C@_0BK@CFCOFLF@?5Complete?5Object?5Locator?8?$AA@ 0000000140018d78     libvcruntime:undname.obj
 0002:00000da0       standard_lookup_table      0000000140018da0     libucrt:output.obj
 0002:00000dfc       ??_C@_06OJHGLDPL@?$CInull?$CJ?$AA@ 0000000140018dfc     libucrt:output.obj
 0002:00000e08       ??_C@_1O@CEDCILHN@?$AA?$CI?$AAn?$AAu?$AAl?$AAl?$AA?$CJ?$AA?$AA@ 0000000140018e08     libucrt:output.obj
 0002:00000e20       ?large_power_data@?1??multiply_by_power_of_ten@__crt_strtox@@YA_NAEAUbig_integer@2@I@Z@4QBIB 0000000140018e20     libucrt:input.obj
 0002:00001730       ?large_power_indices@?1??multiply_by_power_of_ten@__crt_strtox@@YA_NAEAUbig_integer@2@I@Z@4QBUunpack_index@?1??12@YA_N0I@Z@B 0000000140019730     libucrt:input.obj
 0002:000017c8       ?small_powers_of_ten@?6??multiply_by_power_of_ten@__crt_strtox@@YA_NAEAUbig_integer@2@I@Z@4QBIB 00000001400197c8     libucrt:input.obj
 0002:000017f0       ??_C@_1GE@DPGDJKLM@?$AAm?$AAi?$AAn?$AAk?$AAe?$AAr?$AAn?$AAe?$AAl?$AA?2?$AAc?$AAr?$AAt?$AAs?$AA?2?$AAu?$AAc?$AAr?$AAt?$AA?2?$AAi?$AAn?$AAc?$AA?2?$AAc?$AAo?$AAr?$AAe?$AAc?$AAr?$AAt?$AA_@ 00000001400197f0     libucrt:input.obj
 0002:00001860       ??_C@_1FM@FELNCOBF@?$AA_?$AA_?$AAc?$AAr?$AAt?$AA_?$AAs?$AAt?$AAr?$AAt?$AAo?$AAx?$AA?3?$AA?3?$AAf?$AAl?$AAo?$AAa?$AAt?$AAi?$AAn?$AAg?$AA_?$AAp?$AAo?$AAi?$AAn?$AAt?$AA_?$AAv?$AAa?$AAl@ 0000000140019860     libucrt:input.obj
 0002:000018c0       ??_C@_1BG@GEMHBGAF@?$AA_?$AAi?$AAs?$AA_?$AAd?$AAo?$AAu?$AAb?$AAl?$AAe?$AA?$AA@ 00000001400198c0     libucrt:input.obj
 0002:000018e0       ??_C@_1FK@JOJELFFO@?$AA_?$AA_?$AAc?$AAr?$AAt?$AA_?$AAs?$AAt?$AAr?$AAt?$AAo?$AAx?$AA?3?$AA?3?$AAf?$AAl?$AAo?$AAa?$AAt?$AAi?$AAn?$AAg?$AA_?$AAp?$AAo?$AAi?$AAn?$AAt?$AA_?$AAv?$AAa?$AAl@ 00000001400198e0     libucrt:input.obj
 0002:00001940       ??_C@_1BI@BANMPGJI@?$AA?$CB?$AA_?$AAi?$AAs?$AA_?$AAd?$AAo?$AAu?$AAb?$AAl?$AAe?$AA?$AA@ 0000000140019940     libucrt:input.obj
 0002:00001960       ?constraints@?1??is_length_valid@__crt_stdio_input@@YA_NW4conversion_mode@2@W4length_modifier@2@@Z@4QAY0M@$$CBEA 0000000140019960     libucrt:input.obj
 0002:000019d8       ?inf_uppercase@?2???$parse_floating_point_possible_infinity@DV?$input_adapter_character_source@V?$string_input_adapter@D@__crt_stdio_input@@@__crt_strtox@@_K@__crt_strtox@@YA?AW4floating_point_parse_result@1@AEADAEAV?$input_adapter_character_source@V?$string_input_adapter@D@__crt_stdio_input@@@1@_K@Z@4QBDB 00000001400199d8     libucrt:input.obj
 0002:000019dc       ?inf_lowercase@?2???$parse_floating_point_possible_infinity@DV?$input_adapter_character_source@V?$string_input_adapter@D@__crt_stdio_input@@@__crt_strtox@@_K@__crt_strtox@@YA?AW4floating_point_parse_result@1@AEADAEAV?$input_adapter_character_source@V?$string_input_adapter@D@__crt_stdio_input@@@1@_K@Z@4QBDB 00000001400199dc     libucrt:input.obj
 0002:000019e0       ?inity_uppercase@?5???$parse_floating_point_possible_infinity@DV?$input_adapter_character_source@V?$string_input_adapter@D@__crt_stdio_input@@@__crt_strtox@@_K@__crt_strtox@@YA?AW4floating_point_parse_result@1@AEADAEAV?$input_adapter_character_source@V?$string_input_adapter@D@__crt_stdio_input@@@1@_K@Z@4QBDB 00000001400199e0     libucrt:input.obj
 0002:000019e8       ?inity_lowercase@?5???$parse_floating_point_possible_infinity@DV?$input_adapter_character_source@V?$string_input_adapter@D@__crt_stdio_input@@@__crt_strtox@@_K@__crt_strtox@@YA?AW4floating_point_parse_result@1@AEADAEAV?$input_adapter_character_source@V?$string_input_adapter@D@__crt_stdio_input@@@1@_K@Z@4QBDB 00000001400199e8     libucrt:input.obj
 0002:000019f0       ?uppercase@?2???$parse_floating_point_possible_nan@DV?$input_adapter_character_source@V?$string_input_adapter@D@__crt_stdio_input@@@__crt_strtox@@_K@__crt_strtox@@YA?AW4floating_point_parse_result@1@AEADAEAV?$input_adapter_character_source@V?$string_input_adapter@D@__crt_stdio_input@@@1@_K@Z@4QBDB 00000001400199f0     libucrt:input.obj
 0002:000019f4       ?lowercase@?2???$parse_floating_point_possible_nan@DV?$input_adapter_character_source@V?$string_input_adapter@D@__crt_stdio_input@@@__crt_strtox@@_K@__crt_strtox@@YA?AW4floating_point_parse_result@1@AEADAEAV?$input_adapter_character_source@V?$string_input_adapter@D@__crt_stdio_input@@@1@_K@Z@4QBDB 00000001400199f4     libucrt:input.obj
 0002:000019f8       ?uppercase@?1???$parse_floating_point_possible_nan_is_snan@DV?$input_adapter_character_source@V?$string_input_adapter@D@__crt_stdio_input@@@__crt_strtox@@@__crt_strtox@@YA_NAEADAEAV?$input_adapter_character_source@V?$string_input_adapter@D@__crt_stdio_input@@@1@@Z@4QBDB 00000001400199f8     libucrt:input.obj
 0002:00001a00       ?lowercase@?1???$parse_floating_point_possible_nan_is_snan@DV?$input_adapter_character_source@V?$string_input_adapter@D@__crt_stdio_input@@@__crt_strtox@@@__crt_strtox@@YA_NAEADAEAV?$input_adapter_character_source@V?$string_input_adapter@D@__crt_stdio_input@@@1@@Z@4QBDB 0000000140019a00     libucrt:input.obj
 0002:00001a08       ?uppercase@?1???$parse_floating_point_possible_nan_is_ind@DV?$input_adapter_character_source@V?$string_input_adapter@D@__crt_stdio_input@@@__crt_strtox@@@__crt_strtox@@YA_NAEADAEAV?$input_adapter_character_source@V?$string_input_adapter@D@__crt_stdio_input@@@1@@Z@4QBDB 0000000140019a08     libucrt:input.obj
 0002:00001a0c       ?lowercase@?1???$parse_floating_point_possible_nan_is_ind@DV?$input_adapter_character_source@V?$string_input_adapter@D@__crt_stdio_input@@@__crt_strtox@@@__crt_strtox@@YA_NAEADAEAV?$input_adapter_character_source@V?$string_input_adapter@D@__crt_stdio_input@@@1@@Z@4QBDB 0000000140019a0c     libucrt:input.obj
 0002:00001a10       __acrt_exception_action_table 0000000140019a10     libucrt:exception_filter.obj
 0002:00001ad0       __acrt_signal_action_table_count 0000000140019ad0     libucrt:exception_filter.obj
 0002:00001ad8       __acrt_signal_action_first_fpe_index 0000000140019ad8     libucrt:exception_filter.obj
 0002:00001ae0       __acrt_signal_action_fpe_count 0000000140019ae0     libucrt:exception_filter.obj
 0002:00001ae8       ??_C@_1BI@BGOHAHKC@?$AAm?$AAs?$AAc?$AAo?$AAr?$AAe?$AAe?$AA?4?$AAd?$AAl?$AAl?$AA?$AA@ 0000000140019ae8     libucrt:exit.obj
 0002:00001b00       ??_C@_0P@MIGLKIOC@CorExitProcess?$AA@ 0000000140019b00     libucrt:exit.obj
 0002:00001e10       ??_C@_1EG@CNNIPFIM@?$AAa?$AAp?$AAi?$AA?9?$AAm?$AAs?$AA?9?$AAw?$AAi?$AAn?$AA?9?$AAa?$AAp?$AAp?$AAm?$AAo?$AAd?$AAe?$AAl?$AA?9?$AAr?$AAu?$AAn?$AAt?$AAi?$AAm?$AAe?$AA?9?$AAl?$AA1?$AA?9?$AA1@ 0000000140019e10     libucrt:winapi_thunks.obj
 0002:00001e60       ??_C@_1EA@JGEFHKEI@?$AAa?$AAp?$AAi?$AA?9?$AAm?$AAs?$AA?9?$AAw?$AAi?$AAn?$AA?9?$AAc?$AAo?$AAr?$AAe?$AA?9?$AAd?$AAa?$AAt?$AAe?$AAt?$AAi?$AAm?$AAe?$AA?9?$AAl?$AA1?$AA?9?$AA1?$AA?9?$AA1?$AA?$AA@ 0000000140019e60     libucrt:winapi_thunks.obj
 0002:00001ea0       ??_C@_1DI@GCIAAENM@?$AAa?$AAp?$AAi?$AA?9?$AAm?$AAs?$AA?9?$AAw?$AAi?$AAn?$AA?9?$AAc?$AAo?$AAr?$AAe?$AA?9?$AAf?$AAi?$AAl?$AAe?$AA?9?$AAl?$AA2?$AA?9?$AA1?$AA?9?$AA1?$AA?$AA@ 0000000140019ea0     libucrt:winapi_thunks.obj
 0002:00001ee0       ??_C@_1EI@MPIAOHOC@?$AAa?$AAp?$AAi?$AA?9?$AAm?$AAs?$AA?9?$AAw?$AAi?$AAn?$AA?9?$AAc?$AAo?$AAr?$AAe?$AA?9?$AAl?$AAo?$AAc?$AAa?$AAl?$AAi?$AAz?$AAa?$AAt?$AAi?$AAo?$AAn?$AA?9?$AAl?$AA1?$AA?9@ 0000000140019ee0     libucrt:winapi_thunks.obj
 0002:00001f30       ??_C@_1FK@FPHCKFIE@?$AAa?$AAp?$AAi?$AA?9?$AAm?$AAs?$AA?9?$AAw?$AAi?$AAn?$AA?9?$AAc?$AAo?$AAr?$AAe?$AA?9?$AAl?$AAo?$AAc?$AAa?$AAl?$AAi?$AAz?$AAa?$AAt?$AAi?$AAo?$AAn?$AA?9?$AAo?$AAb?$AAs@ 0000000140019f30     libucrt:winapi_thunks.obj
 0002:00001f90       ??_C@_1EM@DILCGIIO@?$AAa?$AAp?$AAi?$AA?9?$AAm?$AAs?$AA?9?$AAw?$AAi?$AAn?$AA?9?$AAc?$AAo?$AAr?$AAe?$AA?9?$AAp?$AAr?$AAo?$AAc?$AAe?$AAs?$AAs?$AAt?$AAh?$AAr?$AAe?$AAa?$AAd?$AAs?$AA?9?$AAl@ 0000000140019f90     libucrt:winapi_thunks.obj
 0002:00001fe0       ??_C@_1DM@LNCGDDPN@?$AAa?$AAp?$AAi?$AA?9?$AAm?$AAs?$AA?9?$AAw?$AAi?$AAn?$AA?9?$AAc?$AAo?$AAr?$AAe?$AA?9?$AAs?$AAt?$AAr?$AAi?$AAn?$AAg?$AA?9?$AAl?$AA1?$AA?9?$AA1?$AA?9?$AA0?$AA?$AA@ 0000000140019fe0     libucrt:winapi_thunks.obj
 0002:00002020       ??_C@_1DO@FPAPJEMD@?$AAa?$AAp?$AAi?$AA?9?$AAm?$AAs?$AA?9?$AAw?$AAi?$AAn?$AA?9?$AAc?$AAo?$AAr?$AAe?$AA?9?$AAs?$AAy?$AAs?$AAi?$AAn?$AAf?$AAo?$AA?9?$AAl?$AA1?$AA?9?$AA2?$AA?9?$AA1?$AA?$AA@ 000000014001a020     libucrt:winapi_thunks.obj
 0002:00002060       ??_C@_1DK@NDHNAHIO@?$AAa?$AAp?$AAi?$AA?9?$AAm?$AAs?$AA?9?$AAw?$AAi?$AAn?$AA?9?$AAc?$AAo?$AAr?$AAe?$AA?9?$AAw?$AAi?$AAn?$AAr?$AAt?$AA?9?$AAl?$AA1?$AA?9?$AA1?$AA?9?$AA0?$AA?$AA@ 000000014001a060     libucrt:winapi_thunks.obj
 0002:000020a0       ??_C@_1DM@KGHDGBCM@?$AAa?$AAp?$AAi?$AA?9?$AAm?$AAs?$AA?9?$AAw?$AAi?$AAn?$AA?9?$AAc?$AAo?$AAr?$AAe?$AA?9?$AAx?$AAs?$AAt?$AAa?$AAt?$AAe?$AA?9?$AAl?$AA2?$AA?9?$AA1?$AA?9?$AA0?$AA?$AA@ 000000014001a0a0     libucrt:winapi_thunks.obj
 0002:000020e0       ??_C@_1EO@IJIOEFOH@?$AAa?$AAp?$AAi?$AA?9?$AAm?$AAs?$AA?9?$AAw?$AAi?$AAn?$AA?9?$AAr?$AAt?$AAc?$AAo?$AAr?$AAe?$AA?9?$AAn?$AAt?$AAu?$AAs?$AAe?$AAr?$AA?9?$AAw?$AAi?$AAn?$AAd?$AAo?$AAw?$AA?9@ 000000014001a0e0     libucrt:winapi_thunks.obj
 0002:00002130       ??_C@_1FG@HHGEKANL@?$AAa?$AAp?$AAi?$AA?9?$AAm?$AAs?$AA?9?$AAw?$AAi?$AAn?$AA?9?$AAs?$AAe?$AAc?$AAu?$AAr?$AAi?$AAt?$AAy?$AA?9?$AAs?$AAy?$AAs?$AAt?$AAe?$AAm?$AAf?$AAu?$AAn?$AAc?$AAt?$AAi@ 000000014001a130     libucrt:winapi_thunks.obj
 0002:00002190       ??_C@_1FG@NCKKOLKO@?$AAe?$AAx?$AAt?$AA?9?$AAm?$AAs?$AA?9?$AAw?$AAi?$AAn?$AA?9?$AAk?$AAe?$AAr?$AAn?$AAe?$AAl?$AA3?$AA2?$AA?9?$AAp?$AAa?$AAc?$AAk?$AAa?$AAg?$AAe?$AA?9?$AAc?$AAu?$AAr?$AAr@ 000000014001a190     libucrt:winapi_thunks.obj
 0002:000021f0       ??_C@_1EG@DBIOJECG@?$AAe?$AAx?$AAt?$AA?9?$AAm?$AAs?$AA?9?$AAw?$AAi?$AAn?$AA?9?$AAn?$AAt?$AAu?$AAs?$AAe?$AAr?$AA?9?$AAd?$AAi?$AAa?$AAl?$AAo?$AAg?$AAb?$AAo?$AAx?$AA?9?$AAl?$AA1?$AA?9?$AA1@ 000000014001a1f0     libucrt:winapi_thunks.obj
 0002:00002240       ??_C@_1EO@FIHMJCLF@?$AAe?$AAx?$AAt?$AA?9?$AAm?$AAs?$AA?9?$AAw?$AAi?$AAn?$AA?9?$AAn?$AAt?$AAu?$AAs?$AAe?$AAr?$AA?9?$AAw?$AAi?$AAn?$AAd?$AAo?$AAw?$AAs?$AAt?$AAa?$AAt?$AAi?$AAo?$AAn?$AA?9@ 000000014001a240     libucrt:winapi_thunks.obj
 0002:00002290       ??_C@_1O@BCCLBEOE@?$AAu?$AAs?$AAe?$AAr?$AA3?$AA2?$AA?$AA@ 000000014001a290     libucrt:winapi_thunks.obj
 0002:000022a8       ??_C@_0BA@IHGNDAEB@CompareStringEx?$AA@ 000000014001a2a8     libucrt:winapi_thunks.obj
 0002:000022e0       ??_C@_0BE@JOGNEJCI@GetCurrentPackageId?$AA@ 000000014001a2e0     libucrt:winapi_thunks.obj
 0002:00002308       ??_C@_0O@KKBNKAPF@LCMapStringEx?$AA@ 000000014001a308     libucrt:winapi_thunks.obj
 0002:00002320       ??_C@_0BB@HBDEELFH@LocaleNameToLCID?$AA@ 000000014001a320     libucrt:winapi_thunks.obj
 0002:00002334       ??_C@_03OEIAHPBN@INF?$AA@  000000014001a334     libucrt:cvt.obj
 0002:00002338       ??_C@_03OJHLLCGB@inf?$AA@  000000014001a338     libucrt:cvt.obj
 0002:0000233c       ??_C@_03LKNCIKJB@NAN?$AA@  000000014001a33c     libucrt:cvt.obj
[...]
 0004:00000b28       $pdata$?setmbcp_internal@@YAHH_N@Z 0000000140025b28     libucrt:mbctype.obj
 0004:00000b34       $pdata$__acrt_initialize_multibyte 0000000140025b34     libucrt:mbctype.obj
 0004:00000b40       $pdata$__acrt_update_thread_multibyte_data 0000000140025b40     libucrt:mbctype.obj
 0004:00000b4c       $pdata$_setmbcp_nolock     0000000140025b4c     libucrt:mbctype.obj
 0004:00000b58       $pdata$?x_ismbbtype_l@@YAHPEAU__crt_locale_pointers@@IHH@Z 0000000140025b58     libucrt:ismbbyte.obj
 0004:00000b64       $pdata$__dcrt_get_narrow_environment_from_os 0000000140025b64     libucrt:get_environment_from_os.obj
 0004:00000b70       $pdata$??$common_set_variable_in_environment_nolock@D@@YAHQEADH@Z 0000000140025b70     libucrt:setenv.obj
 0004:00000b7c       $pdata$??$copy_environment@D@@YAPEAPEADQEAPEAD@Z 0000000140025b7c     libucrt:setenv.obj
 0004:00000b88       $pdata$__acrt_initialize_locks 0000000140025b88     libucrt:locks.obj
 0004:00000b94       $pdata$__acrt_uninitialize_locks 0000000140025b94     libucrt:locks.obj
 0004:00000ba0       $pdata$__acrt_lowio_create_handle_array 0000000140025ba0     libucrt:osfinfo.obj
 0004:00000bac       $pdata$__acrt_lowio_destroy_handle_array 0000000140025bac     libucrt:osfinfo.obj
 0004:00000bb8       $pdata$__acrt_lowio_ensure_fh_exists 0000000140025bb8     libucrt:osfinfo.obj
 0004:00000bc4       $pdata$_free_osfhnd        0000000140025bc4     libucrt:osfinfo.obj
 0004:00000bd0       $pdata$_get_osfhandle      0000000140025bd0     libucrt:osfinfo.obj
 0004:00000bdc       $pdata$__acrt_locale_free_monetary 0000000140025bdc     libucrt:initmon.obj
 0004:00000be8       $pdata$__acrt_locale_free_numeric 0000000140025be8     libucrt:initnum.obj
 0004:00000bf4       $pdata$?free_crt_array_internal@@YAXQEAPEBX_K@Z 0000000140025bf4     libucrt:inittime.obj
 0004:00000c00       $pdata$__acrt_locale_free_time 0000000140025c00     libucrt:inittime.obj
 0004:00000c0c       $pdata$__acrt_GetStringTypeA 0000000140025c0c     libucrt:getstringtypea.obj
 0004:00000c18       $pdata$__acrt_free_locale  0000000140025c18     libucrt:locale_refcounting.obj
 0004:00000c24       $pdata$__acrt_locale_free_lc_time_if_unreferenced 0000000140025c24     libucrt:locale_refcounting.obj
 0004:00000c30       $pdata$__acrt_release_locale_ref 0000000140025c30     libucrt:locale_refcounting.obj
 0004:00000c3c       $pdata$__acrt_update_thread_locale_data 0000000140025c3c     libucrt:locale_refcounting.obj
 0004:00000c48       $pdata$_updatetlocinfoEx_nolock 0000000140025c48     libucrt:locale_refcounting.obj
 0004:00000c54       $pdata$_recalloc_base      0000000140025c54     libucrt:recalloc.obj
 0004:00000c60       $pdata$__acrt_initialize_heap 0000000140025c60     libucrt:heap_handle.obj
 0004:00000c6c       $pdata$__acrt_execute_initializers 0000000140025c6c     libucrt:shared_initialization.obj
 0004:00000c78       $pdata$__acrt_execute_uninitializers 0000000140025c78     libucrt:shared_initialization.obj
 0004:00000c84       $pdata$_callnewh           0000000140025c84     libucrt:new_handler.obj
 0004:00000c90       $pdata$_query_new_handler  0000000140025c90     libucrt:new_handler.obj
 0004:00000c9c       $pdata$??$?RV<lambda_c36588078e9f5dfd39652860aa6b3aaf>@@AEAV<lambda_ec61778202f4f5fc7e7711acc23c3bca>@@V<lambda_dc9d2797ccde5d239b4a0efae8ebd7db>@@@?$__crt_seh_guarded_call@P6AXH@Z@@QEAAP6AXH@Z$$QEAV<lambda_c36588078e9f5dfd39652860aa6b3aaf>@@AEAV<lambda_ec61778202f4f5fc7e7711acc23c3bca>@@$$QEAV<lambda_dc9d2797ccde5d239b4a0efae8ebd7db>@@@Z 0000000140025c9c     libucrt:signal.obj
 0004:00000ca8       $pdata$__acrt_get_sigabrt_handler 0000000140025ca8     libucrt:signal.obj
 0004:00000cb4       $pdata$raise               0000000140025cb4     libucrt:signal.obj
 0004:00000cc0       $pdata$?GetTableIndexFromLocaleName@@YAHPEB_W@Z 0000000140025cc0     libucrt:lcidtoname_downlevel.obj
 0004:00000ccc       $pdata$__acrt_DownlevelLocaleNameToLCID 0000000140025ccc     libucrt:lcidtoname_downlevel.obj
 0004:00000cd8       $pdata$_fclose_nolock      0000000140025cd8     libucrt:fclose.obj
 0004:00000ce4       $pdata$fclose              0000000140025ce4     libucrt:fclose.obj
 0004:00000cf0       $pdata$??$?RV<lambda_b521505b218e5242e90febf6bfebc422>@@AEAV<lambda_6978c1fb23f02e42e1d9e99668cc68aa>@@V<lambda_314360699dd331753a4119843814e9a7>@@@?$__crt_seh_guarded_call@H@@QEAAH$$QEAV<lambda_b521505b218e5242e90febf6bfebc422>@@AEAV<lambda_6978c1fb23f02e42e1d9e99668cc68aa>@@$$QEAV<lambda_314360699dd331753a4119843814e9a7>@@@Z 0000000140025cf0     libucrt:commit.obj
 0004:00000cfc       $pdata$_commit             0000000140025cfc     libucrt:commit.obj
 0004:00000d08       $pdata$?write_double_translated_ansi_nolock@@YA?AUwrite_result@?A0x9c548279@@HQEBDI@Z 0000000140025d08     libucrt:write.obj
 0004:00000d14       $pdata$?write_text_ansi_nolock@@YA?AUwrite_result@?A0x9c548279@@HQEBDI@Z 0000000140025d14     libucrt:write.obj
 0004:00000d20       $pdata$?write_text_utf16le_nolock@@YA?AUwrite_result@?A0x9c548279@@HQEBDI@Z 0000000140025d20     libucrt:write.obj
 0004:00000d2c       $pdata$?write_text_utf8_nolock@@YA?AUwrite_result@?A0x9c548279@@HQEBDI@Z 0000000140025d2c     libucrt:write.obj
 0004:00000d38       $pdata$_write              0000000140025d38     libucrt:write.obj
 0004:00000d44       $pdata$_write_nolock       0000000140025d44     libucrt:write.obj
 0004:00000d50       $pdata$_isleadbyte_l       0000000140025d50     libucrt:_wctype.obj
 0004:00000d5c       $pdata$?__acrt_LCMapStringA_stat@@YAHPEAU__crt_locale_pointers@@PEB_WKPEBDHPEADHHH@Z 0000000140025d5c     libucrt:lcmapstringa.obj
 0004:00000d68       $pdata$__acrt_LCMapStringA 0000000140025d68     libucrt:lcmapstringa.obj
 0004:00000d74       $pdata$__acrt_fp_strflt_to_string 0000000140025d74     libucrt:_fptostr.obj
 0004:00000d80       $pdata$__acrt_fltout       0000000140025d80     libucrt:cfout.obj
 0004:00000d8c       $pdata$??$write_buffer_nolock@D@@YA_NDV__crt_stdio_stream@@@Z 0000000140025d8c     libucrt:_flsbuf.obj
 0004:00000d98       $pdata$__acrt_stdio_flush_and_write_narrow_nolock 0000000140025d98     libucrt:_flsbuf.obj
 0004:00000da4       $pdata$_isatty             0000000140025da4     libucrt:isatty.obj
 0004:00000db0       $pdata$__acrt_stdio_allocate_buffer_nolock 0000000140025db0     libucrt:_getbuf.obj
 0004:00000dbc       $pdata$_getfpcontrolword   0000000140025dbc     libucrt:_fenvutils.obj
 0004:00000dc8       $pdata$_getfpstatusword    0000000140025dc8     libucrt:_fenvutils.obj
 0004:00000dd4       $pdata$_setfpstatusword    0000000140025dd4     libucrt:_fenvutils.obj
 0004:00000de0       $pdata$?shortsort@@YAXPEAD0_KP6AHPEBX2@Z@Z 0000000140025de0     libucrt:qsort.obj
 0004:00000dec       $pdata$2$?shortsort@@YAXPEAD0_KP6AHPEBX2@Z@Z 0000000140025dec     libucrt:qsort.obj
 0004:00000df8       $pdata$3$?shortsort@@YAXPEAD0_KP6AHPEBX2@Z@Z 0000000140025df8     libucrt:qsort.obj
 0004:00000e04       $pdata$qsort               0000000140025e04     libucrt:qsort.obj
 0004:00000e10       $pdata$4$qsort             0000000140025e10     libucrt:qsort.obj
 0004:00000e1c       $pdata$5$qsort             0000000140025e1c     libucrt:qsort.obj
 0004:00000e28       $pdata$strncpy_s           0000000140025e28     libucrt:strncpy_s.obj
 0004:00000e34       $pdata$strpbrk             0000000140025e34     libucrt:strpbrk.obj
 0004:00000e40       $pdata$_mbsdec_l           0000000140025e40     libucrt:mbsdec.obj
 0004:00000e4c       $pdata$?initialize_multibyte@@YAHXZ 0000000140025e4c     libucrt:multibyte_initializer.obj
 0004:00000e58       $pdata$_strnicoll_l        0000000140025e58     libucrt:strnicol.obj
 0004:00000e64       $pdata$_msize              0000000140025e64     libucrt:msize.obj
 0004:00000e70       $pdata$_realloc_base       0000000140025e70     libucrt:realloc_base.obj
 0004:00000e7c       $pdata$??$?RV<lambda_bfedae4ebbf01fab1bb6dcc6a9e276e0>@@AEAV<lambda_2fe9b910cf3cbf4a0ab98a02ba45b3ec>@@V<lambda_237c231691f317818eb88cc1d5d642d6>@@@?$__crt_seh_guarded_call@H@@QEAAH$$QEAV<lambda_bfedae4ebbf01fab1bb6dcc6a9e276e0>@@AEAV<lambda_2fe9b910cf3cbf4a0ab98a02ba45b3ec>@@$$QEAV<lambda_237c231691f317818eb88cc1d5d642d6>@@@Z 0000000140025e7c     libucrt:close.obj
 0004:00000e88       $pdata$_close              0000000140025e88     libucrt:close.obj
 0004:00000e94       $pdata$_close_nolock       0000000140025e94     libucrt:close.obj
 0004:00000ea0       $pdata$??$common_lseek@_J@@YA_JH_JH@Z 0000000140025ea0     libucrt:lseek.obj
 0004:00000eac       $pdata$??$common_lseek_nolock@_J@@YA_JH_JH@Z 0000000140025eac     libucrt:lseek.obj
 0004:00000eb8       $pdata$_putwch_nolock      0000000140025eb8     libucrt:putwch.obj
 0004:00000ec4       $pdata$fegetenv            0000000140025ec4     libucrt:fegetenv.obj
 0004:00000ed0       $pdata$fesetenv            0000000140025ed0     libucrt:fesetenv.obj
 0004:00000edc       $pdata$feholdexcept        0000000140025edc     libucrt:feholdexcept.obj
 0004:00000ef4       $pdata$_clearfp            0000000140025ef4     libucrt:ieee.obj
 0004:00000f00       $pdata$common_control87    0000000140025f00     libucrt:ieee.obj
 0004:00000f18       $pdata$_strnicmp           0000000140025f18     libucrt:strnicmp.obj
 0004:00000f24       $pdata$_strnicmp_l         0000000140025f24     libucrt:strnicmp.obj
 0004:00000f30       $pdata$?InternalCompareStringA@@YAHPEAU__crt_locale_pointers@@PEB_WKPEBDH2HH@Z 0000000140025f30     libucrt:comparestringa.obj
 0004:00000f3c       $pdata$__acrt_CompareStringA 0000000140025f3c     libucrt:comparestringa.obj
 0004:00000f48       $pdata$__dcrt_lowio_initialize_console_output 0000000140025f48     libucrt:initcon.obj
 0004:00000f54       $pdata$__dcrt_terminate_console_output 0000000140025f54     libucrt:initcon.obj
 0004:00000f60       $pdata$_call_matherr       0000000140025f60     libucrt:libm_error.obj
 0004:00000f6c       $pdata$_exception_enabled  0000000140025f6c     libucrt:libm_error.obj
 0004:00000f78       $pdata$_handle_error       0000000140025f78     libucrt:libm_error.obj
 0004:00000f84       $pdata$__acrt_initialize_fma3 0000000140025f84     libucrt:fma3_available.obj
 0004:00000f90       $pdata$_log10_special      0000000140025f90     libucrt:log_special.obj
 0004:00000f9c       $pdata$_log_special        0000000140025f9c     libucrt:log_special.obj
 0004:00000fa8       $pdata$_log_special_common 0000000140025fa8     libucrt:log_special.obj
 0004:00000fb4       $pdata$_raise_exc          0000000140025fb4     libucrt:fpexcept.obj
 0004:00000fc0       $pdata$_raise_exc_ex       0000000140025fc0     libucrt:fpexcept.obj
 0004:00000fcc       $pdata$_set_errno_from_matherr 0000000140025fcc     libucrt:fpexcept.obj
 0004:00000fd8       $pdata$_clrfp              0000000140025fd8     libucrt:fpctrl.obj
 0004:00000fe4       $pdata$_ctrlfp             0000000140025fe4     libucrt:fpctrl.obj
 0004:00000ff0       $pdata$_set_statfp         0000000140025ff0     libucrt:fpctrl.obj
 0004:00000ffc       $pdata$_statfp             0000000140025ffc     libucrt:fpctrl.obj
 0004:00001008       $pdata$_IsNonwritableInCurrentImage 0000000140026008     LIBCMT:pesect.obj
 0004:00001014       $pdata$__GSHandlerCheck    0000000140026014     LIBCMT:_gshandler_.obj
 0004:00001020       $pdata$__GSHandlerCheckCommon 0000000140026020     LIBCMT:_gshandler_.obj
 0004:00001050       $pdata$strrchr             0000000140026050     libvcruntime:strrchr.obj
 0004:0000105c       $pdata$strchr              000000014002605c     libvcruntime:strchr.obj
 0004:00001074       $pdata$sqrt                0000000140026074     libucrt:sqrt.obj
 0004:0000108c       $pdata$?filt$0@?0??__scrt_common_main_seh@@YAHXZ@4HA 000000014002608c     LIBCMT:exe_main.obj
 0004:00001098       $pdata$__scrt_is_nonwritable_in_current_image$filt$0 0000000140026098     LIBCMT:utility.obj
 0004:000010a4       $pdata$?fin$0@?0???$?RV<lambda_aa279a7bcb127014629d5b1d62c7325d>@@AEAV<lambda_0a64b6a4deda75c01876f29c44fc5eb3>@@V<lambda_3323e69fbefe9d1a11713e670d47cdfa>@@@?$__crt_seh_guarded_call@H@@QEAAH$$QEAV<lambda_aa279a7bcb127014629d5b1d62c7325d>@@AEAV<lambda_0a64b6a4deda75c01876f29c44fc5eb3>@@$$QEAV<lambda_3323e69fbefe9d1a11713e670d47cdfa>@@@Z@4HA 00000001400260a4     libucrt:output.obj
 0004:000010b0       $pdata$?filt$0@?0??common_exit@@YAXHW4_crt_exit_cleanup_mode@@W4_crt_exit_return_mode@@@Z@4HA 00000001400260b0     libucrt:exit.obj
 0004:000010bc       $pdata$?fin$1@?0??common_exit@@YAXHW4_crt_exit_cleanup_mode@@W4_crt_exit_return_mode@@@Z@4HA 00000001400260bc     libucrt:exit.obj
 0004:000010c8       $pdata$__acrt_uninitialize_locale$fin$0 00000001400260c8     libucrt:wsetlocale.obj
 0004:000010c8       $pdata$__acrt_update_thread_locale_data$fin$0 00000001400260c8     libucrt:locale_refcounting.obj
 0004:000010d4       $pdata$?fin$0@?0???$?RV<lambda_e24bbb7b643b32fcea6fa61b31d4c984>@@AEAV<lambda_275893d493268fdec8709772e3fcec0e>@@V<lambda_9d71df4d7cf3f480f8d633942495c3b0>@@@?$__crt_seh_guarded_call@H@@QEAAH$$QEAV<lambda_e24bbb7b643b32fcea6fa61b31d4c984>@@AEAV<lambda_275893d493268fdec8709772e3fcec0e>@@$$QEAV<lambda_9d71df4d7cf3f480f8d633942495c3b0>@@@Z@4HA 00000001400260d4     libucrt:onexit.obj
 0004:000010e0       $pdata$_fcloseall$fin$0    00000001400260e0     libucrt:closeall.obj
 0004:000010ec       $pdata$common_flush_all$fin$0 00000001400260ec     libucrt:fflush.obj
 0004:000010f8       $pdata$common_flush_all$fin$1 00000001400260f8     libucrt:fflush.obj
 0004:00001104       $pdata$__acrt_initialize_lowio$fin$0 0000000140026104     libucrt:ioinit.obj
 0004:00001104       $pdata$__acrt_lowio_ensure_fh_exists$fin$0 0000000140026104     libucrt:osfinfo.obj
 0004:00001110       $pdata$?fin$0@?0???$?RV<lambda_46352004c1216016012b18bd6f87e700>@@AEAV<lambda_3bd07e1a1191394380780325891bf33f>@@V<lambda_334532d3f185bcaa59b5be82d7d22bff>@@@?$__crt_seh_guarded_call@X@@QEAAX$$QEAV<lambda_46352004c1216016012b18bd6f87e700>@@AEAV<lambda_3bd07e1a1191394380780325891bf33f>@@$$QEAV<lambda_334532d3f185bcaa59b5be82d7d22bff>@@@Z@4HA 0000000140026110     libucrt:per_thread_data.obj
 0004:00001110       $pdata$?fin$0@?0???$?RV<lambda_72d1df2b273a38828b1ce30cbf4cdab5>@@AEAV<lambda_876a65b173b8412d3a47c70a915b0cf4>@@V<lambda_41932305e351933ebe8f8be3ed8bb5dc>@@@?$__crt_seh_guarded_call@X@@QEAAX$$QEAV<lambda_72d1df2b273a38828b1ce30cbf4cdab5>@@AEAV<lambda_876a65b173b8412d3a47c70a915b0cf4>@@$$QEAV<lambda_41932305e351933ebe8f8be3ed8bb5dc>@@@Z@4HA 0000000140026110     libucrt:per_thread_data.obj
 0004:00001110       $pdata$?fin$0@?0???$?RV<lambda_b8c45f8f788dd370798f47cfe8ac3a86>@@AEAV<lambda_4e60a939b0d047cfe11ddc22648dfba9>@@V<lambda_332c3edc96d0294ec56c57d38c1cdfd5>@@@?$__crt_seh_guarded_call@H@@QEAAH$$QEAV<lambda_b8c45f8f788dd370798f47cfe8ac3a86>@@AEAV<lambda_4e60a939b0d047cfe11ddc22648dfba9>@@$$QEAV<lambda_332c3edc96d0294ec56c57d38c1cdfd5>@@@Z@4HA 0000000140026110     libucrt:onexit.obj
 0004:00001110       $pdata$?fin$0@?0???$?RV<lambda_c36588078e9f5dfd39652860aa6b3aaf>@@AEAV<lambda_ec61778202f4f5fc7e7711acc23c3bca>@@V<lambda_dc9d2797ccde5d239b4a0efae8ebd7db>@@@?$__crt_seh_guarded_call@P6AXH@Z@@QEAAP6AXH@Z$$QEAV<lambda_c36588078e9f5dfd39652860aa6b3aaf>@@AEAV<lambda_ec61778202f4f5fc7e7711acc23c3bca>@@$$QEAV<lambda_dc9d2797ccde5d239b4a0efae8ebd7db>@@@Z@4HA 0000000140026110     libucrt:signal.obj
 0004:00001110       $pdata$?fin$0@?0???$?RV<lambda_fb3a7dec4e47f37f22dae91bb15c9095>@@AEAV<lambda_698284760c8add0bfb0756c19673e34b>@@V<lambda_dfb8eca1e75fef3034a8fb18dd509707>@@@?$__crt_seh_guarded_call@X@@QEAAX$$QEAV<lambda_fb3a7dec4e47f37f22dae91bb15c9095>@@AEAV<lambda_698284760c8add0bfb0756c19673e34b>@@$$QEAV<lambda_dfb8eca1e75fef3034a8fb18dd509707>@@@Z@4HA 0000000140026110     libucrt:per_thread_data.obj
 0004:00001110       $pdata$?fin$0@?0???$?RV<lambda_99476a1ad63dd22509b5d3e65b0ffc95>@@AEAV<lambda_ad1ced32f4ac17aa236e5ef05d6b3b7c>@@V<lambda_f7424dd8d45958661754dc4f2697e9c3>@@@?$__crt_seh_guarded_call@X@@QEAAX$$QEAV<lambda_99476a1ad63dd22509b5d3e65b0ffc95>@@AEAV<lambda_ad1ced32f4ac17aa236e5ef05d6b3b7c>@@$$QEAV<lambda_f7424dd8d45958661754dc4f2697e9c3>@@@Z@4HA 0000000140026110     libucrt:mbctype.obj
 0004:00001110       $pdata$?fin$0@?0???$?RV<lambda_5e887d1dcbef67a5eb4283622ba103bf>@@AEAV<lambda_4466841279450cc726390878d4a41900>@@V<lambda_341c25c0346d94847f1f3c463c57e077>@@@?$__crt_seh_guarded_call@X@@QEAAX$$QEAV<lambda_5e887d1dcbef67a5eb4283622ba103bf>@@AEAV<lambda_4466841279450cc726390878d4a41900>@@$$QEAV<lambda_341c25c0346d94847f1f3c463c57e077>@@@Z@4HA 0000000140026110     libucrt:per_thread_data.obj
 0004:0000111c       $pdata$__acrt_update_thread_multibyte_data$fin$0 000000014002611c     libucrt:mbctype.obj
 0004:00001128       $pdata$_query_new_handler$fin$0 0000000140026128     libucrt:new_handler.obj
 0004:00001134       $pdata$raise$fin$0         0000000140026134     libucrt:signal.obj
 0004:00001140       $pdata$fclose$fin$0        0000000140026140     libucrt:fclose.obj
 0004:0000114c       $pdata$_write$fin$0        000000014002614c     libucrt:write.obj
 0004:0000114c       $pdata$?fin$0@?0???$common_lseek@_J@@YA_JH_JH@Z@4HA 000000014002614c     libucrt:lseek.obj
 0004:00001158       $pdata$?fin$0@?0???$?RV<lambda_b521505b218e5242e90febf6bfebc422>@@AEAV<lambda_6978c1fb23f02e42e1d9e99668cc68aa>@@V<lambda_314360699dd331753a4119843814e9a7>@@@?$__crt_seh_guarded_call@H@@QEAAH$$QEAV<lambda_b521505b218e5242e90febf6bfebc422>@@AEAV<lambda_6978c1fb23f02e42e1d9e99668cc68aa>@@$$QEAV<lambda_314360699dd331753a4119843814e9a7>@@@Z@4HA 0000000140026158     libucrt:commit.obj
 0004:00001158       $pdata$?fin$0@?0???$?RV<lambda_bfedae4ebbf01fab1bb6dcc6a9e276e0>@@AEAV<lambda_2fe9b910cf3cbf4a0ab98a02ba45b3ec>@@V<lambda_237c231691f317818eb88cc1d5d642d6>@@@?$__crt_seh_guarded_call@H@@QEAAH$$QEAV<lambda_bfedae4ebbf01fab1bb6dcc6a9e276e0>@@AEAV<lambda_2fe9b910cf3cbf4a0ab98a02ba45b3ec>@@$$QEAV<lambda_237c231691f317818eb88cc1d5d642d6>@@@Z@4HA 0000000140026158     libucrt:close.obj
 0004:00001164       $pdata$common_control87$filt$0 0000000140026164     libucrt:ieee.obj
 0004:00001164       $pdata$_ctrlfp$filt$0      0000000140026164     libucrt:fpctrl.obj
 0004:00001170       $pdata$_IsNonwritableInCurrentImage$filt$0 0000000140026170     LIBCMT:pesect.obj
 0005:00000000       __guard_fids__             0000000140027000     libucrt:initialization.obj
 0005:00000060       __guard_fids__             0000000140027060     libucrt:stdio_initializer.obj
 0005:00000064       __guard_fids__             0000000140027064     libucrt:stdio_initializer.obj
 0005:00000068       __guard_fids___acrt_initialize_ptd 0000000140027068     libucrt:per_thread_data.obj
 0005:0000006c       __guard_fids_??$expand_argument_wildcards@D@@YAHQEAD0AEAV?$argument_list@D@?A0xca0879c4@@@Z 000000014002706c     libucrt:argv_wildcards.obj
 0005:00000070       __guard_fids__             0000000140027070     libucrt:locale_initializer.obj
 0005:00000074       __guard_fids__             0000000140027074     libucrt:multibyte_initializer.obj
 0005:00000078       __guard_fids__             0000000140027078     libucrt:console_output_initializer.obj
 0005:0000007c       __guard_fids__             000000014002707c     libucrt:fma3_initializer.obj
 0005:00000080       __guard_fids__             0000000140027080     LIBCMT:exe_main.obj
 0005:00000084       __guard_fids__             0000000140027084     LIBCMT:exe_main.obj
 0005:00000088       __guard_fids__             0000000140027088     LIBCMT:exe_main.obj
 0005:0000008c       __guard_fids_?pre_c_initialization@@YAHXZ 000000014002708c     LIBCMT:exe_main.obj
 0005:00000094       __guard_fids___scrt_set_unhandled_exception_filter 0000000140027094     LIBCMT:utility_desktop.obj
 0005:00000098       __guard_fids__             0000000140027098     LIBCMT:guard_support.obj
 0005:0000009c       __guard_fids___vcrt_initialize_ptd 000000014002709c     libvcruntime:per_thread_data.obj
 0006:00000060       $R000000                   0000000140028060     * linker generated manifest res *

 Exports

  ordinal    name

