 nodeprime

 Timestamp is 5a954e96 (Tue Feb 27 12:27:02 2018)

 Preferred load address is 0000000180000000

 Start         Length     Name                   Class
 0001:00000000 00018550H .text$mn                CODE
 0001:00018550 00000020H .text$mn$00             CODE
 0001:00018570 00000270H .text$x                 CODE
 0002:00000000 00000248H .idata$5                DATA
 0002:00000248 00000010H .00cfg                  DATA
 0002:00000258 00000008H .CRT$XCA                DATA
 0002:00000260 00000008H .CRT$XCU                DATA
 0002:00000268 00000008H .CRT$XCZ                DATA
 0002:00000270 00000008H .CRT$XIA                DATA
 0002:00000278 00000018H .CRT$XIC                DATA
 0002:00000290 00000008H .CRT$XIZ                DATA
 0002:00000298 00000008H .CRT$XPA                DATA
 0002:000002a0 00000010H .CRT$XPX                DATA
 0002:000002b0 00000008H .CRT$XPXA               DATA
 0002:000002b8 00000008H .CRT$XPZ                DATA
 0002:000002c0 00000008H .CRT$XTA                DATA
 0002:000002c8 00000008H .CRT$XTZ                DATA
 0002:000002d0 00009168H .rdata                  DATA
 0002:00009438 0000016cH .rdata$r                DATA
 0002:000095a4 00000404H .rdata$zzzdbg           DATA
 0002:000099a8 00000008H .rtc$IAA                DATA
 0002:000099b0 00000008H .rtc$IZZ                DATA
 0002:000099b8 00000008H .rtc$TAA                DATA
 0002:000099c0 00000008H .rtc$TZZ                DATA
 0002:000099c8 00000f68H .xdata                  DATA
 0002:0000a930 00000084H .xdata$x                DATA
 0002:0000a9b4 00000020H .didat$2                DATA
 0002:0000a9d4 00000024H .didat$3                DATA
 0002:0000a9f8 000000d8H .didat$4                DATA
 0002:0000aad0 00000748H .didat$6                DATA
 0002:0000b218 000000d8H .didat$7                DATA
 0002:0000b2f0 00000054H .edata                  DATA
 0002:0000b344 00000014H .idata$2                DATA
 0002:0000b358 00000018H .idata$3                DATA
 0002:0000b370 00000248H .idata$4                DATA
 0002:0000b5b8 0000054eH .idata$6                DATA
 0003:00000000 00000980H .data                   DATA
 0003:00000980 000000c0H .data$r                 DATA
 0003:00000a40 000000e0H .didat$5                DATA
 0003:00000b20 00001200H .bss                    DATA
 0004:00000000 00001374H .pdata                  DATA
 0005:00000000 00000080H .gfids$x                DATA
 0005:00000080 00000028H .gfids$y                DATA
 0006:00000000 00000060H .rsrc$01                DATA
 0006:00000060 00000180H .rsrc$02                DATA

  Address         Publics by Value              Rva+Base               Lib:Object

 0000:00000000       __guard_iat_count          0000000000000000     <absolute>
 0000:00000000       __dynamic_value_reloc_table 0000000000000000     <absolute>
 0000:00000000       __guard_iat_table          0000000000000000     <absolute>
 0000:00000000       __guard_longjmp_table      0000000000000000     <absolute>
 0000:00000000       __guard_longjmp_count      0000000000000000     <absolute>
 0000:00000000       __guard_fids_count         0000000000000000     <absolute>
 0000:00000000       ___safe_se_handler_table   0000000000000000     <absolute>
 0000:00000000       ___safe_se_handler_count   0000000000000000     <absolute>
 0000:00000000       __guard_fids_table         0000000000000000     <absolute>
 0000:00000100       __guard_flags              0000000000000100     <absolute>
 0000:00000000       __ImageBase                0000000180000000     <linker-defined>
 0001:00000000       __local_stdio_printf_options 0000000180001000 f i prime_sieve.obj
 0001:00000010       __local_stdio_scanf_options 0000000180001010 f i prime_sieve.obj
 0001:00000020       fprintf                    0000000180001020 f i prime_sieve.obj
 0001:00000070       sprintf                    0000000180001070 f i prime_sieve.obj
 0001:000000d0       sscanf                     00000001800010d0 f i prime_sieve.obj
 0001:00000120       do_primesieve              0000000180001120 f   prime_sieve.obj
 0001:00001e80       ?New@?$Factory@VFunctionTemplate@v8@@@imp@Nan@@SA?AV?$Local@VFunctionTemplate@v8@@@v8@@P6AXAEBV?$FunctionCallbackInfo@VValue@v8@@@3@@ZV?$Local@VValue@v8@@@5@V?$Local@VSignature@v8@@@5@@Z 0000000180002e80 f i addon.obj
 0001:00002000       ?CalculatePrimes@@YAXAEBV?$FunctionCallbackInfo@VValue@v8@@@Nan@@@Z 0000000180003000 f   addon.obj
 0001:000022d0       ?Init@@YAXV?$Local@VObject@v8@@@v8@@@Z 00000001800032d0 f   addon.obj
 0001:00002410       ??4?$function@$$A6AXPEAX@Z@std@@QEAAAEAV01@AEBV01@@Z 0000000180003410 f i addon.obj
 0001:000024e0       ?_Swap@?$_Func_class@XPEAX@std@@IEAAXAEAV12@@Z 00000001800034e0 f i addon.obj
 0001:00002650       ?_Tidy@?$_Func_class@XPEAX@std@@IEAAXXZ 0000000180003650 f i addon.obj
 0001:000026b0       ?_Reset_move@?$_Func_class@XPEAX@std@@IEAAX$$QEAV12@@Z 00000001800036b0 f i addon.obj
 0001:00002740       ?_Delete_this@?$_Func_impl@V<lambda_f8109950f3521611a37e1f2ddf940ae5>@@V?$allocator@H@std@@XPEAX@std@@EEAAX_N@Z 0000000180003740 f i addon.obj
 0001:00002760       ?_Get@?$_Func_impl@V<lambda_f8109950f3521611a37e1f2ddf940ae5>@@V?$allocator@H@std@@XPEAX@std@@EEBAPEBXXZ 0000000180003760 f i addon.obj
 0001:00002770       ?_Target_type@?$_Func_impl@V<lambda_f8109950f3521611a37e1f2ddf940ae5>@@V?$allocator@H@std@@XPEAX@std@@EEBAAEBVtype_info@@XZ 0000000180003770 f i addon.obj
 0001:00002780       ?_Do_call@?$_Func_impl@V<lambda_f8109950f3521611a37e1f2ddf940ae5>@@V?$allocator@H@std@@XPEAX@std@@EEAAX$$QEAPEAX@Z 0000000180003780 f i addon.obj
 0001:00002790       ?_Move@?$_Func_impl@V<lambda_f8109950f3521611a37e1f2ddf940ae5>@@V?$allocator@H@std@@XPEAX@std@@EEAAPEAV?$_Func_base@XPEAX@2@PEAX@Z 0000000180003790 f i addon.obj
 0001:00002790       ?_Copy@?$_Func_impl@V<lambda_f8109950f3521611a37e1f2ddf940ae5>@@V?$allocator@H@std@@XPEAX@std@@EEBAPEAV?$_Func_base@XPEAX@2@PEAX@Z 0000000180003790 f i addon.obj
 0001:000027fc       __imp_load_?Value@External@v8@@QEBAPEAXXZ 00000001800037fc f   node:node.exe
 0001:00002808       __tailMerge_node_exe       0000000180003808 f i node:node.exe
 0001:00002881       __imp_load_?New@External@v8@@SA?AV?$Local@VExternal@v8@@@2@PEAVIsolate@2@PEAX@Z 0000000180003881 f   node:node.exe
 0001:0000288d       __imp_load_?GetCurrentContext@Isolate@v8@@QEAA?AV?$Local@VContext@v8@@@2@XZ 000000018000388d f   node:node.exe
 0001:00002899       __imp_load_?GetCurrent@Isolate@v8@@SAPEAV12@XZ 0000000180003899 f   node:node.exe
 0001:000028a5       __imp_load_?CreateHandle@HandleScope@v8@@KAPEAPEAVObject@internal@2@PEAVIsolate@42@PEAV342@@Z 00000001800038a5 f   node:node.exe
 0001:000028b1       __imp_load_?CreateHandle@HandleScope@v8@@CAPEAPEAVObject@internal@2@PEAVHeapObject@42@PEAV342@@Z 00000001800038b1 f   node:node.exe
 0001:000028bd       __imp_load_??1HandleScope@v8@@QEAA@XZ 00000001800038bd f   node:node.exe
 0001:000028c9       __imp_load_??0HandleScope@v8@@QEAA@PEAVIsolate@1@@Z 00000001800038c9 f   node:node.exe
 0001:000028d5       __imp_load_?New@Array@v8@@SA?AV?$Local@VArray@v8@@@2@PEAVIsolate@2@H@Z 00000001800038d5 f   node:node.exe
 0001:000028e1       __imp_load_?GetFunction@FunctionTemplate@v8@@QEAA?AV?$MaybeLocal@VFunction@v8@@@2@V?$Local@VContext@v8@@@2@@Z 00000001800038e1 f   node:node.exe
 0001:000028ed       __imp_load_?New@FunctionTemplate@v8@@SA?AV?$Local@VFunctionTemplate@v8@@@2@PEAVIsolate@2@P6AXAEBV?$FunctionCallbackInfo@VValue@v8@@@2@@ZV?$Local@VValue@v8@@@2@V?$Local@VSignature@v8@@@2@HW4ConstructorBehavior@2@@Z 00000001800038ed f   node:node.exe
 0001:000028f9       __imp_load_?ToLocalEmpty@V8@v8@@CAXXZ 00000001800038f9 f   node:node.exe
 0001:00002905       __imp_load_?FromJustIsNothing@V8@v8@@CAXXZ 0000000180003905 f   node:node.exe
 0001:00002911       __imp_load_?Int32Value@Value@v8@@QEBA?AV?$Maybe@H@2@V?$Local@VContext@v8@@@2@@Z 0000000180003911 f   node:node.exe
 0001:0000291d       __imp_load_?Escape@EscapableHandleScope@v8@@AEAAPEAPEAVObject@internal@2@PEAPEAV342@@Z 000000018000391d f   node:node.exe
 0001:00002929       __imp_load_??0EscapableHandleScope@v8@@QEAA@PEAVIsolate@1@@Z 0000000180003929 f   node:node.exe
 0001:00002935       __imp_load_?NewFromUtf8@String@v8@@SA?AV?$MaybeLocal@VString@v8@@@2@PEAVIsolate@2@PEBDW4NewStringType@2@H@Z 0000000180003935 f   node:node.exe
 0001:00002941       __imp_load_?New@Number@v8@@SA?AV?$Local@VNumber@v8@@@2@PEAVIsolate@2@N@Z 0000000180003941 f   node:node.exe
 0001:0000294d       __imp_load_?SlowGetInternalField@Object@v8@@AEAA?AV?$Local@VValue@v8@@@2@H@Z 000000018000394d f   node:node.exe
 0001:00002959       __imp_load_?SetInternalField@Object@v8@@QEAAXHV?$Local@VValue@v8@@@2@@Z 0000000180003959 f   node:node.exe
 0001:00002965       __imp_load_?Set@Object@v8@@QEAA?AV?$Maybe@_N@2@V?$Local@VContext@v8@@@2@V?$Local@VValue@v8@@@2@1@Z 0000000180003965 f   node:node.exe
 0001:00002971       __imp_load_?Set@Object@v8@@QEAA?AV?$Maybe@_N@2@V?$Local@VContext@v8@@@2@IV?$Local@VValue@v8@@@2@@Z 0000000180003971 f   node:node.exe
 0001:0000297d       __imp_load_?SetInternalFieldCount@ObjectTemplate@v8@@QEAAXH@Z 000000018000397d f   node:node.exe
 0001:00002989       __imp_load_?NewInstance@ObjectTemplate@v8@@QEAA?AV?$MaybeLocal@VObject@v8@@@2@V?$Local@VContext@v8@@@2@@Z 0000000180003989 f   node:node.exe
 0001:00002995       __imp_load_?New@ObjectTemplate@v8@@SA?AV?$Local@VObjectTemplate@v8@@@2@PEAVIsolate@2@V?$Local@VFunctionTemplate@v8@@@2@@Z 0000000180003995 f   node:node.exe
 0001:000029a1       __imp_load_node_module_register 00000001800039a1 f   node:node.exe
 0001:000029c0       __security_check_cookie    00000001800039c0 f   LIBCMT:_amdsecgs_.obj
 0001:000029e4       ??3@YAXPEAX@Z              00000001800039e4 f   LIBCMT:delete_scalar.obj
 0001:000029ec       ??3@YAXPEAX_K@Z            00000001800039ec f   LIBCMT:delete_scalar_size.obj
 0001:000029f4       ??_Etype_info@@UEAAPEAXI@Z 00000001800039f4 f i LIBCMT:std_type_info_static.obj
 0001:000029f4       ??_Gtype_info@@UEAAPEAXI@Z 00000001800039f4 f i LIBCMT:std_type_info_static.obj
 0001:00002d6c       _DllMainCRTStartup         0000000180003d6c f   LIBCMT:dll_dllmain.obj
 0001:00002dac       __raise_securityfailure    0000000180003dac f   LIBCMT:gs_report.obj
 0001:00002de0       __report_gsfailure         0000000180003de0 f   LIBCMT:gs_report.obj
 0001:00002eb4       __report_rangecheckfailure 0000000180003eb4 f   LIBCMT:gs_report.obj
 0001:00002ec8       __report_securityfailure   0000000180003ec8 f   LIBCMT:gs_report.obj
 0001:00003048       __scrt_acquire_startup_lock 0000000180004048 f   LIBCMT:utility.obj
 0001:00003084       __scrt_dllmain_after_initialize_c 0000000180004084 f   LIBCMT:utility.obj
 0001:000030b8       __scrt_dllmain_before_initialize_c 00000001800040b8 f   LIBCMT:utility.obj
 0001:000030d0       __scrt_dllmain_crt_thread_attach 00000001800040d0 f   LIBCMT:utility.obj
 0001:000030f8       __scrt_dllmain_crt_thread_detach 00000001800040f8 f   LIBCMT:utility.obj
 0001:00003110       __scrt_dllmain_exception_filter 0000000180004110 f   LIBCMT:utility.obj
 0001:00003174       __scrt_dllmain_uninitialize_c 0000000180004174 f   LIBCMT:utility.obj
 0001:000031a4       __scrt_dllmain_uninitialize_critical 00000001800041a4 f   LIBCMT:utility.obj
 0001:000031b8       __scrt_initialize_crt      00000001800041b8 f   LIBCMT:utility.obj
 0001:00003204       __scrt_initialize_onexit_tables 0000000180004204 f   LIBCMT:utility.obj
 0001:000032d0       __scrt_is_nonwritable_in_current_image 00000001800042d0 f   LIBCMT:utility.obj
 0001:0000336c       __scrt_release_startup_lock 000000018000436c f   LIBCMT:utility.obj
 0001:00003390       __scrt_uninitialize_crt    0000000180004390 f   LIBCMT:utility.obj
 0001:000033bc       _onexit                    00000001800043bc f   LIBCMT:utility.obj
 0001:0000340c       atexit                     000000018000440c f   LIBCMT:utility.obj
 0001:00003424       __security_init_cookie     0000000180004424 f   LIBCMT:gs_support.obj
 0001:000034d0       ?__scrt_initialize_type_info@@YAXXZ 00000001800044d0 f   LIBCMT:tncleanup.obj
 0001:000034e0       ?__scrt_uninitialize_type_info@@YAXXZ 00000001800044e0 f   LIBCMT:tncleanup.obj
 0001:000034ec       __scrt_initialize_default_local_stdio_options 00000001800044ec f   LIBCMT:default_local_stdio_options.obj
 0001:00003508       __scrt_get_dyn_tls_init_callback 0000000180004508 f   LIBCMT:dyn_tls_init.obj
 0001:00003510       __crt_debugger_hook        0000000180004510 f   LIBCMT:utility_desktop.obj
 0001:00003518       __scrt_fastfail            0000000180004518 f   LIBCMT:utility_desktop.obj
 0001:00003660       _RTC_Initialize            0000000180004660 f   LIBCMT:_initsect_.obj
 0001:000036ac       _RTC_Terminate             00000001800046ac f   LIBCMT:_initsect_.obj
 0001:000036f8       _guard_check_icall         00000001800046f8 f i LIBCMT:checkcfg.obj
 0001:00003700       __isa_available_init       0000000180004700 f   LIBCMT:_cpu_disp_.obj
 0001:000038c8       _get_startup_argv_mode     00000001800048c8 f   LIBCMT:argv_mode.obj
 0001:000038c8       DllMain                    00000001800048c8 f   LIBCMT:dll_dllmain_stub.obj
 0001:000038d0       __scrt_is_ucrt_dll_in_use  00000001800048d0 f   LIBCMT:ucrt_detection.obj
 0001:000038e0       ??0bad_function_call@std@@QEAA@AEBV01@@Z 00000001800048e0 f i libcpmt:xthrow.obj
 0001:00003920       ??0bad_function_call@std@@QEAA@XZ 0000000180004920 f i libcpmt:xthrow.obj
 0001:00003938       ??0exception@std@@QEAA@AEBV01@@Z 0000000180004938 f i libcpmt:xthrow.obj
 0001:00003970       ??1bad_function_call@std@@UEAA@XZ 0000000180004970 f i libcpmt:xthrow.obj
 0001:00003984       ??_Gbad_function_call@std@@UEAAPEAXI@Z 0000000180004984 f i libcpmt:xthrow.obj
 0001:00003984       ??_Ebad_function_call@std@@UEAAPEAXI@Z 0000000180004984 f i libcpmt:xthrow.obj
 0001:00003984       ??_Gexception@std@@UEAAPEAXI@Z 0000000180004984 f i libcpmt:xthrow.obj
 0001:00003984       ??_Eexception@std@@UEAAPEAXI@Z 0000000180004984 f i libcpmt:xthrow.obj
 0001:000039c8       ?_Xbad_function_call@std@@YAXXZ 00000001800049c8 f   libcpmt:xthrow.obj
 0001:000039e8       ?what@bad_function_call@std@@UEBAPEBDXZ 00000001800049e8 f i libcpmt:xthrow.obj
 0001:000039f0       ?what@exception@std@@UEBAPEBDXZ 00000001800049f0 f i libcpmt:xthrow.obj
 0001:00003a04       _purecall                  0000000180004a04 f   libvcruntime:purevirt.obj
 0001:00003a40       __C_specific_handler       0000000180004a40 f   libvcruntime:_chandler_.obj
 0001:00003c3c       __vcrt_initialize          0000000180004c3c f   libvcruntime:initialization.obj
 0001:00003c70       __vcrt_thread_attach       0000000180004c70 f   libvcruntime:initialization.obj
 0001:00003c84       __vcrt_thread_detach       0000000180004c84 f   libvcruntime:initialization.obj
 0001:00003c98       __vcrt_uninitialize        0000000180004c98 f   libvcruntime:initialization.obj
 0001:00003cb8       __vcrt_uninitialize_critical 0000000180004cb8 f   libvcruntime:initialization.obj
 0001:00003cc8       __std_type_info_destroy_list 0000000180004cc8 f   libvcruntime:std_type_info.obj
 0001:00003d10       memset                     0000000180004d10 f   libvcruntime:memset.obj
 0001:00003eb0       __std_exception_copy       0000000180004eb0 f   libvcruntime:std_exception.obj
 0001:00003f40       __std_exception_destroy    0000000180004f40 f   libvcruntime:std_exception.obj
 0001:00003f68       _CxxThrowException         0000000180004f68 f   libvcruntime:throw.obj
 0001:00004040       __vcrt_initialize_pure_virtual_call_handler 0000000180005040 f   libvcruntime:purevirt_data.obj
 0001:00004080       _local_unwind              0000000180005080 f   libvcruntime:_jmpuwind_.obj
 0001:000040b0       _NLG_Notify                00000001800050b0 f   libvcruntime:_jmpuwind_.obj
 0001:000040d0       __NLG_Dispatch2            00000001800050d0 f   libvcruntime:_jmpuwind_.obj
 0001:000040e0       __NLG_Return2              00000001800050e0 f   libvcruntime:_jmpuwind_.obj
 0001:000040e4       __except_validate_context_record 00000001800050e4 f   libvcruntime:jbcxrval.obj
 0001:000040e4       _guard_check_icall_nop     00000001800050e4 f   LIBCMT:guard_support.obj
 0001:000040e8       __vcrt_freefls             00000001800050e8 f   libvcruntime:per_thread_data.obj
 0001:00004108       __vcrt_freeptd             0000000180005108 f   libvcruntime:per_thread_data.obj
 0001:00004158       __vcrt_getptd_noexit       0000000180005158 f   libvcruntime:per_thread_data.obj
 0001:00004210       __vcrt_initialize_ptd      0000000180005210 f   libvcruntime:per_thread_data.obj
 0001:00004250       __vcrt_uninitialize_ptd    0000000180005250 f   libvcruntime:per_thread_data.obj
 0001:00004274       __vcrt_initialize_locks    0000000180005274 f   libvcruntime:locks.obj
 0001:000042bc       __vcrt_uninitialize_locks  00000001800052bc f   libvcruntime:locks.obj
 0001:000044bc       __vcrt_FlsAlloc            00000001800054bc f   libvcruntime:winapi_downlevel.obj
 0001:00004510       __vcrt_FlsFree             0000000180005510 f   libvcruntime:winapi_downlevel.obj
 0001:00004564       __vcrt_FlsGetValue         0000000180005564 f   libvcruntime:winapi_downlevel.obj
 0001:000045b8       __vcrt_FlsSetValue         00000001800055b8 f   libvcruntime:winapi_downlevel.obj
 0001:00004620       __vcrt_InitializeCriticalSectionEx 0000000180005620 f   libvcruntime:winapi_downlevel.obj
 0001:00004698       __vcrt_initialize_winapi_thunks 0000000180005698 f   libvcruntime:winapi_downlevel.obj
 0001:000046e4       __vcrt_uninitialize_winapi_thunks 00000001800056e4 f   libvcruntime:winapi_downlevel.obj
 0001:00004724       calloc                     0000000180005724 f   libucrt:calloc.obj
 0001:0000472c       __acrt_initialize_stdio    000000018000572c f   libucrt:_file.obj
 0001:0000484c       __acrt_iob_func            000000018000584c f   libucrt:_file.obj
 0001:00004860       __acrt_uninitialize_stdio  0000000180005860 f   libucrt:_file.obj
 0001:000048bc       _lock_file                 00000001800058bc f   libucrt:_file.obj
 0001:000048c8       _unlock_file               00000001800058c8 f   libucrt:_file.obj
 0001:000048d4       ??$?RV<lambda_aa279a7bcb127014629d5b1d62c7325d>@@AEAV<lambda_0a64b6a4deda75c01876f29c44fc5eb3>@@V<lambda_3323e69fbefe9d1a11713e670d47cdfa>@@@?$__crt_seh_guarded_call@H@@QEAAH$$QEAV<lambda_aa279a7bcb127014629d5b1d62c7325d>@@AEAV<lambda_0a64b6a4deda75c01876f29c44fc5eb3>@@$$QEAV<lambda_3323e69fbefe9d1a11713e670d47cdfa>@@@Z 00000001800058d4 f i libucrt:output.obj
 0001:00004914       ??$ensure_buffer_is_big_enough@D@formatting_buffer@__crt_stdio_output@@QEAA_N_K@Z 0000000180005914 f i libucrt:output.obj
 0001:000049c0       ??$is_wide_character_specifier@D@__crt_stdio_output@@YA_N_KDW4length_modifier@0@@Z 00000001800059c0 f i libucrt:output.obj
 0001:000049f0       ??$type_case_integer_parse_into_buffer@I@?$output_processor@DV?$string_output_adapter@D@__crt_stdio_output@@V?$standard_base@DV?$string_output_adapter@D@__crt_stdio_output@@@2@@__crt_stdio_output@@AEAAXII_N@Z 00000001800059f0 f i libucrt:output.obj
 0001:000049f0       ??$type_case_integer_parse_into_buffer@I@?$output_processor@DV?$stream_output_adapter@D@__crt_stdio_output@@V?$standard_base@DV?$stream_output_adapter@D@__crt_stdio_output@@@2@@__crt_stdio_output@@AEAAXII_N@Z 00000001800059f0 f i libucrt:output.obj
 0001:00004a8c       ??$type_case_integer_parse_into_buffer@_K@?$output_processor@DV?$string_output_adapter@D@__crt_stdio_output@@V?$standard_base@DV?$string_output_adapter@D@__crt_stdio_output@@@2@@__crt_stdio_output@@AEAAX_KI_N@Z 0000000180005a8c f i libucrt:output.obj
 0001:00004a8c       ??$type_case_integer_parse_into_buffer@_K@?$output_processor@DV?$stream_output_adapter@D@__crt_stdio_output@@V?$standard_base@DV?$stream_output_adapter@D@__crt_stdio_output@@@2@@__crt_stdio_output@@AEAAX_KI_N@Z 0000000180005a8c f i libucrt:output.obj
 0001:00004b28       ??$write_multiple_characters@V?$stream_output_adapter@D@__crt_stdio_output@@D@__crt_stdio_output@@YAXAEBV?$stream_output_adapter@D@0@DHQEAH@Z 0000000180005b28 f i libucrt:output.obj
 0001:00004bac       ??$write_multiple_characters@V?$string_output_adapter@D@__crt_stdio_output@@D@__crt_stdio_output@@YAXAEBV?$string_output_adapter@D@0@DHQEAH@Z 0000000180005bac f i libucrt:output.obj
 0001:00004c08       ??0?$output_processor@DV?$string_output_adapter@D@__crt_stdio_output@@V?$standard_base@DV?$string_output_adapter@D@__crt_stdio_output@@@2@@__crt_stdio_output@@QEAA@AEBV?$string_output_adapter@D@1@_KQEBDQEAU__crt_locale_pointers@@QEAD@Z 0000000180005c08 f i libucrt:output.obj
 0001:00004c08       ??0?$output_processor@DV?$stream_output_adapter@D@__crt_stdio_output@@V?$standard_base@DV?$stream_output_adapter@D@__crt_stdio_output@@@2@@__crt_stdio_output@@QEAA@AEBV?$stream_output_adapter@D@1@_KQEBDQEAU__crt_locale_pointers@@QEAD@Z 0000000180005c08 f i libucrt:output.obj
 0001:00004c84       ??0_LocaleUpdate@@QEAA@QEAU__crt_locale_pointers@@@Z 0000000180005c84 f i libucrt:output.obj
 0001:00004e04       ?force_decimal_point@__crt_stdio_output@@YAXPEADQEAU__crt_locale_pointers@@@Z 0000000180005e04 f i libucrt:output.obj
 0001:00004e74       ?parse_int_from_format_string@?$output_processor@DV?$stream_output_adapter@D@__crt_stdio_output@@V?$standard_base@DV?$stream_output_adapter@D@__crt_stdio_output@@@2@@__crt_stdio_output@@AEAA_NQEAH@Z 0000000180005e74 f i libucrt:output.obj
 0001:00004e74       ?parse_int_from_format_string@?$output_processor@DV?$string_output_adapter@D@__crt_stdio_output@@V?$standard_base@DV?$string_output_adapter@D@__crt_stdio_output@@@2@@__crt_stdio_output@@AEAA_NQEAH@Z 0000000180005e74 f i libucrt:output.obj
 0001:00004ef8       ?process@?$output_processor@DV?$stream_output_adapter@D@__crt_stdio_output@@V?$standard_base@DV?$stream_output_adapter@D@__crt_stdio_output@@@2@@__crt_stdio_output@@QEAAHXZ 0000000180005ef8 f i libucrt:output.obj
 0001:00005108       ?process@?$output_processor@DV?$string_output_adapter@D@__crt_stdio_output@@V?$standard_base@DV?$string_output_adapter@D@__crt_stdio_output@@@2@@__crt_stdio_output@@QEAAHXZ 0000000180006108 f i libucrt:output.obj
 0001:0000530c       ?state_case_normal@?$output_processor@DV?$stream_output_adapter@D@__crt_stdio_output@@V?$standard_base@DV?$stream_output_adapter@D@__crt_stdio_output@@@2@@__crt_stdio_output@@AEAA_NXZ 000000018000630c f i libucrt:output.obj
 0001:0000537c       ?state_case_normal@?$output_processor@DV?$string_output_adapter@D@__crt_stdio_output@@V?$standard_base@DV?$string_output_adapter@D@__crt_stdio_output@@@2@@__crt_stdio_output@@AEAA_NXZ 000000018000637c f i libucrt:output.obj
 0001:000053f0       ?state_case_normal_tchar@?$output_processor@DV?$stream_output_adapter@D@__crt_stdio_output@@V?$standard_base@DV?$stream_output_adapter@D@__crt_stdio_output@@@2@@__crt_stdio_output@@AEAA_ND@Z 00000001800063f0 f i libucrt:output.obj
 0001:00005484       ?state_case_normal_tchar@?$output_processor@DV?$string_output_adapter@D@__crt_stdio_output@@V?$standard_base@DV?$string_output_adapter@D@__crt_stdio_output@@@2@@__crt_stdio_output@@AEAA_ND@Z 0000000180006484 f i libucrt:output.obj
 0001:0000551c       ?state_case_size@?$output_processor@DV?$stream_output_adapter@D@__crt_stdio_output@@V?$standard_base@DV?$stream_output_adapter@D@__crt_stdio_output@@@2@@__crt_stdio_output@@AEAA_NXZ 000000018000651c f i libucrt:output.obj
 0001:00005698       ?state_case_size@?$output_processor@DV?$string_output_adapter@D@__crt_stdio_output@@V?$standard_base@DV?$string_output_adapter@D@__crt_stdio_output@@@2@@__crt_stdio_output@@AEAA_NXZ 0000000180006698 f i libucrt:output.obj
 0001:00005814       ?state_case_type@?$output_processor@DV?$stream_output_adapter@D@__crt_stdio_output@@V?$standard_base@DV?$stream_output_adapter@D@__crt_stdio_output@@@2@@__crt_stdio_output@@AEAA_NXZ 0000000180006814 f i libucrt:output.obj
 0001:00005a90       ?state_case_type@?$output_processor@DV?$string_output_adapter@D@__crt_stdio_output@@V?$standard_base@DV?$string_output_adapter@D@__crt_stdio_output@@@2@@__crt_stdio_output@@AEAA_NXZ 0000000180006a90 f i libucrt:output.obj
 0001:00005d0c       ?type_case_Z@?$output_processor@DV?$string_output_adapter@D@__crt_stdio_output@@V?$standard_base@DV?$string_output_adapter@D@__crt_stdio_output@@@2@@__crt_stdio_output@@AEAA_NXZ 0000000180006d0c f i libucrt:output.obj
 0001:00005d0c       ?type_case_Z@?$output_processor@DV?$stream_output_adapter@D@__crt_stdio_output@@V?$standard_base@DV?$stream_output_adapter@D@__crt_stdio_output@@@2@@__crt_stdio_output@@AEAA_NXZ 0000000180006d0c f i libucrt:output.obj
 0001:00005d8c       ?type_case_a@?$output_processor@DV?$string_output_adapter@D@__crt_stdio_output@@V?$standard_base@DV?$string_output_adapter@D@__crt_stdio_output@@@2@@__crt_stdio_output@@AEAA_NXZ 0000000180006d8c f i libucrt:output.obj
 0001:00005d8c       ?type_case_a@?$output_processor@DV?$stream_output_adapter@D@__crt_stdio_output@@V?$standard_base@DV?$stream_output_adapter@D@__crt_stdio_output@@@2@@__crt_stdio_output@@AEAA_NXZ 0000000180006d8c f i libucrt:output.obj
 0001:00005fa8       ?type_case_c_tchar@?$output_processor@DV?$string_output_adapter@D@__crt_stdio_output@@V?$standard_base@DV?$string_output_adapter@D@__crt_stdio_output@@@2@@__crt_stdio_output@@AEAA_ND@Z 0000000180006fa8 f i libucrt:output.obj
 0001:00005fa8       ?type_case_c_tchar@?$output_processor@DV?$stream_output_adapter@D@__crt_stdio_output@@V?$standard_base@DV?$stream_output_adapter@D@__crt_stdio_output@@@2@@__crt_stdio_output@@AEAA_ND@Z 0000000180006fa8 f i libucrt:output.obj
 0001:0000605c       ?type_case_integer@?$output_processor@DV?$stream_output_adapter@D@__crt_stdio_output@@V?$standard_base@DV?$stream_output_adapter@D@__crt_stdio_output@@@2@@__crt_stdio_output@@AEAA_NI_N@Z 000000018000705c f i libucrt:output.obj
 0001:0000605c       ?type_case_integer@?$output_processor@DV?$string_output_adapter@D@__crt_stdio_output@@V?$standard_base@DV?$string_output_adapter@D@__crt_stdio_output@@@2@@__crt_stdio_output@@AEAA_NI_N@Z 000000018000705c f i libucrt:output.obj
 0001:000061fc       ?type_case_n@?$output_processor@DV?$string_output_adapter@D@__crt_stdio_output@@V?$standard_base@DV?$string_output_adapter@D@__crt_stdio_output@@@2@@__crt_stdio_output@@AEAA_NXZ 00000001800071fc f i libucrt:output.obj
 0001:000061fc       ?type_case_n@?$output_processor@DV?$stream_output_adapter@D@__crt_stdio_output@@V?$standard_base@DV?$stream_output_adapter@D@__crt_stdio_output@@@2@@__crt_stdio_output@@AEAA_NXZ 00000001800071fc f i libucrt:output.obj
 0001:000062d8       ?type_case_s@?$output_processor@DV?$string_output_adapter@D@__crt_stdio_output@@V?$standard_base@DV?$string_output_adapter@D@__crt_stdio_output@@@2@@__crt_stdio_output@@AEAA_NXZ 00000001800072d8 f i libucrt:output.obj
 0001:000062d8       ?type_case_s@?$output_processor@DV?$stream_output_adapter@D@__crt_stdio_output@@V?$standard_base@DV?$stream_output_adapter@D@__crt_stdio_output@@@2@@__crt_stdio_output@@AEAA_NXZ 00000001800072d8 f i libucrt:output.obj
 0001:00006368       ?validate_stream_is_ansi_if_required@?$__acrt_stdio_char_traits@D@@SA_NQEAU_iobuf@@@Z 0000000180007368 f i libucrt:output.obj
 0001:000063f4       ?write_stored_string_tchar@?$output_processor@DV?$stream_output_adapter@D@__crt_stdio_output@@V?$standard_base@DV?$stream_output_adapter@D@__crt_stdio_output@@@2@@__crt_stdio_output@@AEAA_ND@Z 00000001800073f4 f i libucrt:output.obj
 0001:000064cc       ?write_stored_string_tchar@?$output_processor@DV?$string_output_adapter@D@__crt_stdio_output@@V?$standard_base@DV?$string_output_adapter@D@__crt_stdio_output@@@2@@__crt_stdio_output@@AEAA_ND@Z 00000001800074cc f i libucrt:output.obj
 0001:000065a4       ?write_string@?$stream_output_adapter@D@__crt_stdio_output@@QEBAXQEBDHQEAH1@Z 00000001800075a4 f i libucrt:output.obj
 0001:0000669c       ?write_string@?$string_output_adapter@D@__crt_stdio_output@@QEBAXQEBDHQEAH1@Z 000000018000769c f i libucrt:output.obj
 0001:00006758       __stdio_common_vfprintf    0000000180007758 f   libucrt:output.obj
 0001:000067e4       __stdio_common_vsprintf    00000001800077e4 f   libucrt:output.obj
 0001:00006a18       free                       0000000180007a18 f   libucrt:free.obj
 0001:00006a20       ??$is_overflow_condition@_K@__crt_strtox@@YA_NI_K@Z 0000000180007a20 f i libucrt:input.obj
 0001:00006a58       ??$make_input_adapter_character_source@V?$string_input_adapter@D@__crt_stdio_input@@@__crt_strtox@@YA?AV?$input_adapter_character_source@V?$string_input_adapter@D@__crt_stdio_input@@@0@QEAV?$string_input_adapter@D@__crt_stdio_input@@_KQEA_N@Z 0000000180007a58 f i libucrt:input.obj
 0001:00006a78       ??$parse_floating_point@V?$input_adapter_character_source@V?$string_input_adapter@D@__crt_stdio_input@@@__crt_strtox@@M@__crt_strtox@@YA?AW4SLD_STATUS@@QEAU__crt_locale_pointers@@V?$input_adapter_character_source@V?$string_input_adapter@D@__crt_stdio_input@@@0@QEAM@Z 0000000180007a78 f i libucrt:input.obj
 0001:00006b20       ??$parse_floating_point@V?$input_adapter_character_source@V?$string_input_adapter@D@__crt_stdio_input@@@__crt_strtox@@N@__crt_strtox@@YA?AW4SLD_STATUS@@QEAU__crt_locale_pointers@@V?$input_adapter_character_source@V?$string_input_adapter@D@__crt_stdio_input@@@0@QEAN@Z 0000000180007b20 f i libucrt:input.obj
 0001:00006bc8       ??$parse_floating_point_from_source@V?$input_adapter_character_source@V?$string_input_adapter@D@__crt_stdio_input@@@__crt_strtox@@@__crt_strtox@@YA?AW4floating_point_parse_result@0@QEAU__crt_locale_pointers@@AEAV?$input_adapter_character_source@V?$string_input_adapter@D@__crt_stdio_input@@@0@AEAUfloating_point_string@0@@Z 0000000180007bc8 f i libucrt:input.obj
 0001:000073a8       ??$parse_floating_point_possible_infinity@DV?$input_adapter_character_source@V?$string_input_adapter@D@__crt_stdio_input@@@__crt_strtox@@_K@__crt_strtox@@YA?AW4floating_point_parse_result@0@AEADAEAV?$input_adapter_character_source@V?$string_input_adapter@D@__crt_stdio_input@@@0@_K@Z 00000001800083a8 f i libucrt:input.obj
 0001:00007558       ??$parse_floating_point_possible_nan@DV?$input_adapter_character_source@V?$string_input_adapter@D@__crt_stdio_input@@@__crt_strtox@@_K@__crt_strtox@@YA?AW4floating_point_parse_result@0@AEADAEAV?$input_adapter_character_source@V?$string_input_adapter@D@__crt_stdio_input@@@0@_K@Z 0000000180008558 f i libucrt:input.obj
 0001:000077c8       ??$parse_floating_point_possible_nan_is_ind@DV?$input_adapter_character_source@V?$string_input_adapter@D@__crt_stdio_input@@@__crt_strtox@@@__crt_strtox@@YA_NAEADAEAV?$input_adapter_character_source@V?$string_input_adapter@D@__crt_stdio_input@@@0@@Z 00000001800087c8 f i libucrt:input.obj
 0001:00007840       ??$parse_floating_point_possible_nan_is_snan@DV?$input_adapter_character_source@V?$string_input_adapter@D@__crt_stdio_input@@@__crt_strtox@@@__crt_strtox@@YA_NAEADAEAV?$input_adapter_character_source@V?$string_input_adapter@D@__crt_stdio_input@@@0@@Z 0000000180008840 f i libucrt:input.obj
 0001:000078b8       ??$parse_floating_point_write_result@M@__crt_strtox@@YA?AW4SLD_STATUS@@W4floating_point_parse_result@0@AEBUfloating_point_string@0@QEAM@Z 00000001800088b8 f i libucrt:input.obj
 0001:000079d0       ??$parse_floating_point_write_result@N@__crt_strtox@@YA?AW4SLD_STATUS@@W4floating_point_parse_result@0@AEBUfloating_point_string@0@QEAN@Z 00000001800089d0 f i libucrt:input.obj
 0001:00007af8       ??$parse_integer@_KV?$input_adapter_character_source@V?$string_input_adapter@D@__crt_stdio_input@@@__crt_strtox@@@__crt_strtox@@YA_KQEAU__crt_locale_pointers@@V?$input_adapter_character_source@V?$string_input_adapter@D@__crt_stdio_input@@@0@H_N@Z 0000000180008af8 f i libucrt:input.obj
 0001:00007f8c       ??$process_floating_point_specifier_t@M@?$input_processor@DV?$string_input_adapter@D@__crt_stdio_input@@@__crt_stdio_input@@AEAA_NXZ 0000000180008f8c f i libucrt:input.obj
 0001:00008034       ??$process_floating_point_specifier_t@N@?$input_processor@DV?$string_input_adapter@D@__crt_stdio_input@@@__crt_stdio_input@@AEAA_NXZ 0000000180009034 f i libucrt:input.obj
 0001:000080dc       ??$process_string_specifier_tchar@D@?$input_processor@DV?$string_input_adapter@D@__crt_stdio_input@@@__crt_stdio_input@@AEAA_NW4conversion_mode@1@D@Z 00000001800090dc f i libucrt:input.obj
 0001:000082a4       ??$process_string_specifier_tchar@_W@?$input_processor@DV?$string_input_adapter@D@__crt_stdio_input@@@__crt_stdio_input@@AEAA_NW4conversion_mode@1@_W@Z 00000001800092a4 f i libucrt:input.obj
 0001:000084a4       ??$skip_whitespace@Vstring_input_adapter@__crt_stdio_input@@D@__crt_stdio_input@@YAHAEAV?$string_input_adapter@D@0@QEAU__crt_locale_pointers@@@Z 00000001800094a4 f i libucrt:input.obj
 0001:00008594       ?advance@?$format_string_parser@D@__crt_stdio_input@@QEAA_NXZ 0000000180009594 f i libucrt:input.obj
 0001:00008764       ?as_double@floating_point_value@__crt_strtox@@QEBAAEANXZ 0000000180009764 f i libucrt:input.obj
 0001:000087a0       ?as_float@floating_point_value@__crt_strtox@@QEBAAEAMXZ 00000001800097a0 f i libucrt:input.obj
 0001:000087dc       ?assemble_floating_point_value@__crt_strtox@@YA?AW4SLD_STATUS@@_KH_N1AEBVfloating_point_value@1@@Z 00000001800097dc f i libucrt:input.obj
 0001:00008b90       ?assemble_floating_point_value_from_big_integer@__crt_strtox@@YA?AW4SLD_STATUS@@AEBUbig_integer@1@I_N1AEBVfloating_point_value@1@@Z 0000000180009b90 f i libucrt:input.obj
 0001:00008d1c       ?convert_decimal_string_to_floating_type_common@__crt_strtox@@YA?AW4SLD_STATUS@@AEBUfloating_point_string@1@AEBVfloating_point_value@1@@Z 0000000180009d1c f i libucrt:input.obj
 0001:0000aae0       ?convert_hexadecimal_string_to_floating_type_common@__crt_strtox@@YA?AW4SLD_STATUS@@AEBUfloating_point_string@1@AEBVfloating_point_value@1@@Z 000000018000bae0 f i libucrt:input.obj
 0001:0000ab90       ?divide@__crt_strtox@@YA_KAEAUbig_integer@1@AEBU21@@Z 000000018000bb90 f i libucrt:input.obj
 0001:0000b060       ?length@?$format_string_parser@D@__crt_stdio_input@@QEBA_KXZ 000000018000c060 f i libucrt:input.obj
 0001:0000b0fc       ?process@?$input_processor@DV?$string_input_adapter@D@__crt_stdio_input@@@__crt_stdio_input@@QEAAHXZ 000000018000c0fc f i libucrt:input.obj
 0001:0000b1ec       ?process_conversion_specifier@?$input_processor@DV?$string_input_adapter@D@__crt_stdio_input@@@__crt_stdio_input@@AEAA_NXZ 000000018000c1ec f i libucrt:input.obj
 0001:0000b310       ?process_floating_point_specifier@?$input_processor@DV?$string_input_adapter@D@__crt_stdio_input@@@__crt_stdio_input@@AEAA_NXZ 000000018000c310 f i libucrt:input.obj
 0001:0000b380       ?process_integer_specifier@?$input_processor@DV?$string_input_adapter@D@__crt_stdio_input@@@__crt_stdio_input@@AEAA_NI_N@Z 000000018000c380 f i libucrt:input.obj
 0001:0000b430       ?process_literal_character_tchar@?$input_processor@DV?$string_input_adapter@D@__crt_stdio_input@@@__crt_stdio_input@@AEAA_ND@Z 000000018000c430 f i libucrt:input.obj
 0001:0000b4bc       ?process_state@?$input_processor@DV?$string_input_adapter@D@__crt_stdio_input@@@__crt_stdio_input@@AEAA_NXZ 000000018000c4bc f i libucrt:input.obj
 0001:0000b570       ?process_string_specifier@?$input_processor@DV?$string_input_adapter@D@__crt_stdio_input@@@__crt_stdio_input@@AEAA_NW4conversion_mode@2@@Z 000000018000c570 f i libucrt:input.obj
 0001:0000b5fc       ?scan_conversion_specifier@?$format_string_parser@D@__crt_stdio_input@@AEAA_NXZ 000000018000c5fc f i libucrt:input.obj
 0001:0000b7b8       ?scan_optional_field_width@?$format_string_parser@D@__crt_stdio_input@@AEAA_NXZ 000000018000c7b8 f i libucrt:input.obj
 0001:0000b860       ?scan_optional_length_modifier@?$format_string_parser@D@__crt_stdio_input@@AEAAXXZ 000000018000c860 f i libucrt:input.obj
 0001:0000b98c       ?scan_scanset_range@?$format_string_parser@D@__crt_stdio_input@@AEAA_NXZ 000000018000c98c f i libucrt:input.obj
 0001:0000bb20       ?write_character@?$input_processor@DV?$string_input_adapter@D@__crt_stdio_input@@@__crt_stdio_input@@AEAA_NQEFA_W_KAEAPEFA_WAEA_KD@Z 000000018000cb20 f i libucrt:input.obj
 0001:0000bbbc       ?write_integer@?$input_processor@DV?$string_input_adapter@D@__crt_stdio_input@@@__crt_stdio_input@@AEAA_N_K_N@Z 000000018000cbbc f i libucrt:input.obj
 0001:0000bc40       __stdio_common_vsscanf     000000018000cc40 f   libucrt:input.obj
 0001:0000be10       malloc                     000000018000ce10 f   libucrt:malloc.obj
 0001:0000be18       __acrt_call_reportfault    000000018000ce18 f   libucrt:invalid_parameter.obj
 0001:0000bf74       __acrt_initialize_invalid_parameter_handler 000000018000cf74 f   libucrt:invalid_parameter.obj
 0001:0000bf7c       _invalid_parameter         000000018000cf7c f   libucrt:invalid_parameter.obj
 0001:0000c024       _invalid_parameter_noinfo  000000018000d024 f   libucrt:invalid_parameter.obj
 0001:0000c044       _invoke_watson             000000018000d044 f   libucrt:invalid_parameter.obj
 0001:0000c08c       __ascii_stricmp            000000018000d08c f   libucrt:stricmp.obj
 0001:0000c0c8       _stricmp                   000000018000d0c8 f   libucrt:stricmp.obj
 0001:0000c110       _stricmp_l                 000000018000d110 f   libucrt:stricmp.obj
 0001:0000c1c4       _initterm                  000000018000d1c4 f   libucrt:initterm.obj
 0001:0000c23c       _initterm_e                000000018000d23c f   libucrt:initterm.obj
 0001:0000c288       _seh_filter_dll            000000018000d288 f   libucrt:exception_filter.obj
 0001:0000c29c       _seh_filter_exe            000000018000d29c f   libucrt:exception_filter.obj
 0001:0000c65c       __acrt_initialize_thread_local_exit_callback 000000018000d65c f   libucrt:exit.obj
 0001:0000c664       _cexit                     000000018000d664 f   libucrt:exit.obj
 0001:0000c674       _exit                      000000018000d674 f   libucrt:exit.obj
 0001:0000c680       _is_c_termination_complete 000000018000d680 f   libucrt:exit.obj
 0001:0000c844       __acrt_allocate_buffer_for_argv 000000018000d844 f   libucrt:argv_parsing.obj
 0001:0000c8a8       _configure_narrow_argv     000000018000d8a8 f   libucrt:argv_parsing.obj
 0001:0000cc04       __dcrt_uninitialize_environments_nolock 000000018000dc04 f   libucrt:environment_initialization.obj
 0001:0000cc3c       _initialize_narrow_environment 000000018000dc3c f   libucrt:environment_initialization.obj
 0001:0000cc44       ??$?RV<lambda_b8c45f8f788dd370798f47cfe8ac3a86>@@AEAV<lambda_4e60a939b0d047cfe11ddc22648dfba9>@@V<lambda_332c3edc96d0294ec56c57d38c1cdfd5>@@@?$__crt_seh_guarded_call@H@@QEAAH$$QEAV<lambda_b8c45f8f788dd370798f47cfe8ac3a86>@@AEAV<lambda_4e60a939b0d047cfe11ddc22648dfba9>@@$$QEAV<lambda_332c3edc96d0294ec56c57d38c1cdfd5>@@@Z 000000018000dc44 f i libucrt:onexit.obj
 0001:0000cc80       ??$?RV<lambda_e24bbb7b643b32fcea6fa61b31d4c984>@@AEAV<lambda_275893d493268fdec8709772e3fcec0e>@@V<lambda_9d71df4d7cf3f480f8d633942495c3b0>@@@?$__crt_seh_guarded_call@H@@QEAAH$$QEAV<lambda_e24bbb7b643b32fcea6fa61b31d4c984>@@AEAV<lambda_275893d493268fdec8709772e3fcec0e>@@$$QEAV<lambda_9d71df4d7cf3f480f8d633942495c3b0>@@@Z 000000018000dc80 f i libucrt:onexit.obj
 0001:0000cffc       _crt_atexit                000000018000dffc f   libucrt:onexit.obj
 0001:0000d00c       _execute_onexit_table      000000018000e00c f   libucrt:onexit.obj
 0001:0000d048       _initialize_onexit_table   000000018000e048 f   libucrt:onexit.obj
 0001:0000d088       _register_onexit_function  000000018000e088 f   libucrt:onexit.obj
 0001:0000d204       __acrt_uninitialize_command_line 000000018000e204 f   libucrt:argv_data.obj
 0001:0000d208       __acrt_initialize          000000018000e208 f   libucrt:initialization.obj
 0001:0000d21c       __acrt_thread_attach       000000018000e21c f   libucrt:initialization.obj
 0001:0000d230       __acrt_thread_detach       000000018000e230 f   libucrt:initialization.obj
 0001:0000d240       __acrt_uninitialize        000000018000e240 f   libucrt:initialization.obj
 0001:0000d254       __acrt_uninitialize_critical 000000018000e254 f   libucrt:initialization.obj
 0001:0000d264       terminate                  000000018000e264 f   libucrt:terminate.obj
 0001:0000d28c       abort                      000000018000e28c f   libucrt:abort.obj
 0001:0000d2e4       _free_base                 000000018000e2e4 f   libucrt:free_base.obj
 0001:0000d324       _malloc_base               000000018000e324 f   libucrt:malloc_base.obj
 0001:0000d384       strcpy_s                   000000018000e384 f   libucrt:strcpy_s.obj
 0001:0000d3e4       _calloc_base               000000018000e3e4 f   libucrt:calloc_base.obj
 0001:0000d45c       ??$is_overflow_condition@K@__crt_strtox@@YA_NIK@Z 000000018000e45c f i libucrt:atox.obj
 0001:0000d488       ??$parse_integer@KV?$c_string_character_source@D@__crt_strtox@@@__crt_strtox@@YAKQEAU__crt_locale_pointers@@V?$c_string_character_source@D@0@H_N@Z 000000018000e488 f i libucrt:atox.obj
 0001:0000d79c       ??$parse_integer@_KV?$c_string_character_source@D@__crt_strtox@@@__crt_strtox@@YA_KQEAU__crt_locale_pointers@@V?$c_string_character_source@D@0@H_N@Z 000000018000e79c f i libucrt:atox.obj
 0001:0000dad0       __acrt_errno_from_os_error 000000018000ead0 f   libucrt:errno.obj
 0001:0000db18       __acrt_errno_map_os_error  000000018000eb18 f   libucrt:errno.obj
 0001:0000db68       __doserrno                 000000018000eb68 f   libucrt:errno.obj
 0001:0000db88       _errno                     000000018000eb88 f   libucrt:errno.obj
 0001:0000dd48       __acrt_FlsAlloc            000000018000ed48 f   libucrt:winapi_thunks.obj
 0001:0000dda0       __acrt_FlsFree             000000018000eda0 f   libucrt:winapi_thunks.obj
 0001:0000ddf8       __acrt_FlsGetValue         000000018000edf8 f   libucrt:winapi_thunks.obj
 0001:0000de50       __acrt_FlsSetValue         000000018000ee50 f   libucrt:winapi_thunks.obj
 0001:0000deb8       __acrt_InitializeCriticalSectionEx 000000018000eeb8 f   libucrt:winapi_thunks.obj
 0001:0000df30       __acrt_LCMapStringEx       000000018000ef30 f   libucrt:winapi_thunks.obj
 0001:0000e020       __acrt_LocaleNameToLCID    000000018000f020 f   libucrt:winapi_thunks.obj
 0001:0000e088       __acrt_initialize_winapi_thunks 000000018000f088 f   libucrt:winapi_thunks.obj
 0001:0000e0c0       __acrt_is_packaged_app     000000018000f0c0 f   libucrt:winapi_thunks.obj
 0001:0000e148       __acrt_uninitialize_winapi_thunks 000000018000f148 f   libucrt:winapi_thunks.obj
 0001:0000e18c       _fcloseall                 000000018000f18c f   libucrt:closeall.obj
 0001:0000e240       __acrt_stdio_flush_nolock  000000018000f240 f   libucrt:fflush.obj
 0001:0000e2b8       _fflush_nolock             000000018000f2b8 f   libucrt:fflush.obj
 0001:0000e304       _flushall                  000000018000f304 f   libucrt:fflush.obj
 0001:0000e3f4       __acrt_stdio_free_buffer_nolock 000000018000f3f4 f   libucrt:_freebuf.obj
 0001:0000e61c       __acrt_initialize_lowio    000000018000f61c f   libucrt:ioinit.obj
 0001:0000e658       __acrt_uninitialize_lowio  000000018000f658 f   libucrt:ioinit.obj
 0001:0000e698       isdigit                    000000018000f698 f i libucrt:_ctype.obj
 0001:0000e70c       isspace                    000000018000f70c f i libucrt:_ctype.obj
 0001:0000e7d0       _tolower_l                 000000018000f7d0 f   libucrt:tolower_toupper.obj
 0001:0000e910       tolower                    000000018000f910 f   libucrt:tolower_toupper.obj
 0001:0000e93c       ??$make_c_string_character_source@DPEAPEAD@__crt_strtox@@YA?AV?$c_string_character_source@D@0@QEBDQEAPEAD@Z 000000018000f93c f i libucrt:strtox.obj
 0001:0000e950       strtol                     000000018000f950 f   libucrt:strtox.obj
 0001:0000e980       strtoull                   000000018000f980 f   libucrt:strtox.obj
 0001:0000e9b0       _mbtowc_l                  000000018000f9b0 f   libucrt:mbtowc.obj
 0001:0000eaf8       mbtowc                     000000018000faf8 f   libucrt:mbtowc.obj
 0001:0000eb00       _wctomb_s_l                000000018000fb00 f   libucrt:wctomb.obj
 0001:0000ec84       wctomb_s                   000000018000fc84 f   libucrt:wctomb.obj
 0001:0000ec98       strnlen                    000000018000fc98 f   libucrt:strnlen.obj
 0001:0000edf4       wcsnlen                    000000018000fdf4 f   libucrt:strnlen.obj
 0001:0000efe4       ??$?RV<lambda_46352004c1216016012b18bd6f87e700>@@AEAV<lambda_3bd07e1a1191394380780325891bf33f>@@V<lambda_334532d3f185bcaa59b5be82d7d22bff>@@@?$__crt_seh_guarded_call@X@@QEAAX$$QEAV<lambda_46352004c1216016012b18bd6f87e700>@@AEAV<lambda_3bd07e1a1191394380780325891bf33f>@@$$QEAV<lambda_334532d3f185bcaa59b5be82d7d22bff>@@@Z 000000018000ffe4 f i libucrt:per_thread_data.obj
 0001:0000f044       ??$?RV<lambda_5e887d1dcbef67a5eb4283622ba103bf>@@AEAV<lambda_4466841279450cc726390878d4a41900>@@V<lambda_341c25c0346d94847f1f3c463c57e077>@@@?$__crt_seh_guarded_call@X@@QEAAX$$QEAV<lambda_5e887d1dcbef67a5eb4283622ba103bf>@@AEAV<lambda_4466841279450cc726390878d4a41900>@@$$QEAV<lambda_341c25c0346d94847f1f3c463c57e077>@@@Z 0000000180010044 f i libucrt:per_thread_data.obj
 0001:0000f08c       ??$?RV<lambda_72d1df2b273a38828b1ce30cbf4cdab5>@@AEAV<lambda_876a65b173b8412d3a47c70a915b0cf4>@@V<lambda_41932305e351933ebe8f8be3ed8bb5dc>@@@?$__crt_seh_guarded_call@X@@QEAAX$$QEAV<lambda_72d1df2b273a38828b1ce30cbf4cdab5>@@AEAV<lambda_876a65b173b8412d3a47c70a915b0cf4>@@$$QEAV<lambda_41932305e351933ebe8f8be3ed8bb5dc>@@@Z 000000018001008c f i libucrt:per_thread_data.obj
 0001:0000f0cc       ??$?RV<lambda_fb3a7dec4e47f37f22dae91bb15c9095>@@AEAV<lambda_698284760c8add0bfb0756c19673e34b>@@V<lambda_dfb8eca1e75fef3034a8fb18dd509707>@@@?$__crt_seh_guarded_call@X@@QEAAX$$QEAV<lambda_fb3a7dec4e47f37f22dae91bb15c9095>@@AEAV<lambda_698284760c8add0bfb0756c19673e34b>@@$$QEAV<lambda_dfb8eca1e75fef3034a8fb18dd509707>@@@Z 00000001800100cc f i libucrt:per_thread_data.obj
 0001:0000f35c       __acrt_freeptd             000000018001035c f   libucrt:per_thread_data.obj
 0001:0000f3a0       __acrt_getptd              00000001800103a0 f   libucrt:per_thread_data.obj
 0001:0000f434       __acrt_getptd_noexit       0000000180010434 f   libucrt:per_thread_data.obj
 0001:0000f4d4       __acrt_initialize_ptd      00000001800104d4 f   libucrt:per_thread_data.obj
 0001:0000f510       __acrt_uninitialize_ptd    0000000180010510 f   libucrt:per_thread_data.obj
 0001:0000f534       __acrt_update_locale_info  0000000180010534 f   libucrt:locale_update.obj
 0001:0000f568       __acrt_update_multibyte_info 0000000180010568 f   libucrt:locale_update.obj
 0001:0000f59c       ?__acrt_fp_classify@@YA?AW4__acrt_fp_class@@AEBN@Z 000000018001059c f i libucrt:cvt.obj
 0001:0000ffd4       __acrt_fp_format           0000000180010fd4 f   libucrt:cvt.obj
 0001:00010218       _fileno                    0000000180011218 f   libucrt:fileno.obj
 0001:00010240       _fputc_nolock              0000000180011240 f   libucrt:fputc.obj
 0001:00010258       _get_printf_count_output   0000000180011258 f   libucrt:printf_count_output.obj
 0001:00010270       __acrt_stdio_begin_temporary_buffering_nolock 0000000180011270 f   libucrt:_sftbuf.obj
 0001:00010340       __acrt_stdio_end_temporary_buffering_nolock 0000000180011340 f   libucrt:_sftbuf.obj
 0001:0001037c       __acrt_set_locale_changed  000000018001137c f   libucrt:wsetlocale.obj
 0001:00010388       __acrt_uninitialize_locale 0000000180011388 f   libucrt:wsetlocale.obj
 0001:000103d0       __pctype_func              00000001800113d0 f   libucrt:ctype.obj
 0001:00010400       _isctype_l                 0000000180011400 f   libucrt:isctype.obj
 0001:00010510       fegetround                 0000000180011510 f   libucrt:fegetround.obj
 0001:00010524       __acrt_initialize_locks    0000000180011524 f   libucrt:locks.obj
 0001:0001056c       __acrt_lock                000000018001156c f   libucrt:locks.obj
 0001:00010588       __acrt_uninitialize_locks  0000000180011588 f   libucrt:locks.obj
 0001:000105c0       __acrt_unlock              00000001800115c0 f   libucrt:locks.obj
 0001:00010ab8       ?expand_if_necessary@?$argument_list@D@?A0xca0879c4@@AEAAHXZ 0000000180011ab8 f i libucrt:argv_wildcards.obj
 0001:00010b80       __acrt_expand_narrow_argv_wildcards 0000000180011b80 f   libucrt:argv_wildcards.obj
 0001:00010b88       ??$?RV<lambda_99476a1ad63dd22509b5d3e65b0ffc95>@@AEAV<lambda_ad1ced32f4ac17aa236e5ef05d6b3b7c>@@V<lambda_f7424dd8d45958661754dc4f2697e9c3>@@@?$__crt_seh_guarded_call@X@@QEAAX$$QEAV<lambda_99476a1ad63dd22509b5d3e65b0ffc95>@@AEAV<lambda_ad1ced32f4ac17aa236e5ef05d6b3b7c>@@$$QEAV<lambda_f7424dd8d45958661754dc4f2697e9c3>@@@Z 0000000180011b88 f i libucrt:mbctype.obj
 0001:00011284       __acrt_initialize_multibyte 0000000180012284 f   libucrt:mbctype.obj
 0001:000112ac       __acrt_update_thread_multibyte_data 00000001800122ac f   libucrt:mbctype.obj
 0001:0001136c       _setmbcp_nolock            000000018001236c f   libucrt:mbctype.obj
 0001:0001168c       _ismbblead                 000000018001268c f   libucrt:ismbbyte.obj
 0001:000116a0       __acrt_initialize_command_line 00000001800126a0 f   libucrt:argv_data.obj
 0001:000116c8       __dcrt_get_narrow_environment_from_os 00000001800126c8 f   libucrt:get_environment_from_os.obj
 0001:000117cc       _recalloc                  00000001800127cc f   libucrt:recalloc.obj
 0001:000117d4       _recalloc_base             00000001800127d4 f   libucrt:recalloc.obj
 0001:0001186c       __acrt_initialize_heap     000000018001286c f   libucrt:heap_handle.obj
 0001:00011888       __acrt_uninitialize_heap   0000000180012888 f   libucrt:heap_handle.obj
 0001:00011894       __acrt_execute_initializers 0000000180012894 f   libucrt:shared_initialization.obj
 0001:00011928       __acrt_execute_uninitializers 0000000180012928 f   libucrt:shared_initialization.obj
 0001:00011978       __acrt_initialize_new_handler 0000000180012978 f   libucrt:new_handler.obj
 0001:00011980       _callnewh                  0000000180012980 f   libucrt:new_handler.obj
 0001:000119c0       _query_new_handler         00000001800129c0 f   libucrt:new_handler.obj
 0001:000119f4       ??$?RV<lambda_c36588078e9f5dfd39652860aa6b3aaf>@@AEAV<lambda_ec61778202f4f5fc7e7711acc23c3bca>@@V<lambda_dc9d2797ccde5d239b4a0efae8ebd7db>@@@?$__crt_seh_guarded_call@P6AXH@Z@@QEAAP6AXH@Z$$QEAV<lambda_c36588078e9f5dfd39652860aa6b3aaf>@@AEAV<lambda_ec61778202f4f5fc7e7711acc23c3bca>@@$$QEAV<lambda_dc9d2797ccde5d239b4a0efae8ebd7db>@@@Z 00000001800129f4 f i libucrt:signal.obj
 0001:00011a3c       __acrt_get_sigabrt_handler 0000000180012a3c f   libucrt:signal.obj
 0001:00011a6c       __acrt_initialize_signal_handlers 0000000180012a6c f   libucrt:signal.obj
 0001:00011a8c       raise                      0000000180012a8c f   libucrt:signal.obj
 0001:00011d28       __acrt_has_user_matherr    0000000180012d28 f   libucrt:matherr.obj
 0001:00011d48       __acrt_initialize_user_matherr 0000000180012d48 f   libucrt:matherr.obj
 0001:00011d50       __acrt_invoke_user_matherr 0000000180012d50 f   libucrt:matherr.obj
 0001:00011d98       _query_new_mode            0000000180012d98 f   libucrt:new_mode.obj
 0001:00011e68       __acrt_DownlevelLocaleNameToLCID 0000000180012e68 f   libucrt:lcidtoname_downlevel.obj
 0001:00011e9c       _fclose_nolock             0000000180012e9c f   libucrt:fclose.obj
 0001:00011f20       fclose                     0000000180012f20 f   libucrt:fclose.obj
 0001:00011f8c       ??$?RV<lambda_b521505b218e5242e90febf6bfebc422>@@AEAV<lambda_6978c1fb23f02e42e1d9e99668cc68aa>@@V<lambda_314360699dd331753a4119843814e9a7>@@@?$__crt_seh_guarded_call@H@@QEAAH$$QEAV<lambda_b521505b218e5242e90febf6bfebc422>@@AEAV<lambda_6978c1fb23f02e42e1d9e99668cc68aa>@@$$QEAV<lambda_314360699dd331753a4119843814e9a7>@@@Z 0000000180012f8c f i libucrt:commit.obj
 0001:00012018       _commit                    0000000180013018 f   libucrt:commit.obj
 0001:0001264c       _write                     000000018001364c f   libucrt:write.obj
 0001:00012738       _write_nolock              0000000180013738 f   libucrt:write.obj
 0001:00012a1c       __acrt_lowio_create_handle_array 0000000180013a1c f   libucrt:osfinfo.obj
 0001:00012ab4       __acrt_lowio_destroy_handle_array 0000000180013ab4 f   libucrt:osfinfo.obj
 0001:00012b04       __acrt_lowio_ensure_fh_exists 0000000180013b04 f   libucrt:osfinfo.obj
 0001:00012bbc       __acrt_lowio_lock_fh       0000000180013bbc f   libucrt:osfinfo.obj
 0001:00012be0       __acrt_lowio_unlock_fh     0000000180013be0 f   libucrt:osfinfo.obj
 0001:00012c04       _free_osfhnd               0000000180013c04 f   libucrt:osfinfo.obj
 0001:00012cc0       _get_osfhandle             0000000180013cc0 f   libucrt:osfinfo.obj
 0001:00012d38       _isleadbyte_l              0000000180013d38 f i libucrt:_wctype.obj
 0001:000130d4       __acrt_LCMapStringA        00000001800140d4 f   libucrt:lcmapstringa.obj
 0001:0001316c       __acrt_add_locale_ref      000000018001416c f   libucrt:locale_refcounting.obj
 0001:000131f8       __acrt_free_locale         00000001800141f8 f   libucrt:locale_refcounting.obj
 0001:00013370       __acrt_locale_add_lc_time_reference 0000000180014370 f   libucrt:locale_refcounting.obj
 0001:00013398       __acrt_locale_free_lc_time_if_unreferenced 0000000180014398 f   libucrt:locale_refcounting.obj
 0001:000133d0       __acrt_locale_release_lc_time_reference 00000001800143d0 f   libucrt:locale_refcounting.obj
 0001:000133f8       __acrt_release_locale_ref  00000001800143f8 f   libucrt:locale_refcounting.obj
 0001:000134a0       __acrt_update_thread_locale_data 00000001800144a0 f   libucrt:locale_refcounting.obj
 0001:00013510       _updatetlocinfoEx_nolock   0000000180014510 f   libucrt:locale_refcounting.obj
 0001:00013578       __acrt_fp_strflt_to_string 0000000180014578 f   libucrt:_fptostr.obj
 0001:00013638       __acrt_fltout              0000000180014638 f   libucrt:cfout.obj
 0001:00014aa8       __acrt_stdio_flush_and_write_narrow_nolock 0000000180015aa8 f   libucrt:_flsbuf.obj
 0001:00014b90       _isatty                    0000000180015b90 f   libucrt:isatty.obj
 0001:00014bf0       __acrt_locale_free_monetary 0000000180015bf0 f   libucrt:initmon.obj
 0001:00014cfc       __acrt_locale_free_numeric 0000000180015cfc f   libucrt:initnum.obj
 0001:00014dc0       __acrt_locale_free_time    0000000180015dc0 f   libucrt:inittime.obj
 0001:00014ec8       __acrt_GetStringTypeA      0000000180015ec8 f   libucrt:getstringtypea.obj
 0001:0001507c       __acrt_stdio_allocate_buffer_nolock 000000018001607c f   libucrt:_getbuf.obj
 0001:000150e0       _getfpcontrolword          00000001800160e0 f   libucrt:_fenvutils.obj
 0001:000150f8       _getfpstatusword           00000001800160f8 f   libucrt:_fenvutils.obj
 0001:0001510c       _setfpcontrolword          000000018001610c f   libucrt:_fenvutils.obj
 0001:00015118       _setfpstatusword           0000000180016118 f   libucrt:_fenvutils.obj
 0001:00015240       qsort                      0000000180016240 f   libucrt:qsort.obj
 0001:00015574       strncpy_s                  0000000180016574 f   libucrt:strncpy_s.obj
 0001:00015648       strpbrk                    0000000180016648 f   libucrt:strpbrk.obj
 0001:000156e8       _mbsdec                    00000001800166e8 f   libucrt:mbsdec.obj
 0001:000156f0       _mbsdec_l                  00000001800166f0 f   libucrt:mbsdec.obj
 0001:000157a0       _msize                     00000001800167a0 f   libucrt:msize.obj
 0001:000157dc       _realloc_base              00000001800167dc f   libucrt:realloc_base.obj
 0001:00015860       ??$?RV<lambda_bfedae4ebbf01fab1bb6dcc6a9e276e0>@@AEAV<lambda_2fe9b910cf3cbf4a0ab98a02ba45b3ec>@@V<lambda_237c231691f317818eb88cc1d5d642d6>@@@?$__crt_seh_guarded_call@H@@QEAAH$$QEAV<lambda_bfedae4ebbf01fab1bb6dcc6a9e276e0>@@AEAV<lambda_2fe9b910cf3cbf4a0ab98a02ba45b3ec>@@$$QEAV<lambda_237c231691f317818eb88cc1d5d642d6>@@@Z 0000000180016860 f i libucrt:close.obj
 0001:000158d4       _close                     00000001800168d4 f   libucrt:close.obj
 0001:00015978       _close_nolock              0000000180016978 f   libucrt:close.obj
 0001:00015a34       ?__acrt_stdio_free_stream@@YAXV__crt_stdio_stream@@@Z 0000000180016a34 f   libucrt:stream.obj
 0001:00015c04       _lseeki64                  0000000180016c04 f   libucrt:lseek.obj
 0001:00015c0c       _lseeki64_nolock           0000000180016c0c f   libucrt:lseek.obj
 0001:00015c14       _putwch_nolock             0000000180016c14 f   libucrt:putwch.obj
 0001:00015c70       _query_app_type            0000000180016c70 f   libucrt:report_runtime_error.obj
 0001:00015c78       __strncnt                  0000000180016c78 f   libucrt:strncnt.obj
 0001:00015c90       fegetenv                   0000000180016c90 f   libucrt:fegetenv.obj
 0001:00015cb0       fesetenv                   0000000180016cb0 f   libucrt:fesetenv.obj
 0001:00015cfc       feholdexcept               0000000180016cfc f   libucrt:feholdexcept.obj
 0001:00015d4c       ceil                       0000000180016d4c f   libucrt:ceil.obj
 0001:00015e10       log10                      0000000180016e10 f   libucrt:log10.obj
 0001:000163bc       _clearfp                   00000001800173bc f   libucrt:ieee.obj
 0001:00016410       _controlfp                 0000000180017410 f   libucrt:ieee.obj
 0001:0001641c       _statusfp                  000000018001741c f   libucrt:ieee.obj
 0001:00016710       _get_fpsr                  0000000180017710 f   libucrt:fpsr.obj
 0001:00016720       _set_fpsr                  0000000180017720 f   libucrt:fpsr.obj
 0001:0001672a       _fclrf                     000000018001772a f   libucrt:fpsr.obj
 0001:0001673e       _frnd                      000000018001773e f   libucrt:fpsr.obj
 0001:00016760       __dcrt_lowio_initialize_console_output 0000000180017760 f   libucrt:initcon.obj
 0001:0001679c       __dcrt_terminate_console_output 000000018001779c f   libucrt:initcon.obj
 0001:000168e0       _handle_error              00000001800178e0 f   libucrt:libm_error.obj
 0001:00016a08       _handle_nan                0000000180017a08 f   libucrt:libm_error.obj
 0001:00016a30       __acrt_initialize_fma3     0000000180017a30 f   libucrt:fma3_available.obj
 0001:00016aa0       _log10_special             0000000180017aa0 f   libucrt:log_special.obj
 0001:00016ac0       _log_special               0000000180017ac0 f   libucrt:log_special.obj
 0001:00016b78       _raise_exc                 0000000180017b78 f   libucrt:fpexcept.obj
 0001:00016ba0       _raise_exc_ex              0000000180017ba0 f   libucrt:fpexcept.obj
 0001:00016ea8       _set_errno_from_matherr    0000000180017ea8 f   libucrt:fpexcept.obj
 0001:00016ed8       _clrfp                     0000000180017ed8 f   libucrt:fpctrl.obj
 0001:00016ef8       _ctrlfp                    0000000180017ef8 f   libucrt:fpctrl.obj
 0001:00016f74       _set_statfp                0000000180017f74 f   libucrt:fpctrl.obj
 0001:00016f94       _statfp                    0000000180017f94 f   libucrt:fpctrl.obj
 0001:00016fa6       IsProcessorFeaturePresent  0000000180017fa6 f   kernel32:KERNEL32.dll
 0001:00016fac       RtlUnwindEx                0000000180017fac f   kernel32:KERNEL32.dll
 0001:00016fb4       ?DloadAcquireSectionWriteAccess@@YAXXZ 0000000180017fb4 f i DelayImp:delayhlp.obj
 0001:00017070       ?DloadGetSRWLockFunctionPointers@@YAEXZ 0000000180018070 f i DelayImp:delayhlp.obj
 0001:0001710c       ?DloadMakePermanentImageCommit@@YAXPEAX_K@Z 000000018001810c f i DelayImp:delayhlp.obj
 0001:000171a4       ?DloadObtainSection@@YAPEAXPEAK0@Z 00000001800181a4 f i DelayImp:delayhlp.obj
 0001:0001723c       ?DloadProtectSection@@YAXKPEAK@Z 000000018001823c f i DelayImp:delayhlp.obj
 0001:000172cc       ?DloadReleaseSectionWriteAccess@@YAXXZ 00000001800182cc f i DelayImp:delayhlp.obj
 0001:00017370       __delayLoadHelper2         0000000180018370 f   DelayImp:delayhlp.obj
 0001:00017670       _FindPESection             0000000180018670 f   LIBCMT:pesect.obj
 0001:000176c0       _IsNonwritableInCurrentImage 00000001800186c0 f   LIBCMT:pesect.obj
 0001:00017710       _ValidateImageBase         0000000180018710 f   LIBCMT:pesect.obj
 0001:00017740       __GSHandlerCheck           0000000180018740 f   LIBCMT:_gshandler_.obj
 0001:00017760       __GSHandlerCheckCommon     0000000180018760 f   LIBCMT:_gshandler_.obj
 0001:000177d0       __chkstk                   00000001800187d0 f   LIBCMT:_chkstk_.obj
 0001:000177d0       _alloca_probe              00000001800187d0 f   LIBCMT:_chkstk_.obj
 0001:00017840       memcpy                     0000000180018840 f   libvcruntime:memcpy.obj
 0001:00017840       memmove                    0000000180018840 f   libvcruntime:memcpy.obj
 0001:00017c78       strrchr                    0000000180018c78 f   libvcruntime:strrchr.obj
 0001:00017dd0       memcmp                     0000000180018dd0 f   libvcruntime:memcmp.obj
 0001:00017e98       floor                      0000000180018e98 f   libucrt:floor.obj
 0001:00017f50       log                        0000000180018f50 f   libucrt:log.obj
 0001:0001847c       sqrt                       000000018001947c f   libucrt:sqrt.obj
 0001:00018560       _guard_dispatch_icall_nop  0000000180019560 f   LIBCMT:_guard_dispatch_.obj
 0002:00000000       __imp_GetModuleHandleA     000000018001a000     kernel32:KERNEL32.dll
 0002:00000008       __imp_RtlCaptureContext    000000018001a008     kernel32:KERNEL32.dll
 0002:00000010       __imp_RtlLookupFunctionEntry 000000018001a010     kernel32:KERNEL32.dll
 0002:00000018       __imp_RtlVirtualUnwind     000000018001a018     kernel32:KERNEL32.dll
 0002:00000020       __imp_UnhandledExceptionFilter 000000018001a020     kernel32:KERNEL32.dll
 0002:00000028       __imp_SetUnhandledExceptionFilter 000000018001a028     kernel32:KERNEL32.dll
 0002:00000030       __imp_GetCurrentProcess    000000018001a030     kernel32:KERNEL32.dll
 0002:00000038       __imp_TerminateProcess     000000018001a038     kernel32:KERNEL32.dll
 0002:00000040       __imp_IsProcessorFeaturePresent 000000018001a040     kernel32:KERNEL32.dll
 0002:00000048       __imp_QueryPerformanceCounter 000000018001a048     kernel32:KERNEL32.dll
 0002:00000050       __imp_GetCurrentProcessId  000000018001a050     kernel32:KERNEL32.dll
 0002:00000058       __imp_GetCurrentThreadId   000000018001a058     kernel32:KERNEL32.dll
 0002:00000060       __imp_GetSystemTimeAsFileTime 000000018001a060     kernel32:KERNEL32.dll
 0002:00000068       __imp_InitializeSListHead  000000018001a068     kernel32:KERNEL32.dll
 0002:00000070       __imp_IsDebuggerPresent    000000018001a070     kernel32:KERNEL32.dll
 0002:00000078       __imp_GetStartupInfoW      000000018001a078     kernel32:KERNEL32.dll
 0002:00000080       __imp_GetModuleHandleW     000000018001a080     kernel32:KERNEL32.dll
 0002:00000088       __imp_RtlUnwindEx          000000018001a088     kernel32:KERNEL32.dll
 0002:00000090       __imp_InterlockedFlushSList 000000018001a090     kernel32:KERNEL32.dll
 0002:00000098       __imp_RtlPcToFileHeader    000000018001a098     kernel32:KERNEL32.dll
 0002:000000a0       __imp_RaiseException       000000018001a0a0     kernel32:KERNEL32.dll
 0002:000000a8       __imp_GetLastError         000000018001a0a8     kernel32:KERNEL32.dll
 0002:000000b0       __imp_SetLastError         000000018001a0b0     kernel32:KERNEL32.dll
 0002:000000b8       __imp_EnterCriticalSection 000000018001a0b8     kernel32:KERNEL32.dll
 0002:000000c0       __imp_LeaveCriticalSection 000000018001a0c0     kernel32:KERNEL32.dll
 0002:000000c8       __imp_DeleteCriticalSection 000000018001a0c8     kernel32:KERNEL32.dll
 0002:000000d0       __imp_InitializeCriticalSectionAndSpinCount 000000018001a0d0     kernel32:KERNEL32.dll
 0002:000000d8       __imp_TlsAlloc             000000018001a0d8     kernel32:KERNEL32.dll
 0002:000000e0       __imp_TlsGetValue          000000018001a0e0     kernel32:KERNEL32.dll
 0002:000000e8       __imp_TlsSetValue          000000018001a0e8     kernel32:KERNEL32.dll
 0002:000000f0       __imp_TlsFree              000000018001a0f0     kernel32:KERNEL32.dll
 0002:000000f8       __imp_FreeLibrary          000000018001a0f8     kernel32:KERNEL32.dll
 0002:00000100       __imp_GetProcAddress       000000018001a100     kernel32:KERNEL32.dll
 0002:00000108       __imp_LoadLibraryExW       000000018001a108     kernel32:KERNEL32.dll
 0002:00000110       __imp_ExitProcess          000000018001a110     kernel32:KERNEL32.dll
 0002:00000118       __imp_GetModuleHandleExW   000000018001a118     kernel32:KERNEL32.dll
 0002:00000120       __imp_GetModuleFileNameA   000000018001a120     kernel32:KERNEL32.dll
 0002:00000128       __imp_MultiByteToWideChar  000000018001a128     kernel32:KERNEL32.dll
 0002:00000130       __imp_WideCharToMultiByte  000000018001a130     kernel32:KERNEL32.dll
 0002:00000138       __imp_HeapFree             000000018001a138     kernel32:KERNEL32.dll
 0002:00000140       __imp_HeapAlloc            000000018001a140     kernel32:KERNEL32.dll
 0002:00000148       __imp_LCMapStringW         000000018001a148     kernel32:KERNEL32.dll
 0002:00000150       __imp_GetStdHandle         000000018001a150     kernel32:KERNEL32.dll
 0002:00000158       __imp_GetFileType          000000018001a158     kernel32:KERNEL32.dll
 0002:00000160       __imp_GetACP               000000018001a160     kernel32:KERNEL32.dll
 0002:00000168       __imp_GetStringTypeW       000000018001a168     kernel32:KERNEL32.dll
 0002:00000170       __imp_FindClose            000000018001a170     kernel32:KERNEL32.dll
 0002:00000178       __imp_FindFirstFileExA     000000018001a178     kernel32:KERNEL32.dll
 0002:00000180       __imp_FindNextFileA        000000018001a180     kernel32:KERNEL32.dll
 0002:00000188       __imp_IsValidCodePage      000000018001a188     kernel32:KERNEL32.dll
 0002:00000190       __imp_GetOEMCP             000000018001a190     kernel32:KERNEL32.dll
 0002:00000198       __imp_GetCPInfo            000000018001a198     kernel32:KERNEL32.dll
 0002:000001a0       __imp_GetCommandLineA      000000018001a1a0     kernel32:KERNEL32.dll
 0002:000001a8       __imp_GetCommandLineW      000000018001a1a8     kernel32:KERNEL32.dll
 0002:000001b0       __imp_GetEnvironmentStringsW 000000018001a1b0     kernel32:KERNEL32.dll
 0002:000001b8       __imp_FreeEnvironmentStringsW 000000018001a1b8     kernel32:KERNEL32.dll
 0002:000001c0       __imp_GetProcessHeap       000000018001a1c0     kernel32:KERNEL32.dll
 0002:000001c8       __imp_FlushFileBuffers     000000018001a1c8     kernel32:KERNEL32.dll
 0002:000001d0       __imp_WriteFile            000000018001a1d0     kernel32:KERNEL32.dll
 0002:000001d8       __imp_GetConsoleCP         000000018001a1d8     kernel32:KERNEL32.dll
 0002:000001e0       __imp_GetConsoleMode       000000018001a1e0     kernel32:KERNEL32.dll
 0002:000001e8       __imp_SetStdHandle         000000018001a1e8     kernel32:KERNEL32.dll
 0002:000001f0       __imp_HeapSize             000000018001a1f0     kernel32:KERNEL32.dll
 0002:000001f8       __imp_HeapReAlloc          000000018001a1f8     kernel32:KERNEL32.dll
 0002:00000200       __imp_CloseHandle          000000018001a200     kernel32:KERNEL32.dll
 0002:00000208       __imp_SetFilePointerEx     000000018001a208     kernel32:KERNEL32.dll
 0002:00000210       __imp_WriteConsoleW        000000018001a210     kernel32:KERNEL32.dll
 0002:00000218       __imp_CreateFileW          000000018001a218     kernel32:KERNEL32.dll
 0002:00000220       __imp_GetSystemInfo        000000018001a220     kernel32:KERNEL32.dll
 0002:00000228       __imp_VirtualProtect       000000018001a228     kernel32:KERNEL32.dll
 0002:00000230       __imp_VirtualQuery         000000018001a230     kernel32:KERNEL32.dll
 0002:00000238       __imp_LoadLibraryExA       000000018001a238     kernel32:KERNEL32.dll
 0002:00000240       \177KERNEL32_NULL_THUNK_DATA 000000018001a240     kernel32:KERNEL32.dll
 0002:00000248       __guard_check_icall_fptr   000000018001a248     LIBCMT:guard_support.obj
 0002:00000250       __guard_dispatch_icall_fptr 000000018001a250     LIBCMT:guard_support.obj
 0002:00000258       __xc_a                     000000018001a258     LIBCMT:initializers.obj
 0002:00000260       _register_addon_           000000018001a260     addon.obj
 0002:00000268       __xc_z                     000000018001a268     LIBCMT:initializers.obj
 0002:00000270       __xi_a                     000000018001a270     LIBCMT:initializers.obj
 0002:00000278       __acrt_stdio_initializer   000000018001a278     libucrt:stdio_initializer.obj
 0002:00000280       __acrt_multibyte_initializer 000000018001a280     libucrt:multibyte_initializer.obj
 0002:00000288       __acrt_tran_fma3_initializer 000000018001a288     libucrt:fma3_initializer.obj
 0002:00000290       __xi_z                     000000018001a290     LIBCMT:initializers.obj
 0002:00000298       __xp_a                     000000018001a298     LIBCMT:initializers.obj
 0002:000002a0       __acrt_locale_terminator   000000018001a2a0     libucrt:locale_initializer.obj
 0002:000002a8       __dcrt_console_output_terminator 000000018001a2a8     libucrt:console_output_initializer.obj
 0002:000002b0       __acrt_stdio_terminator    000000018001a2b0     libucrt:stdio_initializer.obj
 0002:000002b8       __xp_z                     000000018001a2b8     LIBCMT:initializers.obj
 0002:000002c0       __xt_a                     000000018001a2c0     LIBCMT:initializers.obj
 0002:000002c8       __xt_z                     000000018001a2c8     LIBCMT:initializers.obj
 0002:000002d0       __sz_node_exe              000000018001a2d0     node:node.exe
 0002:000002e8       ??_7type_info@@6B@         000000018001a2e8     LIBCMT:std_type_info_static.obj
 0002:000002f0       _pDefaultRawDllMain        000000018001a2f0     LIBCMT:dll_dllmain.obj
 0002:000002f0       _pRawDllMain               000000018001a2f0     LIBCMT:dll_dllmain.obj
 0002:00000310       ??_7exception@std@@6B@     000000018001a310     libcpmt:xthrow.obj
 0002:00000320       ??_C@_0BC@EOODALEL@Unknown?5exception?$AA@ 000000018001a320     libcpmt:xthrow.obj
 0002:00000340       ??_7bad_function_call@std@@6B@ 000000018001a340     libcpmt:xthrow.obj
 0002:00000350       ??_C@_0BC@DPJNKNAF@bad?5function?5call?$AA@ 000000018001a350     libcpmt:xthrow.obj
 0002:000003d0       ??_C@_1BC@DNHGCMLG@?$AAa?$AAd?$AAv?$AAa?$AAp?$AAi?$AA3?$AA2?$AA?$AA@ 000000018001a3d0     libvcruntime:winapi_downlevel.obj
 0002:000003e8       ??_C@_1DM@KHCHBNEB@?$AAa?$AAp?$AAi?$AA?9?$AAm?$AAs?$AA?9?$AAw?$AAi?$AAn?$AA?9?$AAc?$AAo?$AAr?$AAe?$AA?9?$AAf?$AAi?$AAb?$AAe?$AAr?$AAs?$AA?9?$AAl?$AA1?$AA?9?$AA1?$AA?9?$AA1?$AA?$AA@ 000000018001a3e8     libvcruntime:winapi_downlevel.obj
 0002:00000428       ??_C@_1DK@LPPGFMPP@?$AAa?$AAp?$AAi?$AA?9?$AAm?$AAs?$AA?9?$AAw?$AAi?$AAn?$AA?9?$AAc?$AAo?$AAr?$AAe?$AA?9?$AAs?$AAy?$AAn?$AAc?$AAh?$AA?9?$AAl?$AA1?$AA?9?$AA2?$AA?9?$AA0?$AA?$AA@ 000000018001a428     libvcruntime:winapi_downlevel.obj
 0002:00000468       ??_C@_1BC@GDMECMAK@?$AAk?$AAe?$AAr?$AAn?$AAe?$AAl?$AA3?$AA2?$AA?$AA@ 000000018001a468     libvcruntime:winapi_downlevel.obj
 0002:00000488       ??_C@_08KNHFBNJ@FlsAlloc?$AA@ 000000018001a488     libvcruntime:winapi_downlevel.obj
 0002:000004a0       ??_C@_07PEJMOBNF@FlsFree?$AA@ 000000018001a4a0     libvcruntime:winapi_downlevel.obj
 0002:000004b0       ??_C@_0M@GDNOONDI@FlsGetValue?$AA@ 000000018001a4b0     libvcruntime:winapi_downlevel.obj
 0002:000004c8       ??_C@_0M@JCPCPOEF@FlsSetValue?$AA@ 000000018001a4c8     libvcruntime:winapi_downlevel.obj
 0002:000004e0       ??_C@_0BM@HCFOFFN@InitializeCriticalSectionEx?$AA@ 000000018001a4e0     libvcruntime:winapi_downlevel.obj
 0002:00000820       ??_C@_08EHJDFFNH@__based?$CI?$AA@ 000000018001a820     libvcruntime:undname.obj
 0002:00000830       ??_C@_07KOLFKCDI@__cdecl?$AA@ 000000018001a830     libvcruntime:undname.obj
 0002:00000838       ??_C@_08GHMPAG@__pascal?$AA@ 000000018001a838     libvcruntime:undname.obj
 0002:00000848       ??_C@_09IFJBGAPI@__stdcall?$AA@ 000000018001a848     libvcruntime:undname.obj
 0002:00000858       ??_C@_0L@NPHFGOKO@__thiscall?$AA@ 000000018001a858     libvcruntime:undname.obj
 0002:00000868       ??_C@_0L@JMKHOMEK@__fastcall?$AA@ 000000018001a868     libvcruntime:undname.obj
 0002:00000878       ??_C@_0N@BCKKPABJ@__vectorcall?$AA@ 000000018001a878     libvcruntime:undname.obj
 0002:00000888       ??_C@_09HIJEGCPM@__clrcall?$AA@ 000000018001a888     libvcruntime:undname.obj
 0002:00000894       ??_C@_06GHPCKEAG@__eabi?$AA@ 000000018001a894     libvcruntime:undname.obj
 0002:000008a0       ??_C@_07JOMMBBKO@__ptr64?$AA@ 000000018001a8a0     libvcruntime:undname.obj
 0002:000008a8       ??_C@_0L@PILCLIHE@__restrict?$AA@ 000000018001a8a8     libvcruntime:undname.obj
 0002:000008b8       ??_C@_0M@GFIIJFMG@__unaligned?$AA@ 000000018001a8b8     libvcruntime:undname.obj
 0002:000008c8       ??_C@_09DHDLOLLB@restrict?$CI?$AA@ 000000018001a8c8     libvcruntime:undname.obj
 0002:000008d2       ??_C@_00CNPNBAHC@?$AA@     000000018001a8d2     libvcruntime:undname.obj
 0002:000008d4       ??_C@_04NIHEBCM@?5new?$AA@ 000000018001a8d4     libvcruntime:undname.obj
 0002:000008e0       ??_C@_07FPCDHGMM@?5delete?$AA@ 000000018001a8e0     libvcruntime:undname.obj
 0002:000008e8       ??_C@_01NEMOKFLO@?$DN?$AA@ 000000018001a8e8     libvcruntime:undname.obj
 0002:000008ec       ??_C@_02GPIOPFAK@?$DO?$DO?$AA@ 000000018001a8ec     libvcruntime:undname.obj
 0002:000008f0       ??_C@_02FODMEDOG@?$DM?$DM?$AA@ 000000018001a8f0     libvcruntime:undname.obj
 0002:000008f4       ??_C@_01DCLJPIOD@?$CB?$AA@ 000000018001a8f4     libvcruntime:undname.obj
 0002:000008f8       ??_C@_02EGOFBIJA@?$DN?$DN?$AA@ 000000018001a8f8     libvcruntime:undname.obj
 0002:000008fc       ??_C@_02FDNJECIE@?$CB?$DN?$AA@ 000000018001a8fc     libvcruntime:undname.obj
 0002:00000900       ??_C@_02GPECMEKF@?$FL?$FN?$AA@ 000000018001a900     libvcruntime:undname.obj
 0002:00000908       ??_C@_08LHJFAFGD@operator?$AA@ 000000018001a908     libvcruntime:undname.obj
 0002:00000914       ??_C@_02HBOOOICD@?9?$DO?$AA@ 000000018001a914     libvcruntime:undname.obj
 0002:00000918       ??_C@_01NBENCBCI@?$CK?$AA@ 000000018001a918     libvcruntime:undname.obj
 0002:0000091c       ??_C@_02ECNGHCIF@?$CL?$CL?$AA@ 000000018001a91c     libvcruntime:undname.obj
 0002:00000920       ??_C@_02BAABKJLB@?9?9?$AA@ 000000018001a920     libvcruntime:undname.obj
 0002:00000924       ??_C@_01JOAMLHOP@?9?$AA@   000000018001a924     libvcruntime:undname.obj
 0002:00000928       ??_C@_01MIFGBAGJ@?$CL?$AA@ 000000018001a928     libvcruntime:undname.obj
 0002:0000092c       ??_C@_01HNPIGOCE@?$CG?$AA@ 000000018001a92c     libvcruntime:undname.obj
 0002:00000930       ??_C@_03MNHNFDLC@?9?$DO?$CK?$AA@ 000000018001a930     libvcruntime:undname.obj
 0002:00000934       ??_C@_01KMDKNFGN@?1?$AA@   000000018001a934     libvcruntime:undname.obj
 0002:00000938       ??_C@_01FGNFDNOH@?$CF?$AA@ 000000018001a938     libvcruntime:undname.obj
 0002:0000093c       ??_C@_01MNNFJEPP@?$DM?$AA@ 000000018001a93c     libvcruntime:undname.obj
 0002:00000940       ??_C@_02EHCHHCKH@?$DM?$DN?$AA@ 000000018001a940     libvcruntime:undname.obj
 0002:00000944       ??_C@_01PPODPGHN@?$DO?$AA@ 000000018001a944     libvcruntime:undname.obj
 0002:00000948       ??_C@_02EEKDKGMJ@?$DO?$DN?$AA@ 000000018001a948     libvcruntime:undname.obj
 0002:0000094c       ??_C@_01IHBHIGKO@?0?$AA@   000000018001a94c     libvcruntime:undname.obj
 0002:00000950       ??_C@_02HCKGKOFO@?$CI?$CJ?$AA@ 000000018001a950     libvcruntime:undname.obj
 0002:00000954       ??_C@_01PJKLJHI@?$HO?$AA@  000000018001a954     libvcruntime:undname.obj
 0002:00000958       ??_C@_01JKBOJNNK@?$FO?$AA@ 000000018001a958     libvcruntime:undname.obj
 0002:0000095c       ??_C@_01DNKMNLPK@?$HM?$AA@ 000000018001a95c     libvcruntime:undname.obj
 0002:00000960       ??_C@_02PPKAJPJL@?$CG?$CG?$AA@ 000000018001a960     libvcruntime:undname.obj
 0002:00000964       ??_C@_02NONPIBCD@?$HM?$HM?$AA@ 000000018001a964     libvcruntime:undname.obj
 0002:00000968       ??_C@_02FPIMKNGF@?$CK?$DN?$AA@ 000000018001a968     libvcruntime:undname.obj
 0002:0000096c       ??_C@_02FOEOMHFC@?$CL?$DN?$AA@ 000000018001a96c     libvcruntime:undname.obj
 0002:00000970       ??_C@_02FKMDLLOA@?9?$DN?$AA@ 000000018001a970     libvcruntime:undname.obj
 0002:00000974       ??_C@_02FJEHGPIO@?1?$DN?$AA@ 000000018001a974     libvcruntime:undname.obj
 0002:00000978       ??_C@_02FENAOKFI@?$CF?$DN?$AA@ 000000018001a978     libvcruntime:undname.obj
 0002:0000097c       ??_C@_03IKFCCPFF@?$DO?$DO?$DN?$AA@ 000000018001a97c     libvcruntime:undname.obj
 0002:00000980       ??_C@_03CDNPDDLA@?$DM?$DM?$DN?$AA@ 000000018001a980     libvcruntime:undname.obj
 0002:00000984       ??_C@_02FGJGFEAB@?$CG?$DN?$AA@ 000000018001a984     libvcruntime:undname.obj
 0002:00000988       ??_C@_02DHLNPPGH@?$HM?$DN?$AA@ 000000018001a988     libvcruntime:undname.obj
 0002:0000098c       ??_C@_02MHEGNOJ@?$FO?$DN?$AA@ 000000018001a98c     libvcruntime:undname.obj
 0002:00000990       ??_C@_09IFPLHPGF@?$GAvftable?8?$AA@ 000000018001a990     libvcruntime:undname.obj
 0002:000009a0       ??_C@_09BLBHBJP@?$GAvbtable?8?$AA@ 000000018001a9a0     libvcruntime:undname.obj
 0002:000009b0       ??_C@_07FEEIOKP@?$GAvcall?8?$AA@ 000000018001a9b0     libvcruntime:undname.obj
 0002:000009b8       ??_C@_08LLFFHHDJ@?$GAtypeof?8?$AA@ 000000018001a9b8     libvcruntime:undname.obj
 0002:000009c8       ??_C@_0BF@KDPPACIK@?$GAlocal?5static?5guard?8?$AA@ 000000018001a9c8     libvcruntime:undname.obj
 0002:000009e0       ??_C@_08OBABFOLI@?$GAstring?8?$AA@ 000000018001a9e0     libvcruntime:undname.obj
 0002:000009f0       ??_C@_0BD@JDLKDPAB@?$GAvbase?5destructor?8?$AA@ 000000018001a9f0     libvcruntime:undname.obj
 0002:00000a08       ??_C@_0BN@DEGPLNFK@?$GAvector?5deleting?5destructor?8?$AA@ 000000018001aa08     libvcruntime:undname.obj
 0002:00000a28       ??_C@_0BO@OBMKPJIG@?$GAdefault?5constructor?5closure?8?$AA@ 000000018001aa28     libvcruntime:undname.obj
 0002:00000a48       ??_C@_0BN@IMDCHIKM@?$GAscalar?5deleting?5destructor?8?$AA@ 000000018001aa48     libvcruntime:undname.obj
 0002:00000a68       ??_C@_0BO@PFGOCPJJ@?$GAvector?5constructor?5iterator?8?$AA@ 000000018001aa68     libvcruntime:undname.obj
 0002:00000a88       ??_C@_0BN@LFPFMEDL@?$GAvector?5destructor?5iterator?8?$AA@ 000000018001aa88     libvcruntime:undname.obj
 0002:00000aa8       ??_C@_0CE@IKBNEHA@?$GAvector?5vbase?5constructor?5iterat@ 000000018001aaa8     libvcruntime:undname.obj
 0002:00000ad0       ??_C@_0BL@NILFHHPC@?$GAvirtual?5displacement?5map?8?$AA@ 000000018001aad0     libvcruntime:undname.obj
 0002:00000af0       ??_C@_0CB@JONCMFFK@?$GAeh?5vector?5constructor?5iterator?8@ 000000018001aaf0     libvcruntime:undname.obj
 0002:00000b18       ??_C@_0CA@GCEOPDGL@?$GAeh?5vector?5destructor?5iterator?8?$AA@ 000000018001ab18     libvcruntime:undname.obj
 0002:00000b38       ??_C@_0CH@OOJPLCPH@?$GAeh?5vector?5vbase?5constructor?5ite@ 000000018001ab38     libvcruntime:undname.obj
 0002:00000b60       ??_C@_0BL@LLKPOHJI@?$GAcopy?5constructor?5closure?8?$AA@ 000000018001ab60     libvcruntime:undname.obj
 0002:00000b80       ??_C@_0BA@KBCDOMBN@?$GAudt?5returning?8?$AA@ 000000018001ab80     libvcruntime:undname.obj
 0002:00000b90       ??_C@_03KLGMFNMG@?$GAEH?$AA@ 000000018001ab90     libvcruntime:undname.obj
 0002:00000b94       ??_C@_05KHLCHHI@?$GARTTI?$AA@ 000000018001ab94     libvcruntime:undname.obj
 0002:00000ba0       ??_C@_0BA@KKLDJDLB@?$GAlocal?5vftable?8?$AA@ 000000018001aba0     libvcruntime:undname.obj
 0002:00000bb0       ??_C@_0CE@IIHCMGGL@?$GAlocal?5vftable?5constructor?5closu@ 000000018001abb0     libvcruntime:undname.obj
 0002:00000bd4       ??_C@_06FHBGPFGH@?5new?$FL?$FN?$AA@ 000000018001abd4     libvcruntime:undname.obj
 0002:00000be0       ??_C@_09LBNFPBCA@?5delete?$FL?$FN?$AA@ 000000018001abe0     libvcruntime:undname.obj
 0002:00000bf0       ??_C@_0P@HJKNJFNN@?$GAomni?5callsig?8?$AA@ 000000018001abf0     libvcruntime:undname.obj
[...]
 0004:00000d38       $pdata$_setmbcp_nolock     0000000180028d38     libucrt:mbctype.obj
 0004:00000d44       $pdata$?x_ismbbtype_l@@YAHPEAU__crt_locale_pointers@@IHH@Z 0000000180028d44     libucrt:ismbbyte.obj
 0004:00000d50       $pdata$__acrt_initialize_command_line 0000000180028d50     libucrt:argv_data.obj
 0004:00000d5c       $pdata$__dcrt_get_narrow_environment_from_os 0000000180028d5c     libucrt:get_environment_from_os.obj
 0004:00000d68       $pdata$_recalloc_base      0000000180028d68     libucrt:recalloc.obj
 0004:00000d74       $pdata$__acrt_initialize_heap 0000000180028d74     libucrt:heap_handle.obj
 0004:00000d80       $pdata$__acrt_execute_initializers 0000000180028d80     libucrt:shared_initialization.obj
 0004:00000d8c       $pdata$__acrt_execute_uninitializers 0000000180028d8c     libucrt:shared_initialization.obj
 0004:00000d98       $pdata$_callnewh           0000000180028d98     libucrt:new_handler.obj
 0004:00000da4       $pdata$_query_new_handler  0000000180028da4     libucrt:new_handler.obj
 0004:00000db0       $pdata$??$?RV<lambda_c36588078e9f5dfd39652860aa6b3aaf>@@AEAV<lambda_ec61778202f4f5fc7e7711acc23c3bca>@@V<lambda_dc9d2797ccde5d239b4a0efae8ebd7db>@@@?$__crt_seh_guarded_call@P6AXH@Z@@QEAAP6AXH@Z$$QEAV<lambda_c36588078e9f5dfd39652860aa6b3aaf>@@AEAV<lambda_ec61778202f4f5fc7e7711acc23c3bca>@@$$QEAV<lambda_dc9d2797ccde5d239b4a0efae8ebd7db>@@@Z 0000000180028db0     libucrt:signal.obj
 0004:00000dbc       $pdata$__acrt_get_sigabrt_handler 0000000180028dbc     libucrt:signal.obj
 0004:00000dc8       $pdata$raise               0000000180028dc8     libucrt:signal.obj
 0004:00000dd4       $pdata$__acrt_invoke_user_matherr 0000000180028dd4     libucrt:matherr.obj
 0004:00000de0       $pdata$?GetTableIndexFromLocaleName@@YAHPEB_W@Z 0000000180028de0     libucrt:lcidtoname_downlevel.obj
 0004:00000dec       $pdata$__acrt_DownlevelLocaleNameToLCID 0000000180028dec     libucrt:lcidtoname_downlevel.obj
 0004:00000df8       $pdata$_fclose_nolock      0000000180028df8     libucrt:fclose.obj
 0004:00000e04       $pdata$fclose              0000000180028e04     libucrt:fclose.obj
 0004:00000e10       $pdata$??$?RV<lambda_b521505b218e5242e90febf6bfebc422>@@AEAV<lambda_6978c1fb23f02e42e1d9e99668cc68aa>@@V<lambda_314360699dd331753a4119843814e9a7>@@@?$__crt_seh_guarded_call@H@@QEAAH$$QEAV<lambda_b521505b218e5242e90febf6bfebc422>@@AEAV<lambda_6978c1fb23f02e42e1d9e99668cc68aa>@@$$QEAV<lambda_314360699dd331753a4119843814e9a7>@@@Z 0000000180028e10     libucrt:commit.obj
 0004:00000e1c       $pdata$_commit             0000000180028e1c     libucrt:commit.obj
 0004:00000e28       $pdata$?write_double_translated_ansi_nolock@@YA?AUwrite_result@?A0x9c548279@@HQEBDI@Z 0000000180028e28     libucrt:write.obj
 0004:00000e34       $pdata$?write_text_ansi_nolock@@YA?AUwrite_result@?A0x9c548279@@HQEBDI@Z 0000000180028e34     libucrt:write.obj
 0004:00000e40       $pdata$?write_text_utf16le_nolock@@YA?AUwrite_result@?A0x9c548279@@HQEBDI@Z 0000000180028e40     libucrt:write.obj
 0004:00000e4c       $pdata$?write_text_utf8_nolock@@YA?AUwrite_result@?A0x9c548279@@HQEBDI@Z 0000000180028e4c     libucrt:write.obj
 0004:00000e58       $pdata$_write              0000000180028e58     libucrt:write.obj
 0004:00000e64       $pdata$_write_nolock       0000000180028e64     libucrt:write.obj
 0004:00000e70       $pdata$__acrt_lowio_create_handle_array 0000000180028e70     libucrt:osfinfo.obj
 0004:00000e7c       $pdata$__acrt_lowio_destroy_handle_array 0000000180028e7c     libucrt:osfinfo.obj
 0004:00000e88       $pdata$__acrt_lowio_ensure_fh_exists 0000000180028e88     libucrt:osfinfo.obj
 0004:00000e94       $pdata$_free_osfhnd        0000000180028e94     libucrt:osfinfo.obj
 0004:00000ea0       $pdata$_get_osfhandle      0000000180028ea0     libucrt:osfinfo.obj
 0004:00000eac       $pdata$_isleadbyte_l       0000000180028eac     libucrt:_wctype.obj
 0004:00000eb8       $pdata$?__acrt_LCMapStringA_stat@@YAHPEAU__crt_locale_pointers@@PEB_WKPEBDHPEADHHH@Z 0000000180028eb8     libucrt:lcmapstringa.obj
 0004:00000ec4       $pdata$__acrt_LCMapStringA 0000000180028ec4     libucrt:lcmapstringa.obj
 0004:00000ed0       $pdata$__acrt_free_locale  0000000180028ed0     libucrt:locale_refcounting.obj
 0004:00000edc       $pdata$__acrt_locale_free_lc_time_if_unreferenced 0000000180028edc     libucrt:locale_refcounting.obj
 0004:00000ee8       $pdata$__acrt_release_locale_ref 0000000180028ee8     libucrt:locale_refcounting.obj
 0004:00000ef4       $pdata$__acrt_update_thread_locale_data 0000000180028ef4     libucrt:locale_refcounting.obj
 0004:00000f00       $pdata$_updatetlocinfoEx_nolock 0000000180028f00     libucrt:locale_refcounting.obj
 0004:00000f0c       $pdata$__acrt_fp_strflt_to_string 0000000180028f0c     libucrt:_fptostr.obj
 0004:00000f18       $pdata$__acrt_fltout       0000000180028f18     libucrt:cfout.obj
 0004:00000f24       $pdata$??$write_buffer_nolock@D@@YA_NDV__crt_stdio_stream@@@Z 0000000180028f24     libucrt:_flsbuf.obj
 0004:00000f30       $pdata$__acrt_stdio_flush_and_write_narrow_nolock 0000000180028f30     libucrt:_flsbuf.obj
 0004:00000f3c       $pdata$_isatty             0000000180028f3c     libucrt:isatty.obj
 0004:00000f48       $pdata$__acrt_locale_free_monetary 0000000180028f48     libucrt:initmon.obj
 0004:00000f54       $pdata$__acrt_locale_free_numeric 0000000180028f54     libucrt:initnum.obj
 0004:00000f60       $pdata$?free_crt_array_internal@@YAXQEAPEBX_K@Z 0000000180028f60     libucrt:inittime.obj
 0004:00000f6c       $pdata$__acrt_locale_free_time 0000000180028f6c     libucrt:inittime.obj
 0004:00000f78       $pdata$__acrt_GetStringTypeA 0000000180028f78     libucrt:getstringtypea.obj
 0004:00000f84       $pdata$__acrt_stdio_allocate_buffer_nolock 0000000180028f84     libucrt:_getbuf.obj
 0004:00000f90       $pdata$_getfpcontrolword   0000000180028f90     libucrt:_fenvutils.obj
 0004:00000f9c       $pdata$_getfpstatusword    0000000180028f9c     libucrt:_fenvutils.obj
 0004:00000fa8       $pdata$_setfpstatusword    0000000180028fa8     libucrt:_fenvutils.obj
 0004:00000fb4       $pdata$?shortsort@@YAXPEAD0_KP6AHPEBX2@Z@Z 0000000180028fb4     libucrt:qsort.obj
 0004:00000fc0       $pdata$2$?shortsort@@YAXPEAD0_KP6AHPEBX2@Z@Z 0000000180028fc0     libucrt:qsort.obj
 0004:00000fcc       $pdata$3$?shortsort@@YAXPEAD0_KP6AHPEBX2@Z@Z 0000000180028fcc     libucrt:qsort.obj
 0004:00000fd8       $pdata$qsort               0000000180028fd8     libucrt:qsort.obj
 0004:00000fe4       $pdata$4$qsort             0000000180028fe4     libucrt:qsort.obj
 0004:00000ff0       $pdata$5$qsort             0000000180028ff0     libucrt:qsort.obj
 0004:00000ffc       $pdata$strncpy_s           0000000180028ffc     libucrt:strncpy_s.obj
 0004:00001008       $pdata$strpbrk             0000000180029008     libucrt:strpbrk.obj
 0004:00001014       $pdata$_mbsdec_l           0000000180029014     libucrt:mbsdec.obj
 0004:00001020       $pdata$?initialize_multibyte@@YAHXZ 0000000180029020     libucrt:multibyte_initializer.obj
 0004:0000102c       $pdata$_msize              000000018002902c     libucrt:msize.obj
 0004:00001038       $pdata$_realloc_base       0000000180029038     libucrt:realloc_base.obj
 0004:00001044       $pdata$??$?RV<lambda_bfedae4ebbf01fab1bb6dcc6a9e276e0>@@AEAV<lambda_2fe9b910cf3cbf4a0ab98a02ba45b3ec>@@V<lambda_237c231691f317818eb88cc1d5d642d6>@@@?$__crt_seh_guarded_call@H@@QEAAH$$QEAV<lambda_bfedae4ebbf01fab1bb6dcc6a9e276e0>@@AEAV<lambda_2fe9b910cf3cbf4a0ab98a02ba45b3ec>@@$$QEAV<lambda_237c231691f317818eb88cc1d5d642d6>@@@Z 0000000180029044     libucrt:close.obj
 0004:00001050       $pdata$_close              0000000180029050     libucrt:close.obj
 0004:0000105c       $pdata$_close_nolock       000000018002905c     libucrt:close.obj
 0004:00001068       $pdata$??$common_lseek@_J@@YA_JH_JH@Z 0000000180029068     libucrt:lseek.obj
 0004:00001074       $pdata$??$common_lseek_nolock@_J@@YA_JH_JH@Z 0000000180029074     libucrt:lseek.obj
 0004:00001080       $pdata$_putwch_nolock      0000000180029080     libucrt:putwch.obj
 0004:0000108c       $pdata$fegetenv            000000018002908c     libucrt:fegetenv.obj
 0004:00001098       $pdata$fesetenv            0000000180029098     libucrt:fesetenv.obj
 0004:000010a4       $pdata$feholdexcept        00000001800290a4     libucrt:feholdexcept.obj
 0004:000010bc       $pdata$_clearfp            00000001800290bc     libucrt:ieee.obj
 0004:000010c8       $pdata$common_control87    00000001800290c8     libucrt:ieee.obj
 0004:000010e0       $pdata$__dcrt_lowio_initialize_console_output 00000001800290e0     libucrt:initcon.obj
 0004:000010ec       $pdata$__dcrt_terminate_console_output 00000001800290ec     libucrt:initcon.obj
 0004:000010f8       $pdata$_call_matherr       00000001800290f8     libucrt:libm_error.obj
 0004:00001104       $pdata$_exception_enabled  0000000180029104     libucrt:libm_error.obj
 0004:00001110       $pdata$_handle_error       0000000180029110     libucrt:libm_error.obj
 0004:0000111c       $pdata$__acrt_initialize_fma3 000000018002911c     libucrt:fma3_available.obj
 0004:00001128       $pdata$_log10_special      0000000180029128     libucrt:log_special.obj
 0004:00001134       $pdata$_log_special        0000000180029134     libucrt:log_special.obj
 0004:00001140       $pdata$_log_special_common 0000000180029140     libucrt:log_special.obj
 0004:0000114c       $pdata$_raise_exc          000000018002914c     libucrt:fpexcept.obj
 0004:00001158       $pdata$_raise_exc_ex       0000000180029158     libucrt:fpexcept.obj
 0004:00001164       $pdata$_set_errno_from_matherr 0000000180029164     libucrt:fpexcept.obj
 0004:00001170       $pdata$_clrfp              0000000180029170     libucrt:fpctrl.obj
 0004:0000117c       $pdata$_ctrlfp             000000018002917c     libucrt:fpctrl.obj
 0004:00001188       $pdata$_set_statfp         0000000180029188     libucrt:fpctrl.obj
 0004:00001194       $pdata$_statfp             0000000180029194     libucrt:fpctrl.obj
 0004:000011a0       $pdata$?DloadAcquireSectionWriteAccess@@YAXXZ 00000001800291a0     DelayImp:delayhlp.obj
 0004:000011ac       $pdata$?DloadGetSRWLockFunctionPointers@@YAEXZ 00000001800291ac     DelayImp:delayhlp.obj
 0004:000011b8       $pdata$?DloadMakePermanentImageCommit@@YAXPEAX_K@Z 00000001800291b8     DelayImp:delayhlp.obj
 0004:000011c4       $pdata$?DloadObtainSection@@YAPEAXPEAK0@Z 00000001800291c4     DelayImp:delayhlp.obj
 0004:000011d0       $pdata$?DloadProtectSection@@YAXKPEAK@Z 00000001800291d0     DelayImp:delayhlp.obj
 0004:000011dc       $pdata$?DloadReleaseSectionWriteAccess@@YAXXZ 00000001800291dc     DelayImp:delayhlp.obj
 0004:000011e8       $pdata$__delayLoadHelper2  00000001800291e8     DelayImp:delayhlp.obj
 0004:000011f4       $pdata$_IsNonwritableInCurrentImage 00000001800291f4     LIBCMT:pesect.obj
 0004:00001200       $pdata$__GSHandlerCheck    0000000180029200     LIBCMT:_gshandler_.obj
 0004:0000120c       $pdata$__GSHandlerCheckCommon 000000018002920c     LIBCMT:_gshandler_.obj
 0004:00001230       $pdata$strrchr             0000000180029230     libvcruntime:strrchr.obj
 0004:00001254       $pdata$sqrt                0000000180029254     libucrt:sqrt.obj
 0004:0000126c       $pdata$?fin$0@?0??dllmain_crt_process_attach@@YAHQEAUHINSTANCE__@@QEAX@Z@4HA 000000018002926c     LIBCMT:dll_dllmain.obj
 0004:00001278       $pdata$?fin$0@?0??dllmain_crt_process_detach@@YAH_N@Z@4HA 0000000180029278     LIBCMT:dll_dllmain.obj
 0004:00001284       $pdata$?filt$0@?0??dllmain_dispatch@@YAHQEAUHINSTANCE__@@KQEAX@Z@4HA 0000000180029284     LIBCMT:dll_dllmain.obj
 0004:00001290       $pdata$__scrt_is_nonwritable_in_current_image$filt$0 0000000180029290     LIBCMT:utility.obj
 0004:0000129c       $pdata$?fin$0@?0???$?RV<lambda_aa279a7bcb127014629d5b1d62c7325d>@@AEAV<lambda_0a64b6a4deda75c01876f29c44fc5eb3>@@V<lambda_3323e69fbefe9d1a11713e670d47cdfa>@@@?$__crt_seh_guarded_call@H@@QEAAH$$QEAV<lambda_aa279a7bcb127014629d5b1d62c7325d>@@AEAV<lambda_0a64b6a4deda75c01876f29c44fc5eb3>@@$$QEAV<lambda_3323e69fbefe9d1a11713e670d47cdfa>@@@Z@4HA 000000018002929c     libucrt:output.obj
 0004:000012a8       $pdata$?filt$0@?0??common_exit@@YAXHW4_crt_exit_cleanup_mode@@W4_crt_exit_return_mode@@@Z@4HA 00000001800292a8     libucrt:exit.obj
 0004:000012b4       $pdata$?fin$1@?0??common_exit@@YAXHW4_crt_exit_cleanup_mode@@W4_crt_exit_return_mode@@@Z@4HA 00000001800292b4     libucrt:exit.obj
 0004:000012c0       $pdata$?fin$0@?0???$?RV<lambda_c36588078e9f5dfd39652860aa6b3aaf>@@AEAV<lambda_ec61778202f4f5fc7e7711acc23c3bca>@@V<lambda_dc9d2797ccde5d239b4a0efae8ebd7db>@@@?$__crt_seh_guarded_call@P6AXH@Z@@QEAAP6AXH@Z$$QEAV<lambda_c36588078e9f5dfd39652860aa6b3aaf>@@AEAV<lambda_ec61778202f4f5fc7e7711acc23c3bca>@@$$QEAV<lambda_dc9d2797ccde5d239b4a0efae8ebd7db>@@@Z@4HA 00000001800292c0     libucrt:signal.obj
 0004:000012c0       $pdata$?fin$0@?0???$?RV<lambda_46352004c1216016012b18bd6f87e700>@@AEAV<lambda_3bd07e1a1191394380780325891bf33f>@@V<lambda_334532d3f185bcaa59b5be82d7d22bff>@@@?$__crt_seh_guarded_call@X@@QEAAX$$QEAV<lambda_46352004c1216016012b18bd6f87e700>@@AEAV<lambda_3bd07e1a1191394380780325891bf33f>@@$$QEAV<lambda_334532d3f185bcaa59b5be82d7d22bff>@@@Z@4HA 00000001800292c0     libucrt:per_thread_data.obj
 0004:000012c0       $pdata$?fin$0@?0???$?RV<lambda_72d1df2b273a38828b1ce30cbf4cdab5>@@AEAV<lambda_876a65b173b8412d3a47c70a915b0cf4>@@V<lambda_41932305e351933ebe8f8be3ed8bb5dc>@@@?$__crt_seh_guarded_call@X@@QEAAX$$QEAV<lambda_72d1df2b273a38828b1ce30cbf4cdab5>@@AEAV<lambda_876a65b173b8412d3a47c70a915b0cf4>@@$$QEAV<lambda_41932305e351933ebe8f8be3ed8bb5dc>@@@Z@4HA 00000001800292c0     libucrt:per_thread_data.obj
 0004:000012c0       $pdata$?fin$0@?0???$?RV<lambda_5e887d1dcbef67a5eb4283622ba103bf>@@AEAV<lambda_4466841279450cc726390878d4a41900>@@V<lambda_341c25c0346d94847f1f3c463c57e077>@@@?$__crt_seh_guarded_call@X@@QEAAX$$QEAV<lambda_5e887d1dcbef67a5eb4283622ba103bf>@@AEAV<lambda_4466841279450cc726390878d4a41900>@@$$QEAV<lambda_341c25c0346d94847f1f3c463c57e077>@@@Z@4HA 00000001800292c0     libucrt:per_thread_data.obj
 0004:000012c0       $pdata$?fin$0@?0???$?RV<lambda_b8c45f8f788dd370798f47cfe8ac3a86>@@AEAV<lambda_4e60a939b0d047cfe11ddc22648dfba9>@@V<lambda_332c3edc96d0294ec56c57d38c1cdfd5>@@@?$__crt_seh_guarded_call@H@@QEAAH$$QEAV<lambda_b8c45f8f788dd370798f47cfe8ac3a86>@@AEAV<lambda_4e60a939b0d047cfe11ddc22648dfba9>@@$$QEAV<lambda_332c3edc96d0294ec56c57d38c1cdfd5>@@@Z@4HA 00000001800292c0     libucrt:onexit.obj
 0004:000012c0       $pdata$?fin$0@?0???$?RV<lambda_99476a1ad63dd22509b5d3e65b0ffc95>@@AEAV<lambda_ad1ced32f4ac17aa236e5ef05d6b3b7c>@@V<lambda_f7424dd8d45958661754dc4f2697e9c3>@@@?$__crt_seh_guarded_call@X@@QEAAX$$QEAV<lambda_99476a1ad63dd22509b5d3e65b0ffc95>@@AEAV<lambda_ad1ced32f4ac17aa236e5ef05d6b3b7c>@@$$QEAV<lambda_f7424dd8d45958661754dc4f2697e9c3>@@@Z@4HA 00000001800292c0     libucrt:mbctype.obj
 0004:000012c0       $pdata$?fin$0@?0???$?RV<lambda_fb3a7dec4e47f37f22dae91bb15c9095>@@AEAV<lambda_698284760c8add0bfb0756c19673e34b>@@V<lambda_dfb8eca1e75fef3034a8fb18dd509707>@@@?$__crt_seh_guarded_call@X@@QEAAX$$QEAV<lambda_fb3a7dec4e47f37f22dae91bb15c9095>@@AEAV<lambda_698284760c8add0bfb0756c19673e34b>@@$$QEAV<lambda_dfb8eca1e75fef3034a8fb18dd509707>@@@Z@4HA 00000001800292c0     libucrt:per_thread_data.obj
 0004:000012cc       $pdata$?fin$0@?0???$?RV<lambda_e24bbb7b643b32fcea6fa61b31d4c984>@@AEAV<lambda_275893d493268fdec8709772e3fcec0e>@@V<lambda_9d71df4d7cf3f480f8d633942495c3b0>@@@?$__crt_seh_guarded_call@H@@QEAAH$$QEAV<lambda_e24bbb7b643b32fcea6fa61b31d4c984>@@AEAV<lambda_275893d493268fdec8709772e3fcec0e>@@$$QEAV<lambda_9d71df4d7cf3f480f8d633942495c3b0>@@@Z@4HA 00000001800292cc     libucrt:onexit.obj
 0004:000012d8       $pdata$_fcloseall$fin$0    00000001800292d8     libucrt:closeall.obj
 0004:000012e4       $pdata$common_flush_all$fin$0 00000001800292e4     libucrt:fflush.obj
 0004:000012f0       $pdata$common_flush_all$fin$1 00000001800292f0     libucrt:fflush.obj
 0004:000012fc       $pdata$__acrt_update_thread_multibyte_data$fin$0 00000001800292fc     libucrt:mbctype.obj
 0004:00001308       $pdata$_query_new_handler$fin$0 0000000180029308     libucrt:new_handler.obj
 0004:00001314       $pdata$raise$fin$0         0000000180029314     libucrt:signal.obj
 0004:00001320       $pdata$fclose$fin$0        0000000180029320     libucrt:fclose.obj
 0004:0000132c       $pdata$_write$fin$0        000000018002932c     libucrt:write.obj
 0004:0000132c       $pdata$?fin$0@?0???$common_lseek@_J@@YA_JH_JH@Z@4HA 000000018002932c     libucrt:lseek.obj
 0004:00001338       $pdata$__acrt_initialize_lowio$fin$0 0000000180029338     libucrt:ioinit.obj
 0004:00001338       $pdata$__acrt_lowio_ensure_fh_exists$fin$0 0000000180029338     libucrt:osfinfo.obj
 0004:00001344       $pdata$__acrt_uninitialize_locale$fin$0 0000000180029344     libucrt:wsetlocale.obj
 0004:00001344       $pdata$__acrt_update_thread_locale_data$fin$0 0000000180029344     libucrt:locale_refcounting.obj
 0004:00001350       $pdata$?fin$0@?0???$?RV<lambda_b521505b218e5242e90febf6bfebc422>@@AEAV<lambda_6978c1fb23f02e42e1d9e99668cc68aa>@@V<lambda_314360699dd331753a4119843814e9a7>@@@?$__crt_seh_guarded_call@H@@QEAAH$$QEAV<lambda_b521505b218e5242e90febf6bfebc422>@@AEAV<lambda_6978c1fb23f02e42e1d9e99668cc68aa>@@$$QEAV<lambda_314360699dd331753a4119843814e9a7>@@@Z@4HA 0000000180029350     libucrt:commit.obj
 0004:00001350       $pdata$?fin$0@?0???$?RV<lambda_bfedae4ebbf01fab1bb6dcc6a9e276e0>@@AEAV<lambda_2fe9b910cf3cbf4a0ab98a02ba45b3ec>@@V<lambda_237c231691f317818eb88cc1d5d642d6>@@@?$__crt_seh_guarded_call@H@@QEAAH$$QEAV<lambda_bfedae4ebbf01fab1bb6dcc6a9e276e0>@@AEAV<lambda_2fe9b910cf3cbf4a0ab98a02ba45b3ec>@@$$QEAV<lambda_237c231691f317818eb88cc1d5d642d6>@@@Z@4HA 0000000180029350     libucrt:close.obj
 0004:0000135c       $pdata$_ctrlfp$filt$0      000000018002935c     libucrt:fpctrl.obj
 0004:0000135c       $pdata$common_control87$filt$0 000000018002935c     libucrt:ieee.obj
 0004:00001368       $pdata$_IsNonwritableInCurrentImage$filt$0 0000000180029368     LIBCMT:pesect.obj
 0005:00000000       __guard_fids__             000000018002a000     libucrt:initialization.obj
 0005:00000060       __guard_fids__             000000018002a060     libucrt:stdio_initializer.obj
 0005:00000064       __guard_fids__             000000018002a064     libucrt:stdio_initializer.obj
 0005:00000068       __guard_fids___acrt_initialize_ptd 000000018002a068     libucrt:per_thread_data.obj
 0005:0000006c       __guard_fids_??$expand_argument_wildcards@D@@YAHQEAD0AEAV?$argument_list@D@?A0xca0879c4@@@Z 000000018002a06c     libucrt:argv_wildcards.obj
 0005:00000070       __guard_fids__             000000018002a070     libucrt:locale_initializer.obj
 0005:00000074       __guard_fids__             000000018002a074     libucrt:multibyte_initializer.obj
 0005:00000078       __guard_fids__             000000018002a078     libucrt:console_output_initializer.obj
 0005:0000007c       __guard_fids__             000000018002a07c     libucrt:fma3_initializer.obj
 0005:00000080       __guard_fids__             000000018002a080     LIBCMT:std_type_info_static.obj
 0005:00000084       __guard_fids_?dllmain_crt_process_attach@@YAHQEAUHINSTANCE__@@QEAX@Z 000000018002a084     LIBCMT:dll_dllmain.obj
 0005:0000008c       __guard_fids_?dllmain_dispatch@@YAHQEAUHINSTANCE__@@KQEAX@Z 000000018002a08c     LIBCMT:dll_dllmain.obj
 0005:00000090       __guard_fids__             000000018002a090     LIBCMT:guard_support.obj
 0005:00000094       __guard_fids__             000000018002a094     libcpmt:xthrow.obj
 0005:0000009c       __guard_fids__             000000018002a09c     libcpmt:xthrow.obj
 0005:000000a4       __guard_fids___vcrt_initialize_ptd 000000018002a0a4     libvcruntime:per_thread_data.obj
 0006:00000060       $R000000                   000000018002b060     * linker generated manifest res *

 Exports

  ordinal    name

        1    _register_addon_
